name, driver_version, memory.total [MiB]
NVIDIA H200, 610.43.02, 143771 MiB
/scratch/se2161/script-doctor/.venv/lib/python3.13/site-packages/pydantic/_internal/_generate_schema.py:2249: UnsupportedFieldAttributeWarning: The 'repr' attribute with value False was provided to the `Field()` function, which has no effect in the context it was used. 'repr' is field-specific metadata, and can only be attached to a model field using `Annotated` metadata or by assignment. This may have happened because an `Annotated` type alias using the `type` statement was used, or if the `Field()` function was attached to a single member of a union type.
  warnings.warn(
/scratch/se2161/script-doctor/.venv/lib/python3.13/site-packages/pydantic/_internal/_generate_schema.py:2249: UnsupportedFieldAttributeWarning: The 'frozen' attribute with value True was provided to the `Field()` function, which has no effect in the context it was used. 'frozen' is field-specific metadata, and can only be attached to a model field using `Annotated` metadata or by assignment. This may have happened because an `Annotated` type alias using the `type` statement was used, or if the `Field()` function was attached to a single member of a union type.
  warnings.warn(
Writing pretty tree to /scratch/se2161/puzzlejax-perf-20261002/complex-20261007/data/pretty_trees/IceCrates
Parsed IceCrates successfully
Writing pretty tree to /scratch/se2161/puzzlejax-perf-20261002/complex-20261007/data/pretty_trees/IceCrates
Parsed IceCrates successfully
{"game": "IceCrates", "level": 0, "passed": true, "message": "all steps match", "actions": [0, 1, 2, 3, 4, 0, 1, 2, 3, 4, 0, 1, 2, 3, 4, 0, 1, 2, 3, 4, 0, 1, 2, 3, 4, 0, 1, 2, 3, 4, 0, 1, 2, 3, 4, 0, 1, 2, 3, 4, 0, 3, 3, 2, 2, 4, 0, 3, 1, 0, 2, 4, 3, 3, 3, 3, 2, 0, 4, 2, 2, 1, 0, 4, 3, 3, 2, 4, 2, 2, 2, 1, 0, 2, 4, 0, 4, 4, 1, 3, 0, 3, 3, 1, 0, 4, 2, 4, 3, 3, 3, 0, 1, 2, 2, 0, 2, 0, 3, 3, 4, 3, 1, 4, 2, 1, 4, 1, 0, 2, 3, 0, 2, 0, 3, 2, 1, 1, 2, 3, 4, 2, 0, 4, 3, 3, 0, 1], "comparison": "Original JS versus JAX: board, heuristic and winning flag after every replayed step", "source_hashes": {"puzzlejax/validate_actions.py": "18c597d30a390a68f4f894556b38629ae6c41abd53510572074b2b5b6e17cdc4", "puzzlescript_jax/env.py": "ab92c0a647c6efe9809c98cfecc7110a89b23b6dfdea2e7205603429041654fe", "puzzlescript_nodejs/puzzlescript/engine.js": "b301f87a3647406a7db23c5398629eb7061c75bb31b5bc002271e89cea5c53af", "scripts/benchmarks/validate_complex_game.py": "8dd84e4547f91e7ca54b172a31c0bc4f975efa78f5a00ff1d1d7ebf9d81cbc9e"}}
Writing pretty tree to /scratch/se2161/puzzlejax-perf-20261002/complex-20261007/data/pretty_trees/IceCrates
Parsed IceCrates successfully
Compiling batch=16, steps=312
Compiled in 79.47s; warming up
{"batch": 16, "steps": 312, "compile_s": 79.4741656051483, "host": "gh108.hpc.nyu.edu", "argument_bytes": 25832, "output_bytes": 25920, "temporary_bytes": 758928, "samples_s": [8.767777158878744, 8.801506181014702, 8.78011993994005, 8.75681020016782, 8.76697613694705], "fps_samples": [569.3575360711375, 567.1756512275136, 568.5571534497836, 570.070594873043, 569.4095571860856], "median_fps": 569.3575360711375, "q25_fps": 568.5571534497836, "q75_fps": 569.4095571860856}
Compiling batch=256, steps=100
Compiled in 85.57s; warming up
{"batch": 256, "steps": 100, "compile_s": 85.57089150394313, "host": "gh108.hpc.nyu.edu", "argument_bytes": 413192, "output_bytes": 413280, "temporary_bytes": 5444496, "samples_s": [3.323920307913795, 3.326491924934089, 3.323817213997245, 3.317926781019196, 3.324195859953761], "fps_samples": [7701.7490278121095, 7695.79502301279, 7701.987910825357, 7715.661522867069, 7701.1106079519905], "median_fps": 7701.7490278121095, "q25_fps": 7701.1106079519905, "q75_fps": 7701.987910825357}
Compiling batch=1024, steps=100
Compiled in 91.56s; warming up
{"batch": 1024, "steps": 100, "compile_s": 91.5643199509941, "host": "gh108.hpc.nyu.edu", "argument_bytes": 1652744, "output_bytes": 1652832, "temporary_bytes": 16245648, "samples_s": [3.985613430850208, 3.9947314539458603, 3.981743583921343, 3.9928897239733487, 3.9824456349015236], "fps_samples": [25692.406395307666, 25633.763165444514, 25717.376782749365, 25645.58680025381, 25712.843159133823], "median_fps": 25692.406395307666, "q25_fps": 25645.58680025381, "q75_fps": 25712.843159133823}
Compiling batch=4096, steps=100
Compiled in 134.51s; warming up
{"batch": 4096, "steps": 100, "compile_s": 134.50888138404116, "host": "gh108.hpc.nyu.edu", "argument_bytes": 6610952, "output_bytes": 6611040, "temporary_bytes": 63585424, "samples_s": [6.113100926857442, 6.133356626844034, 6.1135000789072365, 6.100314599927515, 6.094229320064187], "fps_samples": [67003.63774470886, 66782.3550659507, 66999.2630593397, 67144.07811113003, 67211.12358727025], "median_fps": 67003.63774470886, "q25_fps": 66999.2630593397, "q75_fps": 67144.07811113003}
Compiling batch=8192, steps=100
Compiled in 184.31s; warming up
{"batch": 8192, "steps": 100, "compile_s": 184.31223410903476, "host": "gh108.hpc.nyu.edu", "argument_bytes": 13221896, "output_bytes": 13221984, "temporary_bytes": 126204104, "samples_s": [9.483330718940124, 9.476131440838799, 9.482871713815257, 9.476476534968242, 9.490267018089071], "fps_samples": [86383.15210961613, 86448.77976993182, 86387.33336511732, 86445.63166248007, 86320.01591088544], "median_fps": 86387.33336511732, "q25_fps": 86383.15210961613, "q75_fps": 86445.63166248007}
E1007 02:35:56.705881  775980 slow_operation_alarm.cc:73] Constant folding an instruction is taking > 1s:

  %transpose.5069 = pred[53,16384,7,7]{0,3,2,1} transpose(%constant.45773), dimensions={0,1,2,3}, metadata={op_name="jit(reset)/vmap(jit(reset))/jit(tick_fn)/while/body/vmap(vmap())/scatter" stack_frame_id=32}

This isn't necessarily a bug; constant-folding is inherently a trade-off between compilation time and speed at runtime. XLA has some guards that attempt to keep constant folding from taking too long, but fundamentally you'll always be able to come up with an input program that takes a long time.

If you'd like to file a bug, run with envvar XLA_FLAGS=--xla_dump_to=/tmp/foo and attach the results.
E1007 02:35:57.013270  775820 slow_operation_alarm.cc:140] The operation took 1.307483599s
Constant folding an instruction is taking > 1s:

  %transpose.5069 = pred[53,16384,7,7]{0,3,2,1} transpose(%constant.45773), dimensions={0,1,2,3}, metadata={op_name="jit(reset)/vmap(jit(reset))/jit(tick_fn)/while/body/vmap(vmap())/scatter" stack_frame_id=32}

This isn't necessarily a bug; constant-folding is inherently a trade-off between compilation time and speed at runtime. XLA has some guards that attempt to keep constant folding from taking too long, but fundamentally you'll always be able to come up with an input program that takes a long time.

If you'd like to file a bug, run with envvar XLA_FLAGS=--xla_dump_to=/tmp/foo and attach the results.
Compiling batch=16384, steps=100
Compiled in 304.64s; warming up
{"batch": 16384, "steps": 100, "compile_s": 304.6382695029024, "host": "gh108.hpc.nyu.edu", "argument_bytes": 26443784, "output_bytes": 26443872, "temporary_bytes": 255218888, "samples_s": [15.883827938931063, 15.837315795011818, 15.792802392039448, 15.826318236999214, 15.83986335201189], "fps_samples": [103148.9390529283, 103451.87411846878, 103743.46232723429, 103523.76184182258, 103435.23574601416], "median_fps": 103451.87411846878, "q25_fps": 103435.23574601416, "q75_fps": 103523.76184182258}
Compiling batch=32768, steps=100
Compiled in 276.75s; warming up
{"batch": 32768, "steps": 100, "compile_s": 276.74928523390554, "host": "gh108.hpc.nyu.edu", "argument_bytes": 52887560, "output_bytes": 52887648, "temporary_bytes": 509994184, "samples_s": [28.124949710210785, 28.105386328184977, 28.103610154939815, 28.175763285020366, 28.10460739210248], "fps_samples": [116508.65277139875, 116589.75122195423, 116597.11979829153, 116298.5352642464, 116592.98257697048], "median_fps": 116589.75122195423, "q25_fps": 116508.65277139875, "q75_fps": 116592.98257697048}
Compiling batch=65536, steps=100
Compiled in 95.29s; warming up
{"batch": 65536, "steps": 100, "compile_s": 95.28781012888066, "host": "gh108.hpc.nyu.edu", "argument_bytes": 105775112, "output_bytes": 105775200, "temporary_bytes": 1006660808, "samples_s": [53.050990261137486, 53.06131332181394, 53.052185635082424, 53.096708371071145, 53.048108871793374], "fps_samples": [123533.98056738709, 123509.94707297909, 123531.19709485119, 123427.61351983581, 123540.69050489123], "median_fps": 123531.19709485119, "q25_fps": 123509.94707297909, "q75_fps": 123533.98056738709}
Compiling batch=131072, steps=100
Compiled in 121.08s; warming up
{"batch": 131072, "steps": 100, "compile_s": 121.08069676416926, "host": "gh108.hpc.nyu.edu", "argument_bytes": 211550216, "output_bytes": 211550304, "temporary_bytes": 2038522056, "samples_s": [101.49231276591308, 101.5481470648665, 101.45450553810224, 101.48383950511925, 101.47583557898179], "fps_samples": [129144.75631500385, 129073.74855030529, 129192.88237107875, 129155.53908796307, 129165.7262560628], "median_fps": 129155.53908796307, "q25_fps": 129144.75631500385, "q75_fps": 129165.7262560628}
Compiling batch=262144, steps=100
Compiled in 148.60s; warming up
{"batch": 262144, "steps": 100, "compile_s": 148.60302554490045, "host": "gh108.hpc.nyu.edu", "argument_bytes": 423100424, "output_bytes": 423100512, "temporary_bytes": 4076560584, "samples_s": [203.58743187505752, 203.45562725211494, 203.5986061899457, 203.58404037891887, 203.8134136868175], "fps_samples": [128762.3688680738, 128845.78497067596, 128755.30186853776, 128764.5139138053, 128619.60126079536], "median_fps": 128762.3688680738, "q25_fps": 128755.30186853776, "q75_fps": 128764.5139138053}
Stopped: max_batch
