name, driver_version, memory.total [MiB]
NVIDIA H200, 610.43.02, 143771 MiB
/scratch/se2161/script-doctor/.venv/lib/python3.13/site-packages/pydantic/_internal/_generate_schema.py:2249: UnsupportedFieldAttributeWarning: The 'repr' attribute with value False was provided to the `Field()` function, which has no effect in the context it was used. 'repr' is field-specific metadata, and can only be attached to a model field using `Annotated` metadata or by assignment. This may have happened because an `Annotated` type alias using the `type` statement was used, or if the `Field()` function was attached to a single member of a union type.
  warnings.warn(
/scratch/se2161/script-doctor/.venv/lib/python3.13/site-packages/pydantic/_internal/_generate_schema.py:2249: UnsupportedFieldAttributeWarning: The 'frozen' attribute with value True was provided to the `Field()` function, which has no effect in the context it was used. 'frozen' is field-specific metadata, and can only be attached to a model field using `Annotated` metadata or by assignment. This may have happened because an `Annotated` type alias using the `type` statement was used, or if the `Field()` function was attached to a single member of a union type.
  warnings.warn(
Writing pretty tree to /scratch/se2161/puzzlejax-perf-20261002/complex-20261007/data/pretty_trees/Beam_Islands
Parsed Beam_Islands successfully
Writing pretty tree to /scratch/se2161/puzzlejax-perf-20261002/complex-20261007/data/pretty_trees/Beam_Islands
Parsed Beam_Islands successfully
{"game": "Beam_Islands", "level": 0, "passed": true, "message": "all steps match", "actions": [0, 1, 2, 3, 4, 0, 1, 2, 3, 4, 0, 1, 2, 3, 4, 0, 1, 2, 3, 4, 0, 1, 2, 3, 4, 0, 1, 2, 3, 4, 0, 1, 2, 3, 4, 0, 1, 2, 3, 4, 0, 3, 3, 2, 2, 4, 0, 3, 1, 0, 2, 4, 3, 3, 3, 3, 2, 0, 4, 2, 2, 1, 0, 4, 3, 3, 2, 4, 2, 2, 2, 1, 0, 2, 4, 0, 4, 4, 1, 3, 0, 3, 3, 1, 0, 4, 2, 4, 3, 3, 3, 0, 1, 2, 2, 0, 2, 0, 3, 3, 4, 3, 1, 4, 2, 1, 4, 1, 0, 2, 3, 0, 2, 0, 3, 2, 1, 1, 2, 3, 4, 2, 0, 4, 3, 3, 0, 1], "comparison": "Original JS versus JAX: board, heuristic and winning flag after every replayed step", "source_hashes": {"puzzlejax/validate_actions.py": "18c597d30a390a68f4f894556b38629ae6c41abd53510572074b2b5b6e17cdc4", "puzzlescript_jax/env.py": "ab92c0a647c6efe9809c98cfecc7110a89b23b6dfdea2e7205603429041654fe", "puzzlescript_nodejs/puzzlescript/engine.js": "b301f87a3647406a7db23c5398629eb7061c75bb31b5bc002271e89cea5c53af", "scripts/benchmarks/validate_complex_game.py": "8dd84e4547f91e7ca54b172a31c0bc4f975efa78f5a00ff1d1d7ebf9d81cbc9e"}}
Writing pretty tree to /scratch/se2161/puzzlejax-perf-20261002/complex-20261007/data/pretty_trees/Beam_Islands
Parsed Beam_Islands successfully
Compiling batch=16, steps=312
Compiled in 249.58s; warming up
{"batch": 16, "steps": 312, "compile_s": 249.58473491319455, "host": "gh101.hpc.nyu.edu", "argument_bytes": 68328, "output_bytes": 68416, "temporary_bytes": 3575688, "samples_s": [18.834798231953755, 18.927417852915823, 18.878027544124052, 18.8676745230332, 18.827716094907373], "fps_samples": [265.04133139748393, 263.74437542366445, 264.43440599565196, 264.57950575233247, 265.1410279842845], "median_fps": 264.57950575233247, "q25_fps": 264.43440599565196, "q75_fps": 265.04133139748393}
Compiling batch=256, steps=100
Compiled in 510.96s; warming up
{"batch": 256, "steps": 100, "compile_s": 510.95885065500624, "host": "gh101.hpc.nyu.edu", "argument_bytes": 1093128, "output_bytes": 1093216, "temporary_bytes": 44801928, "samples_s": [7.938564473064616, 7.971643643220887, 7.964847742114216, 7.975517647108063, 7.9811179370153695], "fps_samples": [3224.764387422974, 3211.3828898724455, 3214.122959895358, 3209.8230024332784, 3207.5706939839324], "median_fps": 3211.3828898724455, "q25_fps": 3209.8230024332784, "q75_fps": 3214.122959895358}
Compiling batch=1024, steps=100
Compiled in 1127.25s; warming up
{"batch": 1024, "steps": 100, "compile_s": 1127.253074668115, "host": "gh101.hpc.nyu.edu", "argument_bytes": 4372488, "output_bytes": 4372576, "temporary_bytes": 177196424, "samples_s": [14.242195750121027, 14.196010579820722, 14.222516594920307, 14.245018240064383, 14.215606389101595], "fps_samples": [7189.902582200489, 7213.294145156461, 7199.8509769060865, 7188.477983973237, 7203.350824239551], "median_fps": 7199.8509769060865, "q25_fps": 7189.902582200489, "q75_fps": 7203.350824239551}
Compiling batch=4096, steps=100
Compiled in 521.94s; warming up
{"batch": 4096, "steps": 100, "compile_s": 521.9365738569759, "host": "gh101.hpc.nyu.edu", "argument_bytes": 17489928, "output_bytes": 17490016, "temporary_bytes": 706364616, "samples_s": [36.84739820007235, 36.849523244192824, 36.80042520491406, 36.864439776865765, 36.78806925797835], "fps_samples": [11116.11728393881, 11115.476237933404, 11130.30617769343, 11110.978560348121, 11134.044494905605], "median_fps": 11116.11728393881, "q25_fps": 11115.476237933404, "q75_fps": 11130.30617769343}
Compiling batch=8192, steps=100
Compiled in 728.74s; warming up
{"batch": 8192, "steps": 100, "compile_s": 728.73546454194, "host": "gh101.hpc.nyu.edu", "argument_bytes": 34979848, "output_bytes": 34979936, "temporary_bytes": 1411923144, "samples_s": [66.60340737202205, 66.60699708294123, 66.6171084837988, 66.58067764597945, 66.59063188103028], "fps_samples": [12299.6710277036, 12299.008150448595, 12297.141359703843, 12303.869965935504, 12302.030734046333], "median_fps": 12299.6710277036, "q25_fps": 12299.008150448595, "q75_fps": 12302.030734046333}
Compiling batch=16384, steps=100
[2026-10-07T03:33:12.999] error: *** JOB 19323540 ON gh101 CANCELLED AT 2026-10-07T03:33:12 DUE TO TIME LIMIT ***
