name, driver_version, memory.total [MiB]
NVIDIA H200, 610.43.02, 143771 MiB
/scratch/se2161/script-doctor/.venv/lib/python3.13/site-packages/pydantic/_internal/_generate_schema.py:2249: UnsupportedFieldAttributeWarning: The 'repr' attribute with value False was provided to the `Field()` function, which has no effect in the context it was used. 'repr' is field-specific metadata, and can only be attached to a model field using `Annotated` metadata or by assignment. This may have happened because an `Annotated` type alias using the `type` statement was used, or if the `Field()` function was attached to a single member of a union type.
  warnings.warn(
/scratch/se2161/script-doctor/.venv/lib/python3.13/site-packages/pydantic/_internal/_generate_schema.py:2249: UnsupportedFieldAttributeWarning: The 'frozen' attribute with value True was provided to the `Field()` function, which has no effect in the context it was used. 'frozen' is field-specific metadata, and can only be attached to a model field using `Annotated` metadata or by assignment. This may have happened because an `Annotated` type alias using the `type` statement was used, or if the `Field()` function was attached to a single member of a union type.
  warnings.warn(
Writing pretty tree to /scratch/se2161/puzzlejax-perf-20261002/complex-20261007/data/pretty_trees/Heroes_of_Sokoban_III__The_Bard_and_The_Druid
Parsed Heroes_of_Sokoban_III__The_Bard_and_The_Druid successfully
Writing pretty tree to /scratch/se2161/puzzlejax-perf-20261002/complex-20261007/data/pretty_trees/Heroes_of_Sokoban_III__The_Bard_and_The_Druid
Parsed Heroes_of_Sokoban_III__The_Bard_and_The_Druid successfully
E1007 02:19:17.559053 1116039 slow_operation_alarm.cc:73] 
********************************
[Compiling module jit_reset for GPU] Very slow compile? If you want to file a bug, run with envvar XLA_FLAGS=--xla_dump_to=/tmp/foo and attach the results.
********************************
E1007 02:20:22.722700 1113388 slow_operation_alarm.cc:140] The operation took 3m5.16374912s

********************************
[Compiling module jit_reset for GPU] Very slow compile? If you want to file a bug, run with envvar XLA_FLAGS=--xla_dump_to=/tmp/foo and attach the results.
********************************
{"game": "Heroes_of_Sokoban_III__The_Bard_and_The_Druid", "level": 0, "passed": true, "message": "all steps match", "actions": [0, 1, 2, 3, 4, 0, 1, 2, 3, 4, 0, 1, 2, 3, 4, 0, 1, 2, 3, 4, 0, 1, 2, 3, 4, 0, 1, 2, 3, 4, 0, 1, 2, 3, 4, 0, 1, 2, 3, 4, 0, 3, 3, 2, 2, 4, 0, 3, 1, 0, 2, 4, 3, 3, 3, 3, 2, 0, 4, 2, 2, 1, 0, 4, 3, 3, 2, 4, 2, 2, 2, 1, 0, 2, 4, 0, 4, 4, 1, 3, 0, 3, 3, 1, 0, 4, 2, 4, 3, 3, 3, 0, 1, 2, 2, 0, 2, 0, 3, 3, 4, 3, 1, 4, 2, 1, 4, 1, 0, 2, 3, 0, 2, 0, 3, 2, 1, 1, 2, 3, 4, 2, 0, 4, 3, 3, 0, 1], "comparison": "Original JS versus JAX: board, heuristic and winning flag after every replayed step", "source_hashes": {"puzzlejax/validate_actions.py": "18c597d30a390a68f4f894556b38629ae6c41abd53510572074b2b5b6e17cdc4", "puzzlescript_jax/env.py": "ab92c0a647c6efe9809c98cfecc7110a89b23b6dfdea2e7205603429041654fe", "puzzlescript_nodejs/puzzlescript/engine.js": "b301f87a3647406a7db23c5398629eb7061c75bb31b5bc002271e89cea5c53af", "scripts/benchmarks/validate_complex_game.py": "8dd84e4547f91e7ca54b172a31c0bc4f975efa78f5a00ff1d1d7ebf9d81cbc9e"}}
Writing pretty tree to /scratch/se2161/puzzlejax-perf-20261002/complex-20261007/data/pretty_trees/Heroes_of_Sokoban_III__The_Bard_and_The_Druid
Parsed Heroes_of_Sokoban_III__The_Bard_and_The_Druid successfully
Compiling batch=16, steps=312
Compiled in 408.91s; warming up
{"batch": 16, "steps": 312, "compile_s": 408.91221061209217, "host": "gh101.hpc.nyu.edu", "argument_bytes": 113832, "output_bytes": 113920, "temporary_bytes": 4308952, "samples_s": [11.7706540429499, 11.779189682099968, 11.782023131847382, 11.748463853960857, 11.628762132953852], "fps_samples": [424.10557491407934, 423.79825223342846, 423.69633331531844, 424.90661435001186, 429.280429243071], "median_fps": 424.10557491407934, "q25_fps": 423.79825223342846, "q75_fps": 424.90661435001186}
Compiling batch=256, steps=100
E1007 02:53:06.672224 1144737 slow_operation_alarm.cc:73] 
********************************
[Compiling module jit_rollout for GPU] Very slow compile? If you want to file a bug, run with envvar XLA_FLAGS=--xla_dump_to=/tmp/foo and attach the results.
********************************
E1007 02:53:10.295181 1144692 slow_operation_alarm.cc:140] The operation took 2m3.623057536s

********************************
[Compiling module jit_rollout for GPU] Very slow compile? If you want to file a bug, run with envvar XLA_FLAGS=--xla_dump_to=/tmp/foo and attach the results.
********************************
Compiled in 456.95s; warming up
{"batch": 256, "steps": 100, "compile_s": 456.95302540506236, "host": "gh101.hpc.nyu.edu", "argument_bytes": 1821192, "output_bytes": 1821280, "temporary_bytes": 54459096, "samples_s": [4.2949254349805415, 4.292210945859551, 4.282832273980603, 4.270058427937329, 4.250974069116637], "fps_samples": [5960.522571939828, 5964.292138226535, 5977.352920292285, 5995.234124317638, 6022.149178933887], "median_fps": 5977.352920292285, "q25_fps": 5964.292138226535, "q75_fps": 5995.234124317638}
Compiling batch=1024, steps=100
Compiled in 484.74s; warming up
{"batch": 1024, "steps": 100, "compile_s": 484.7404766520485, "host": "gh101.hpc.nyu.edu", "argument_bytes": 7284744, "output_bytes": 7284832, "temporary_bytes": 211104472, "samples_s": [6.758183056022972, 6.754090104019269, 6.688295528991148, 6.67227673297748, 6.6752755949273705], "fps_samples": [15152.001529277892, 15161.183582532178, 15310.328252711923, 15347.085275089357, 15340.190609930038], "median_fps": 15310.328252711923, "q25_fps": 15161.183582532178, "q75_fps": 15340.190609930038}
Compiling batch=4096, steps=100
Compiled in 476.56s; warming up
{"batch": 4096, "steps": 100, "compile_s": 476.5580780620221, "host": "gh101.hpc.nyu.edu", "argument_bytes": 29138952, "output_bytes": 29139040, "temporary_bytes": 840774616, "samples_s": [19.688157744007185, 19.659214782062918, 19.622663127956912, 19.52986686793156, 19.52877061883919], "fps_samples": [20804.384306839314, 20835.01322614977, 20873.82315687988, 20973.00523192872, 20974.182553246], "median_fps": 20873.82315687988, "q25_fps": 20835.01322614977, "q75_fps": 20973.00523192872}
Compiling batch=8192, steps=100
Compiled in 615.91s; warming up
{"batch": 8192, "steps": 100, "compile_s": 615.9085968281142, "host": "gh101.hpc.nyu.edu", "argument_bytes": 58277896, "output_bytes": 58277984, "temporary_bytes": 1680376792, "samples_s": [36.52638205513358, 36.55573035986163, 36.47116304584779, 36.39710794505663, 36.30942410393618], "fps_samples": [22427.625018089246, 22409.619283642754, 22461.581468355867, 22507.282755449305, 22561.63572451686], "median_fps": 22461.581468355867, "q25_fps": 22427.625018089246, "q75_fps": 22507.282755449305}
Compiling batch=16384, steps=100
Compiled in 877.50s; warming up
[2026-10-07T04:12:09.996] error: *** JOB 19324796 ON gh101 CANCELLED AT 2026-10-07T04:12:09 DUE TO TIME LIMIT ***
