production/baseline: blocks level=0 batch=1
Writing pretty tree to /scratch/se2161/puzzlejax-perf-20261002/round4-production/data/pretty_trees/blocks
Parsed blocks successfully
production/candidate: blocks level=0 batch=1
Writing pretty tree to /scratch/se2161/puzzlejax-perf-20261002/round4-production/data/pretty_trees/blocks
Parsed blocks successfully
{"candidate_name": "production", "game": "blocks", "level": 0, "batch": 1, "steps": 100, "seed": 42, "baseline": {"compile_s": 3.4441350759007037, "temporary_bytes": 25304, "samples_s": [0.03281535394489765, 0.032889608992263675, 0.03289471589960158, 0.032840387895703316, 0.03282334213145077, 0.032908141147345304, 0.03277613501995802], "median_s": 0.032840387895703316, "env_steps_per_s": 3045.0310245295104}, "candidate": {"compile_s": 2.870884590083733, "temporary_bytes": 25304, "samples_s": [0.0370686159003526, 0.03703128197230399, 0.037047321209684014, 0.03705110400915146, 0.037076045060530305, 0.03702948917634785, 0.037012085085734725], "median_s": 0.037047321209684014, "env_steps_per_s": 2699.2504919319354}, "speedup": 0.8864443318271276}
{"candidate_name": "production", "game": "blocks", "level": 0, "batch": 1, "steps": 100, "seed": 1042, "baseline": {"compile_s": 3.4441350759007037, "temporary_bytes": 25304, "samples_s": [0.03256927407346666, 0.03245518007315695, 0.03248365502804518, 0.03244811506010592, 0.03259628405794501, 0.032565432135015726, 0.032517768908292055], "median_s": 0.032517768908292055, "env_steps_per_s": 3075.2417326669643}, "candidate": {"compile_s": 2.870884590083733, "temporary_bytes": 25304, "samples_s": [0.03677836898714304, 0.03683479013852775, 0.036791792837902904, 0.036731937900185585, 0.03688032180070877, 0.03783749509602785, 0.03682484198361635], "median_s": 0.03682484198361635, "env_steps_per_s": 2715.5581562166853}, "speedup": 0.8830389258088183}
production/baseline: blocks level=0 batch=256
Writing pretty tree to /scratch/se2161/puzzlejax-perf-20261002/round4-production/data/pretty_trees/blocks
Parsed blocks successfully
production/candidate: blocks level=0 batch=256
Writing pretty tree to /scratch/se2161/puzzlejax-perf-20261002/round4-production/data/pretty_trees/blocks
Parsed blocks successfully
{"candidate_name": "production", "game": "blocks", "level": 0, "batch": 256, "steps": 100, "seed": 42, "baseline": {"compile_s": 3.820431834086776, "temporary_bytes": 3638744, "samples_s": [0.09479629504494369, 0.09482407011091709, 0.09478538413532078, 0.09480646206066012, 0.09479298209771514, 0.09475812804885209, 0.09487901185639203], "median_s": 0.09479629504494369, "env_steps_per_s": 270052.74824150914}, "candidate": {"compile_s": 3.1239111858885735, "temporary_bytes": 3641048, "samples_s": [0.07867795415222645, 0.07813896192237735, 0.07855334901250899, 0.07846412202343345, 0.07866704510524869, 0.0783171618822962, 0.07873917603865266], "median_s": 0.07855334901250899, "env_steps_per_s": 325893.17097000417}, "speedup": 1.2067759839220622}
{"candidate_name": "production", "game": "blocks", "level": 0, "batch": 256, "steps": 100, "seed": 1042, "baseline": {"compile_s": 3.820431834086776, "temporary_bytes": 3638744, "samples_s": [0.09214803902432323, 0.09199085808359087, 0.09202676988206804, 0.09208887699060142, 0.09205965790897608, 0.09200061485171318, 0.09211045899428427], "median_s": 0.09205965790897608, "env_steps_per_s": 278080.54669627367}, "candidate": {"compile_s": 3.1239111858885735, "temporary_bytes": 3641048, "samples_s": [0.07591632497496903, 0.07553668390028179, 0.07585615199059248, 0.07634991919621825, 0.0761292721144855, 0.07586091384291649, 0.07630484900437295], "median_s": 0.07591632497496903, "env_steps_per_s": 337213.37286072236}, "speedup": 1.212646396401957}
production/baseline: blocks level=0 batch=4096
Writing pretty tree to /scratch/se2161/puzzlejax-perf-20261002/round4-production/data/pretty_trees/blocks
Parsed blocks successfully
production/candidate: blocks level=0 batch=4096
Writing pretty tree to /scratch/se2161/puzzlejax-perf-20261002/round4-production/data/pretty_trees/blocks
Parsed blocks successfully
{"candidate_name": "production", "game": "blocks", "level": 0, "batch": 4096, "steps": 100, "seed": 42, "baseline": {"compile_s": 4.2607452718075365, "temporary_bytes": 79252696, "samples_s": [0.2146614152006805, 0.21465749014168978, 0.21453082002699375, 0.21445983997546136, 0.21437326888553798, 0.21474924311041832, 0.21474360791034997], "median_s": 0.21465749014168978, "env_steps_per_s": 1908156.1036124749}, "candidate": {"compile_s": 3.5342223960906267, "temporary_bytes": 79366360, "samples_s": [0.17667859815992415, 0.176592469913885, 0.17680448899045587, 0.17655141279101372, 0.176631293958053, 0.17671918007545173, 0.17667521093972027], "median_s": 0.17667521093972027, "env_steps_per_s": 2318378.440423944}, "speedup": 1.2149836357910373}
{"candidate_name": "production", "game": "blocks", "level": 0, "batch": 4096, "steps": 100, "seed": 1042, "baseline": {"compile_s": 4.2607452718075365, "temporary_bytes": 79252696, "samples_s": [0.21489081787876785, 0.21483698301017284, 0.21466745482757688, 0.214831227902323, 0.21495818789117038, 0.21458832593634725, 0.214779564877972], "median_s": 0.214831227902323, "env_steps_per_s": 1906612.9444934896}, "candidate": {"compile_s": 3.5342223960906267, "temporary_bytes": 79366360, "samples_s": [0.1771101290360093, 0.17703815805725753, 0.17680721986107528, 0.17713926709257066, 0.17697682813741267, 0.1767627140507102, 0.17690341686829925], "median_s": 0.17697682813741267, "env_steps_per_s": 2314427.2858250593}, "speedup": 1.2138946672471636}
