production/baseline: sokoban_basic level=0 batch=1
Writing pretty tree to /scratch/se2161/puzzlejax-perf-20261002/round4-production/data/pretty_trees/sokoban_basic
Parsed sokoban_basic successfully
production/candidate: sokoban_basic level=0 batch=1
Writing pretty tree to /scratch/se2161/puzzlejax-perf-20261002/round4-production/data/pretty_trees/sokoban_basic
Parsed sokoban_basic successfully
{"candidate_name": "production", "game": "sokoban_basic", "level": 0, "batch": 1, "steps": 100, "seed": 42, "baseline": {"compile_s": 11.088067297125235, "temporary_bytes": 20440, "samples_s": [0.03632743516936898, 0.036942732986062765, 0.036264440044760704, 0.03612743807025254, 0.036175313172861934, 0.03775662695989013, 0.036263567162677646], "median_s": 0.036264440044760704, "env_steps_per_s": 2757.522241528378}, "candidate": {"compile_s": 9.282041139900684, "temporary_bytes": 20952, "samples_s": [0.03825125005096197, 0.03696819394826889, 0.03693461697548628, 0.036777275847271085, 0.03706263704225421, 0.03756537404842675, 0.03702878695912659], "median_s": 0.03702878695912659, "env_steps_per_s": 2700.6015646794694}, "speedup": 0.9793580352710556}
{"candidate_name": "production", "game": "sokoban_basic", "level": 0, "batch": 1, "steps": 100, "seed": 1042, "baseline": {"compile_s": 11.088067297125235, "temporary_bytes": 20440, "samples_s": [0.03790043923072517, 0.037073793122544885, 0.03695573704317212, 0.03696808614768088, 0.0376332129817456, 0.0372095659840852, 0.03781811404041946], "median_s": 0.0372095659840852, "env_steps_per_s": 2687.4809569875315}, "candidate": {"compile_s": 9.282041139900684, "temporary_bytes": 20952, "samples_s": [0.03905389900319278, 0.0376497651450336, 0.03777722595259547, 0.037594588939100504, 0.03759109787642956, 0.03899941616691649, 0.03759456914849579], "median_s": 0.0376497651450336, "env_steps_per_s": 2656.05906477191}, "speedup": 0.9883080502825803}
production/baseline: sokoban_basic level=0 batch=256
Writing pretty tree to /scratch/se2161/puzzlejax-perf-20261002/round4-production/data/pretty_trees/sokoban_basic
Parsed sokoban_basic successfully
production/candidate: sokoban_basic level=0 batch=256
Writing pretty tree to /scratch/se2161/puzzlejax-perf-20261002/round4-production/data/pretty_trees/sokoban_basic
Parsed sokoban_basic successfully
{"candidate_name": "production", "game": "sokoban_basic", "level": 0, "batch": 256, "steps": 100, "seed": 42, "baseline": {"compile_s": 11.823634116211906, "temporary_bytes": 1379544, "samples_s": [0.0962770190089941, 0.09697219613008201, 0.096187167102471, 0.09706692188046873, 0.09618564695119858, 0.09638494602404535, 0.09673784906044602], "median_s": 0.09638494602404535, "env_steps_per_s": 265601.642746301}, "candidate": {"compile_s": 8.773256134940311, "temporary_bytes": 1379032, "samples_s": [0.09633533493615687, 0.09802434709854424, 0.09684609295800328, 0.0974223711527884, 0.09837124519981444, 0.09714252199046314, 0.09759413986466825], "median_s": 0.0974223711527884, "env_steps_per_s": 262773.32092288416}, "speedup": 0.9893512638168491}
{"candidate_name": "production", "game": "sokoban_basic", "level": 0, "batch": 256, "steps": 100, "seed": 1042, "baseline": {"compile_s": 11.823634116211906, "temporary_bytes": 1379544, "samples_s": [0.09683832200244069, 0.09803135599941015, 0.09764561313204467, 0.0983659231569618, 0.09715004614554346, 0.09795208484865725, 0.0971528310328722], "median_s": 0.09764561313204467, "env_steps_per_s": 262172.5562353888}, "candidate": {"compile_s": 8.773256134940311, "temporary_bytes": 1379032, "samples_s": [0.09748452994972467, 0.09908303595148027, 0.09686866798438132, 0.0980907347984612, 0.09798570885322988, 0.0986225949600339, 0.09731222107075155], "median_s": 0.09798570885322988, "env_steps_per_s": 261262.5892041618}, "speedup": 0.9965291293478865}
production/baseline: sokoban_basic level=0 batch=4096
Writing pretty tree to /scratch/se2161/puzzlejax-perf-20261002/round4-production/data/pretty_trees/sokoban_basic
Parsed sokoban_basic successfully
production/candidate: sokoban_basic level=0 batch=4096
Writing pretty tree to /scratch/se2161/puzzlejax-perf-20261002/round4-production/data/pretty_trees/sokoban_basic
Parsed sokoban_basic successfully
{"candidate_name": "production", "game": "sokoban_basic", "level": 0, "batch": 4096, "steps": 100, "seed": 42, "baseline": {"compile_s": 12.599123899126425, "temporary_bytes": 23963352, "samples_s": [0.14078508620150387, 0.14085106179118156, 0.14196266303770244, 0.1415263449307531, 0.14189058193005621, 0.1409896609839052, 0.14140241383574903], "median_s": 0.14140241383574903, "env_steps_per_s": 2896697.3680929192}, "candidate": {"compile_s": 9.4169043621514, "temporary_bytes": 24127192, "samples_s": [0.1386056370101869, 0.13662836700677872, 0.13685574801638722, 0.13861135998740792, 0.13742169295437634, 0.13870682520791888, 0.13800316117703915], "median_s": 0.13800316117703915, "env_steps_per_s": 2968047.9527171073}, "speedup": 1.0246317014024708}
{"candidate_name": "production", "game": "sokoban_basic", "level": 0, "batch": 4096, "steps": 100, "seed": 1042, "baseline": {"compile_s": 12.599123899126425, "temporary_bytes": 23963352, "samples_s": [0.14078280818648636, 0.1419008260127157, 0.14070468884892762, 0.1416020500473678, 0.1405532869976014, 0.14036545995622873, 0.14121017092838883], "median_s": 0.14078280818648636, "env_steps_per_s": 2909446.1552253454}, "candidate": {"compile_s": 9.4169043621514, "temporary_bytes": 24127192, "samples_s": [0.13785576610825956, 0.13714903104119003, 0.13837380101904273, 0.1363658218178898, 0.13657650095410645, 0.1377974960487336, 0.13658133009448647], "median_s": 0.13714903104119003, "env_steps_per_s": 2986532.2189333197}, "speedup": 1.026495098927859}
