name, driver_version, memory.total [MiB]
NVIDIA H200, 610.43.02, 143771 MiB
/scratch/se2161/script-doctor/.venv/lib/python3.13/site-packages/pydantic/_internal/_generate_schema.py:2249: UnsupportedFieldAttributeWarning: The 'repr' attribute with value False was provided to the `Field()` function, which has no effect in the context it was used. 'repr' is field-specific metadata, and can only be attached to a model field using `Annotated` metadata or by assignment. This may have happened because an `Annotated` type alias using the `type` statement was used, or if the `Field()` function was attached to a single member of a union type.
  warnings.warn(
/scratch/se2161/script-doctor/.venv/lib/python3.13/site-packages/pydantic/_internal/_generate_schema.py:2249: UnsupportedFieldAttributeWarning: The 'frozen' attribute with value True was provided to the `Field()` function, which has no effect in the context it was used. 'frozen' is field-specific metadata, and can only be attached to a model field using `Annotated` metadata or by assignment. This may have happened because an `Annotated` type alias using the `type` statement was used, or if the `Field()` function was attached to a single member of a union type.
  warnings.warn(
Writing pretty tree to /scratch/se2161/puzzlejax-perf-20261002/complex-wide-20261007/data/pretty_trees/Vacuum
Parsed Vacuum successfully
Writing pretty tree to /scratch/se2161/puzzlejax-perf-20261002/complex-wide-20261007/data/pretty_trees/Vacuum
Parsed Vacuum successfully
E1007 02:49:12.788658  266564 slow_operation_alarm.cc:73] 
********************************
[Compiling module jit_scan for GPU] Very slow compile? If you want to file a bug, run with envvar XLA_FLAGS=--xla_dump_to=/tmp/foo and attach the results.
********************************
E1007 02:49:14.562369  265344 slow_operation_alarm.cc:140] The operation took 2m1.773840216s

********************************
[Compiling module jit_scan for GPU] Very slow compile? If you want to file a bug, run with envvar XLA_FLAGS=--xla_dump_to=/tmp/foo and attach the results.
********************************
{"game": "Vacuum", "level": 0, "passed": true, "status": "passed", "message": "all steps match", "actions": [0, 1, 2, 3, 4, 0, 1, 2, 3, 4, 0, 1, 2, 3, 4, 0, 1, 2, 3, 4, 0, 1, 2, 3, 4, 0, 1, 2, 3, 4, 0, 1, 2, 3, 4, 0, 1, 2, 3, 4, 0, 3, 3, 2, 2, 4, 0, 3, 1, 0, 2, 4, 3, 3, 3, 3, 2, 0, 4, 2, 2, 1, 0, 4, 3, 3, 2, 4, 2, 2, 2, 1, 0, 2, 4, 0, 4, 4, 1, 3, 0, 3, 3, 1, 0, 4, 2, 4, 3, 3, 3, 0, 1, 2, 2, 0, 2, 0, 3, 3, 4, 3, 1, 4, 2, 1, 4, 1, 0, 2, 3, 0, 2, 0, 3, 2, 1, 1, 2, 3, 4, 2, 0, 4, 3, 3, 0, 1], "comparison": "Original JS versus JAX: board, heuristic and winning flag after every replayed step", "source_hashes": {"puzzlejax/validate_actions.py": "18c597d30a390a68f4f894556b38629ae6c41abd53510572074b2b5b6e17cdc4", "puzzlejax/validate_sols_jax.py": "67c746e254c07c0eccc04764e2a45da61db0dde8f23c66acbdd327b9c2935689", "puzzlescript_jax/env.py": "ab92c0a647c6efe9809c98cfecc7110a89b23b6dfdea2e7205603429041654fe", "PuzzleScript/src/js/compiler.js": "40e2996456a6ca642c89a769ea1a75ae074ccbcb0bcfc0d5fd8d27a88ad26cd7", "PuzzleScript/src/js/engine.js": "2dec5c52816d29f9578f43c939662410a280f54e6b8d464b2d6d734b23e21085", "puzzlescript_nodejs/puzzlescript/engine.js": "b301f87a3647406a7db23c5398629eb7061c75bb31b5bc002271e89cea5c53af", "scripts/benchmarks/validate_complex_game.py": "b28289fa1d48dbfb6a4c251f901158a8b2fc7c69197af4c1193bd4d8f41e8435"}}
Writing pretty tree to /scratch/se2161/puzzlejax-perf-20261002/complex-wide-20261007/data/pretty_trees/Vacuum
Parsed Vacuum successfully
Compiling batch=16, steps=312
E1007 03:09:35.641037  296426 slow_operation_alarm.cc:73] 
********************************
[Compiling module jit_rollout for GPU] Very slow compile? If you want to file a bug, run with envvar XLA_FLAGS=--xla_dump_to=/tmp/foo and attach the results.
********************************
E1007 03:11:15.533021  295671 slow_operation_alarm.cc:140] The operation took 3m39.892076986s

********************************
[Compiling module jit_rollout for GPU] Very slow compile? If you want to file a bug, run with envvar XLA_FLAGS=--xla_dump_to=/tmp/foo and attach the results.
********************************
Compiled in 1165.29s; warming up
{"batch": 16, "steps": 312, "compile_s": 1165.28799862694, "host": "gh109.hpc.nyu.edu", "argument_bytes": 5226216, "output_bytes": 5226304, "temporary_bytes": 91385576, "samples_s": [33.93914130097255, 22.676858657039702, 17.369007823057473, 17.5786317801103, 13.849180188030005], "fps_samples": [147.08680917206797, 220.13631056655663, 287.40847208169754, 283.98114611219626, 360.45454909415065], "median_fps": 283.98114611219626, "q25_fps": 220.13631056655663, "q75_fps": 287.40847208169754}
Compiling batch=256, steps=100
Compiled in 1267.66s; warming up
{"batch": 256, "steps": 100, "compile_s": 1267.6592145280447, "host": "gh109.hpc.nyu.edu", "argument_bytes": 83619336, "output_bytes": 83619424, "temporary_bytes": 1442470328, "samples_s": [316.4945968259126, 331.3784246412106, 307.1860980819911, 296.1052562240511, 232.05534286797047], "fps_samples": [80.88605700299283, 77.25306808286503, 83.33710464061137, 86.45574322608273, 110.31851145338766], "median_fps": 83.33710464061137, "q25_fps": 80.88605700299283, "q75_fps": 86.45574322608273}
Compiling batch=1024, steps=100
Compiled in 1581.44s; warming up
[2026-10-07T04:39:55.031] error: *** JOB 19325515 ON gh109 CANCELLED AT 2026-10-07T04:39:55 DUE TO TIME LIMIT ***
