name, driver_version, memory.total [MiB]
NVIDIA H200, 610.43.02, 143771 MiB
/scratch/se2161/script-doctor/.venv/lib/python3.13/site-packages/pydantic/_internal/_generate_schema.py:2249: UnsupportedFieldAttributeWarning: The 'repr' attribute with value False was provided to the `Field()` function, which has no effect in the context it was used. 'repr' is field-specific metadata, and can only be attached to a model field using `Annotated` metadata or by assignment. This may have happened because an `Annotated` type alias using the `type` statement was used, or if the `Field()` function was attached to a single member of a union type.
  warnings.warn(
/scratch/se2161/script-doctor/.venv/lib/python3.13/site-packages/pydantic/_internal/_generate_schema.py:2249: UnsupportedFieldAttributeWarning: The 'frozen' attribute with value True was provided to the `Field()` function, which has no effect in the context it was used. 'frozen' is field-specific metadata, and can only be attached to a model field using `Annotated` metadata or by assignment. This may have happened because an `Annotated` type alias using the `type` statement was used, or if the `Field()` function was attached to a single member of a union type.
  warnings.warn(
Writing pretty tree to /scratch/se2161/puzzlejax-perf-20261002/complex-prepared-20261007/data/pretty_trees/Symbolism
Parsed Symbolism successfully
Writing pretty tree to /scratch/se2161/puzzlejax-perf-20261002/complex-prepared-20261007/data/pretty_trees/Symbolism
Parsed Symbolism successfully
E1007 04:06:44.584593 3970204 slow_operation_alarm.cc:73] 
********************************
[Compiling module jit_reset for GPU] Very slow compile? If you want to file a bug, run with envvar XLA_FLAGS=--xla_dump_to=/tmp/foo and attach the results.
********************************
E1007 04:07:56.328743 3967878 slow_operation_alarm.cc:140] The operation took 3m11.744246532s

********************************
[Compiling module jit_reset for GPU] Very slow compile? If you want to file a bug, run with envvar XLA_FLAGS=--xla_dump_to=/tmp/foo and attach the results.
********************************
{"game": "Symbolism", "level": 0, "passed": true, "status": "passed", "message": "all 129 states match through the first win or action limit", "actions": [0, 1, 2, 3, 4, 0, 1, 2, 3, 4, 0, 1, 2, 3, 4, 0, 1, 2, 3, 4, 0, 1, 2, 3, 4, 0, 1, 2, 3, 4, 0, 1, 2, 3, 4, 0, 1, 2, 3, 4, 0, 3, 3, 2, 2, 4, 0, 3, 1, 0, 2, 4, 3, 3, 3, 3, 2, 0, 4, 2, 2, 1, 0, 4, 3, 3, 2, 4, 2, 2, 2, 1, 0, 2, 4, 0, 4, 4, 1, 3, 0, 3, 3, 1, 0, 4, 2, 4, 3, 3, 3, 0, 1, 2, 2, 0, 2, 0, 3, 3, 4, 3, 1, 4, 2, 1, 4, 1, 0, 2, 3, 0, 2, 0, 3, 2, 1, 1, 2, 3, 4, 2, 0, 4, 3, 3, 0, 1], "stop_on_win": true, "prepare_params": true, "comparison": "Original JS versus JAX: board, heuristic and winning flag after every replayed step", "source_hashes": {"puzzlejax/validate_actions.py": "0367788d2cb3eb9c75c0f4d56328adccf8ba88576f6b7300d7d0da17d722ae25", "puzzlejax/validate_sols_jax.py": "67c746e254c07c0eccc04764e2a45da61db0dde8f23c66acbdd327b9c2935689", "puzzlescript_jax/env.py": "d06ceb53b0c4c615bc5a541c96ef3631b5640c53767a5942e0ba2d33b513ffeb", "PuzzleScript/src/js/compiler.js": "40e2996456a6ca642c89a769ea1a75ae074ccbcb0bcfc0d5fd8d27a88ad26cd7", "PuzzleScript/src/js/engine.js": "2dec5c52816d29f9578f43c939662410a280f54e6b8d464b2d6d734b23e21085", "puzzlescript_nodejs/puzzlescript/engine.js": "b301f87a3647406a7db23c5398629eb7061c75bb31b5bc002271e89cea5c53af", "scripts/benchmarks/validate_complex_game.py": "b026cb7056de2a04bb698c5872a407d59d21e43e06eaded1eb9d4d40773c4bdd"}}
Writing pretty tree to /scratch/se2161/puzzlejax-perf-20261002/complex-prepared-20261007/data/pretty_trees/Symbolism
Parsed Symbolism successfully
E1007 04:43:24.818845 4071688 slow_operation_alarm.cc:73] 
********************************
[Compiling module jit_reset for GPU] Very slow compile? If you want to file a bug, run with envvar XLA_FLAGS=--xla_dump_to=/tmp/foo and attach the results.
********************************
E1007 04:44:45.187544 4070540 slow_operation_alarm.cc:140] The operation took 3m20.368810904s

********************************
[Compiling module jit_reset for GPU] Very slow compile? If you want to file a bug, run with envvar XLA_FLAGS=--xla_dump_to=/tmp/foo and attach the results.
********************************
Compiling batch=16, steps=312
Compiled in 1545.19s; warming up
{"batch": 16, "steps": 312, "compile_s": 1545.1891057749745, "host": "gh107.hpc.nyu.edu", "argument_bytes": 98184, "output_bytes": 98272, "temporary_bytes": 4038128, "samples_s": [9.159125815844163, 9.162322253920138, 9.19535330706276, 9.250615797936916, 9.118542294949293], "fps_samples": [545.0301808677475, 544.8400374549315, 542.8828924023777, 539.639750373518, 547.4559242616048], "median_fps": 544.8400374549315, "q25_fps": 542.8828924023777, "q75_fps": 545.0301808677475}
[2026-10-07T05:55:57.031] error: *** JOB 19329139 ON gh107 CANCELLED AT 2026-10-07T05:55:57 DUE TO TIME LIMIT ***
