name, driver_version, memory.total [MiB]
NVIDIA H200, 610.43.02, 143771 MiB
/scratch/se2161/script-doctor/.venv/lib/python3.13/site-packages/pydantic/_internal/_generate_schema.py:2249: UnsupportedFieldAttributeWarning: The 'repr' attribute with value False was provided to the `Field()` function, which has no effect in the context it was used. 'repr' is field-specific metadata, and can only be attached to a model field using `Annotated` metadata or by assignment. This may have happened because an `Annotated` type alias using the `type` statement was used, or if the `Field()` function was attached to a single member of a union type.
  warnings.warn(
/scratch/se2161/script-doctor/.venv/lib/python3.13/site-packages/pydantic/_internal/_generate_schema.py:2249: UnsupportedFieldAttributeWarning: The 'frozen' attribute with value True was provided to the `Field()` function, which has no effect in the context it was used. 'frozen' is field-specific metadata, and can only be attached to a model field using `Annotated` metadata or by assignment. This may have happened because an `Annotated` type alias using the `type` statement was used, or if the `Field()` function was attached to a single member of a union type.
  warnings.warn(
Writing pretty tree to /scratch/se2161/puzzlejax-perf-20261002/complex-prepared-20261007/data/pretty_trees/Caramelban
Parsed Caramelban successfully
Writing pretty tree to /scratch/se2161/puzzlejax-perf-20261002/complex-prepared-20261007/data/pretty_trees/Caramelban
Parsed Caramelban successfully
{"game": "Caramelban", "level": 0, "passed": true, "status": "passed", "message": "all 129 states match through the first win or action limit", "actions": [0, 1, 2, 3, 4, 0, 1, 2, 3, 4, 0, 1, 2, 3, 4, 0, 1, 2, 3, 4, 0, 1, 2, 3, 4, 0, 1, 2, 3, 4, 0, 1, 2, 3, 4, 0, 1, 2, 3, 4, 0, 3, 3, 2, 2, 4, 0, 3, 1, 0, 2, 4, 3, 3, 3, 3, 2, 0, 4, 2, 2, 1, 0, 4, 3, 3, 2, 4, 2, 2, 2, 1, 0, 2, 4, 0, 4, 4, 1, 3, 0, 3, 3, 1, 0, 4, 2, 4, 3, 3, 3, 0, 1, 2, 2, 0, 2, 0, 3, 3, 4, 3, 1, 4, 2, 1, 4, 1, 0, 2, 3, 0, 2, 0, 3, 2, 1, 1, 2, 3, 4, 2, 0, 4, 3, 3, 0, 1], "stop_on_win": true, "prepare_params": true, "comparison": "Original JS versus JAX: board, heuristic and winning flag after every replayed step", "source_hashes": {"puzzlejax/validate_actions.py": "0367788d2cb3eb9c75c0f4d56328adccf8ba88576f6b7300d7d0da17d722ae25", "puzzlejax/validate_sols_jax.py": "67c746e254c07c0eccc04764e2a45da61db0dde8f23c66acbdd327b9c2935689", "puzzlescript_jax/env.py": "d06ceb53b0c4c615bc5a541c96ef3631b5640c53767a5942e0ba2d33b513ffeb", "PuzzleScript/src/js/compiler.js": "40e2996456a6ca642c89a769ea1a75ae074ccbcb0bcfc0d5fd8d27a88ad26cd7", "PuzzleScript/src/js/engine.js": "2dec5c52816d29f9578f43c939662410a280f54e6b8d464b2d6d734b23e21085", "puzzlescript_nodejs/puzzlescript/engine.js": "b301f87a3647406a7db23c5398629eb7061c75bb31b5bc002271e89cea5c53af", "scripts/benchmarks/validate_complex_game.py": "b026cb7056de2a04bb698c5872a407d59d21e43e06eaded1eb9d4d40773c4bdd"}}
Writing pretty tree to /scratch/se2161/puzzlejax-perf-20261002/complex-prepared-20261007/data/pretty_trees/Caramelban
Parsed Caramelban successfully
Compiling batch=16, steps=312
Compiled in 135.35s; warming up
{"batch": 16, "steps": 312, "compile_s": 135.34611907508224, "host": "gh114.hpc.nyu.edu", "argument_bytes": 73320, "output_bytes": 73408, "temporary_bytes": 4163328, "samples_s": [2.7441870809998363, 2.8314654818968847, 2.919971685972996, 2.9269253480015323, 2.972520195064135], "fps_samples": [1819.1179583066835, 1763.0446254480587, 1709.6056184313857, 1705.5440117078745, 1679.383039445521], "median_fps": 1709.6056184313857, "q25_fps": 1705.5440117078745, "q75_fps": 1763.0446254480587}
E1007 04:02:36.239832 2702000 slow_operation_alarm.cc:73] Constant folding an instruction is taking > 1s:

  %reduce.2742 = pred[256,9,21,115]{3,2,1,0} reduce(%broadcast.9494, %constant.17677), dimensions={3}, to_apply=%region_5927.6258, metadata={op_name="jit(reset)/vmap(jit(reset))/cond/branch_0_fun/jit(tick_fn)/cond/branch_1_fun/while/body/while/body/vmap(vmap())/reduce_or" stack_frame_id=284}

This isn't necessarily a bug; constant-folding is inherently a trade-off between compilation time and speed at runtime. XLA has some guards that attempt to keep constant folding from taking too long, but fundamentally you'll always be able to come up with an input program that takes a long time.

If you'd like to file a bug, run with envvar XLA_FLAGS=--xla_dump_to=/tmp/foo and attach the results.
E1007 04:02:38.248556 2701421 slow_operation_alarm.cc:140] The operation took 3.008992837s
Constant folding an instruction is taking > 1s:

  %reduce.2742 = pred[256,9,21,115]{3,2,1,0} reduce(%broadcast.9494, %constant.17677), dimensions={3}, to_apply=%region_5927.6258, metadata={op_name="jit(reset)/vmap(jit(reset))/cond/branch_0_fun/jit(tick_fn)/cond/branch_1_fun/while/body/while/body/vmap(vmap())/reduce_or" stack_frame_id=284}

This isn't necessarily a bug; constant-folding is inherently a trade-off between compilation time and speed at runtime. XLA has some guards that attempt to keep constant folding from taking too long, but fundamentally you'll always be able to come up with an input program that takes a long time.

If you'd like to file a bug, run with envvar XLA_FLAGS=--xla_dump_to=/tmp/foo and attach the results.
E1007 04:02:40.249826 2702000 slow_operation_alarm.cc:73] Constant folding an instruction is taking > 2s:

  %reduce.2748 = pred[256,9,21,115]{3,2,1,0} reduce(%broadcast.9494, %constant.17677), dimensions={3}, to_apply=%region_5946.6277, metadata={op_name="jit(reset)/vmap(jit(reset))/cond/branch_0_fun/jit(tick_fn)/cond/branch_1_fun/while/body/while/body/vmap(vmap())/reduce_or" stack_frame_id=284}

This isn't necessarily a bug; constant-folding is inherently a trade-off between compilation time and speed at runtime. XLA has some guards that attempt to keep constant folding from taking too long, but fundamentally you'll always be able to come up with an input program that takes a long time.

If you'd like to file a bug, run with envvar XLA_FLAGS=--xla_dump_to=/tmp/foo and attach the results.
E1007 04:02:41.254989 2701421 slow_operation_alarm.cc:140] The operation took 3.005487658s
Constant folding an instruction is taking > 2s:

  %reduce.2748 = pred[256,9,21,115]{3,2,1,0} reduce(%broadcast.9494, %constant.17677), dimensions={3}, to_apply=%region_5946.6277, metadata={op_name="jit(reset)/vmap(jit(reset))/cond/branch_0_fun/jit(tick_fn)/cond/branch_1_fun/while/body/while/body/vmap(vmap())/reduce_or" stack_frame_id=284}

This isn't necessarily a bug; constant-folding is inherently a trade-off between compilation time and speed at runtime. XLA has some guards that attempt to keep constant folding from taking too long, but fundamentally you'll always be able to come up with an input program that takes a long time.

If you'd like to file a bug, run with envvar XLA_FLAGS=--xla_dump_to=/tmp/foo and attach the results.
Compiling batch=256, steps=100
Compiled in 257.43s; warming up
{"batch": 256, "steps": 100, "compile_s": 257.4329407600453, "host": "gh114.hpc.nyu.edu", "argument_bytes": 1173000, "output_bytes": 1173088, "temporary_bytes": 61905664, "samples_s": [1.5693865179782733, 1.6757093489868566, 1.7781381009845063, 1.8816273499978706, 1.964764061034657], "fps_samples": [16312.10648666628, 15277.112355718433, 14397.081973456383, 13605.244417832771, 13029.554289851414], "median_fps": 14397.081973456383, "q25_fps": 13605.244417832771, "q75_fps": 15277.112355718433}
E1007 04:10:48.845829 2702000 slow_operation_alarm.cc:73] Constant folding an instruction is taking > 4s:

  %reduce.2742 = pred[1024,9,21,115]{3,2,1,0} reduce(%broadcast.9494, %constant.17677), dimensions={3}, to_apply=%region_5927.6258, metadata={op_name="jit(reset)/vmap(jit(reset))/cond/branch_0_fun/jit(tick_fn)/cond/branch_1_fun/while/body/while/body/vmap(vmap())/reduce_or" stack_frame_id=284}

This isn't necessarily a bug; constant-folding is inherently a trade-off between compilation time and speed at runtime. XLA has some guards that attempt to keep constant folding from taking too long, but fundamentally you'll always be able to come up with an input program that takes a long time.

If you'd like to file a bug, run with envvar XLA_FLAGS=--xla_dump_to=/tmp/foo and attach the results.
E1007 04:10:56.874654 2701421 slow_operation_alarm.cc:140] The operation took 12.029631427s
Constant folding an instruction is taking > 4s:

  %reduce.2742 = pred[1024,9,21,115]{3,2,1,0} reduce(%broadcast.9494, %constant.17677), dimensions={3}, to_apply=%region_5927.6258, metadata={op_name="jit(reset)/vmap(jit(reset))/cond/branch_0_fun/jit(tick_fn)/cond/branch_1_fun/while/body/while/body/vmap(vmap())/reduce_or" stack_frame_id=284}

This isn't necessarily a bug; constant-folding is inherently a trade-off between compilation time and speed at runtime. XLA has some guards that attempt to keep constant folding from taking too long, but fundamentally you'll always be able to come up with an input program that takes a long time.

If you'd like to file a bug, run with envvar XLA_FLAGS=--xla_dump_to=/tmp/foo and attach the results.
E1007 04:11:04.876827 2702000 slow_operation_alarm.cc:73] Constant folding an instruction is taking > 8s:

  %reduce.2748 = pred[1024,9,21,115]{3,2,1,0} reduce(%broadcast.9494, %constant.17677), dimensions={3}, to_apply=%region_5946.6277, metadata={op_name="jit(reset)/vmap(jit(reset))/cond/branch_0_fun/jit(tick_fn)/cond/branch_1_fun/while/body/while/body/vmap(vmap())/reduce_or" stack_frame_id=284}

This isn't necessarily a bug; constant-folding is inherently a trade-off between compilation time and speed at runtime. XLA has some guards that attempt to keep constant folding from taking too long, but fundamentally you'll always be able to come up with an input program that takes a long time.

If you'd like to file a bug, run with envvar XLA_FLAGS=--xla_dump_to=/tmp/foo and attach the results.
E1007 04:11:08.908206 2701421 slow_operation_alarm.cc:140] The operation took 12.032179609s
Constant folding an instruction is taking > 8s:

  %reduce.2748 = pred[1024,9,21,115]{3,2,1,0} reduce(%broadcast.9494, %constant.17677), dimensions={3}, to_apply=%region_5946.6277, metadata={op_name="jit(reset)/vmap(jit(reset))/cond/branch_0_fun/jit(tick_fn)/cond/branch_1_fun/while/body/while/body/vmap(vmap())/reduce_or" stack_frame_id=284}

This isn't necessarily a bug; constant-folding is inherently a trade-off between compilation time and speed at runtime. XLA has some guards that attempt to keep constant folding from taking too long, but fundamentally you'll always be able to come up with an input program that takes a long time.

If you'd like to file a bug, run with envvar XLA_FLAGS=--xla_dump_to=/tmp/foo and attach the results.
Compiling batch=1024, steps=100
Compiled in 629.89s; warming up
{"batch": 1024, "steps": 100, "compile_s": 629.8927234860603, "host": "gh114.hpc.nyu.edu", "argument_bytes": 4691976, "output_bytes": 4692064, "temporary_bytes": 246738888, "samples_s": [4.205694688949734, 4.666626770049334, 4.887702893000096, 6.680885609006509, 10.006629746989347], "fps_samples": [24347.93953756349, 21943.044739984096, 20950.53693763828, 15327.30928096635, 10233.215636943964], "median_fps": 20950.53693763828, "q25_fps": 15327.30928096635, "q75_fps": 21943.044739984096}
Compiling batch=4096, steps=100
Compiled in 147.71s; warming up
{"batch": 4096, "steps": 100, "compile_s": 147.70596483594272, "host": "gh114.hpc.nyu.edu", "argument_bytes": 18767880, "output_bytes": 18767968, "temporary_bytes": 991524808, "samples_s": [15.110117247910239, 16.95066243293695, 23.0735517910216, 29.516858122078702, 39.64655913505703], "fps_samples": [27107.665233812037, 24164.247363224185, 17751.926695541686, 13876.815693118026, 10331.287479568831], "median_fps": 17751.926695541686, "q25_fps": 13876.815693118026, "q75_fps": 24164.247363224185}
Compiling batch=8192, steps=100
E1007 04:37:17.722832 2702000 slow_operation_alarm.cc:73] Constant folding an instruction is taking > 16s:

  %reduce_and.9 = pred[8192]{0} reduce(%broadcast.129536, %constant.129107), dimensions={1,2,3}, to_apply=%region_7702.8053, metadata={op_name="jit(rollout)/while/body/closed_call/vmap(jit(step))/jit(step_env)/jit(reset)/reduce_and" stack_frame_id=368}

This isn't necessarily a bug; constant-folding is inherently a trade-off between compilation time and speed at runtime. XLA has some guards that attempt to keep constant folding from taking too long, but fundamentally you'll always be able to come up with an input program that takes a long time.

If you'd like to file a bug, run with envvar XLA_FLAGS=--xla_dump_to=/tmp/foo and attach the results.
E1007 04:37:20.954804 2701421 slow_operation_alarm.cc:140] The operation took 19.232443928s
Constant folding an instruction is taking > 16s:

  %reduce_and.9 = pred[8192]{0} reduce(%broadcast.129536, %constant.129107), dimensions={1,2,3}, to_apply=%region_7702.8053, metadata={op_name="jit(rollout)/while/body/closed_call/vmap(jit(step))/jit(step_env)/jit(reset)/reduce_and" stack_frame_id=368}

This isn't necessarily a bug; constant-folding is inherently a trade-off between compilation time and speed at runtime. XLA has some guards that attempt to keep constant folding from taking too long, but fundamentally you'll always be able to come up with an input program that takes a long time.

If you'd like to file a bug, run with envvar XLA_FLAGS=--xla_dump_to=/tmp/foo and attach the results.
Compiled in 184.23s; warming up
{"batch": 8192, "steps": 100, "compile_s": 184.23346532299183, "host": "gh114.hpc.nyu.edu", "argument_bytes": 37535752, "output_bytes": 37535840, "temporary_bytes": 1982748616, "samples_s": [30.546820861985907, 44.50984630396124, 64.10039263195358, 70.63841490796767, 85.01417313399725], "fps_samples": [26817.8480405945, 18404.9163954784, 12779.952920157852, 11597.089219333518, 9636.04031893361], "median_fps": 12779.952920157852, "q25_fps": 11597.089219333518, "q75_fps": 18404.9163954784}
Stopped: regression
