name, driver_version, memory.total [MiB]
NVIDIA H200, 610.43.02, 143771 MiB
/scratch/se2161/script-doctor/.venv/lib/python3.13/site-packages/pydantic/_internal/_generate_schema.py:2249: UnsupportedFieldAttributeWarning: The 'repr' attribute with value False was provided to the `Field()` function, which has no effect in the context it was used. 'repr' is field-specific metadata, and can only be attached to a model field using `Annotated` metadata or by assignment. This may have happened because an `Annotated` type alias using the `type` statement was used, or if the `Field()` function was attached to a single member of a union type.
  warnings.warn(
/scratch/se2161/script-doctor/.venv/lib/python3.13/site-packages/pydantic/_internal/_generate_schema.py:2249: UnsupportedFieldAttributeWarning: The 'frozen' attribute with value True was provided to the `Field()` function, which has no effect in the context it was used. 'frozen' is field-specific metadata, and can only be attached to a model field using `Annotated` metadata or by assignment. This may have happened because an `Annotated` type alias using the `type` statement was used, or if the `Field()` function was attached to a single member of a union type.
  warnings.warn(
Writing pretty tree to /scratch/se2161/puzzlejax-perf-20261002/complex-prepared-20261007/data/pretty_trees/Transition
Parsed Transition successfully
Writing pretty tree to /scratch/se2161/puzzlejax-perf-20261002/complex-prepared-20261007/data/pretty_trees/Transition
Parsed Transition successfully
E1007 04:20:34.107911 3571346 slow_operation_alarm.cc:73] 
********************************
[Compiling module jit_reset for GPU] Very slow compile? If you want to file a bug, run with envvar XLA_FLAGS=--xla_dump_to=/tmp/foo and attach the results.
********************************
E1007 04:22:20.430377 3568960 slow_operation_alarm.cc:140] The operation took 3m46.322563841s

********************************
[Compiling module jit_reset for GPU] Very slow compile? If you want to file a bug, run with envvar XLA_FLAGS=--xla_dump_to=/tmp/foo and attach the results.
********************************
{"game": "Transition", "level": 0, "passed": true, "status": "passed", "message": "all 129 states match through the first win or action limit", "actions": [0, 1, 2, 3, 4, 0, 1, 2, 3, 4, 0, 1, 2, 3, 4, 0, 1, 2, 3, 4, 0, 1, 2, 3, 4, 0, 1, 2, 3, 4, 0, 1, 2, 3, 4, 0, 1, 2, 3, 4, 0, 3, 3, 2, 2, 4, 0, 3, 1, 0, 2, 4, 3, 3, 3, 3, 2, 0, 4, 2, 2, 1, 0, 4, 3, 3, 2, 4, 2, 2, 2, 1, 0, 2, 4, 0, 4, 4, 1, 3, 0, 3, 3, 1, 0, 4, 2, 4, 3, 3, 3, 0, 1, 2, 2, 0, 2, 0, 3, 3, 4, 3, 1, 4, 2, 1, 4, 1, 0, 2, 3, 0, 2, 0, 3, 2, 1, 1, 2, 3, 4, 2, 0, 4, 3, 3, 0, 1], "stop_on_win": true, "prepare_params": true, "comparison": "Original JS versus JAX: board, heuristic and winning flag after every replayed step", "source_hashes": {"puzzlejax/validate_actions.py": "0367788d2cb3eb9c75c0f4d56328adccf8ba88576f6b7300d7d0da17d722ae25", "puzzlejax/validate_sols_jax.py": "67c746e254c07c0eccc04764e2a45da61db0dde8f23c66acbdd327b9c2935689", "puzzlescript_jax/env.py": "d06ceb53b0c4c615bc5a541c96ef3631b5640c53767a5942e0ba2d33b513ffeb", "PuzzleScript/src/js/compiler.js": "40e2996456a6ca642c89a769ea1a75ae074ccbcb0bcfc0d5fd8d27a88ad26cd7", "PuzzleScript/src/js/engine.js": "2dec5c52816d29f9578f43c939662410a280f54e6b8d464b2d6d734b23e21085", "puzzlescript_nodejs/puzzlescript/engine.js": "b301f87a3647406a7db23c5398629eb7061c75bb31b5bc002271e89cea5c53af", "scripts/benchmarks/validate_complex_game.py": "b026cb7056de2a04bb698c5872a407d59d21e43e06eaded1eb9d4d40773c4bdd"}}
Writing pretty tree to /scratch/se2161/puzzlejax-perf-20261002/complex-prepared-20261007/data/pretty_trees/Transition
Parsed Transition successfully
E1007 04:46:26.879064 3630709 slow_operation_alarm.cc:73] 
********************************
[Compiling module jit_reset for GPU] Very slow compile? If you want to file a bug, run with envvar XLA_FLAGS=--xla_dump_to=/tmp/foo and attach the results.
********************************
E1007 04:48:43.039586 3630482 slow_operation_alarm.cc:140] The operation took 4m16.160618191s

********************************
[Compiling module jit_reset for GPU] Very slow compile? If you want to file a bug, run with envvar XLA_FLAGS=--xla_dump_to=/tmp/foo and attach the results.
********************************
Compiling batch=16, steps=312
Compiled in 423.07s; warming up
{"batch": 16, "steps": 312, "compile_s": 423.0697586820461, "host": "gh105.hpc.nyu.edu", "argument_bytes": 265736, "output_bytes": 265824, "temporary_bytes": 9701400, "samples_s": [47.432999077951536, 45.83586107310839, 46.72620303486474, 44.56810248596594, 63.36254303599708], "fps_samples": [105.24318717009928, 108.91035715545388, 106.83513052141689, 112.00835847951868, 78.78471666081931], "median_fps": 106.83513052141689, "q25_fps": 105.24318717009928, "q75_fps": 108.91035715545388}
Compiling batch=256, steps=100
E1007 05:17:05.307114 3630709 slow_operation_alarm.cc:73] Constant folding an instruction is taking > 1s:

  %reduce_and.13 = pred[256]{0} reduce(%broadcast.202383, %constant.246538), dimensions={1,2,3}, to_apply=%region_14698.15033, metadata={op_name="jit(rollout)/while/body/closed_call/vmap(jit(step))/jit(step_env)/jit(reset)/reduce_and" stack_frame_id=345}

This isn't necessarily a bug; constant-folding is inherently a trade-off between compilation time and speed at runtime. XLA has some guards that attempt to keep constant folding from taking too long, but fundamentally you'll always be able to come up with an input program that takes a long time.

If you'd like to file a bug, run with envvar XLA_FLAGS=--xla_dump_to=/tmp/foo and attach the results.
E1007 05:17:06.503539 3630482 slow_operation_alarm.cc:140] The operation took 2.197068019s
Constant folding an instruction is taking > 1s:

  %reduce_and.13 = pred[256]{0} reduce(%broadcast.202383, %constant.246538), dimensions={1,2,3}, to_apply=%region_14698.15033, metadata={op_name="jit(rollout)/while/body/closed_call/vmap(jit(step))/jit(step_env)/jit(reset)/reduce_and" stack_frame_id=345}

This isn't necessarily a bug; constant-folding is inherently a trade-off between compilation time and speed at runtime. XLA has some guards that attempt to keep constant folding from taking too long, but fundamentally you'll always be able to come up with an input program that takes a long time.

If you'd like to file a bug, run with envvar XLA_FLAGS=--xla_dump_to=/tmp/foo and attach the results.
Compiled in 410.33s; warming up
{"batch": 256, "steps": 100, "compile_s": 410.32969327806495, "host": "gh105.hpc.nyu.edu", "argument_bytes": 4251656, "output_bytes": 4251744, "temporary_bytes": 144398872, "samples_s": [56.27753264014609, 56.29138155002147, 56.26529886294156, 56.23617925401777, 56.24756871210411], "fps_samples": [454.888457240892, 454.77654474071505, 454.98736374545626, 455.22296037156576, 455.1307831815857], "median_fps": 454.98736374545626, "q25_fps": 454.888457240892, "q75_fps": 455.1307831815857}
Compiling batch=1024, steps=100
E1007 05:37:04.161111 3630709 slow_operation_alarm.cc:73] Constant folding an instruction is taking > 2s:

  %reduce_and.13 = pred[1024]{0} reduce(%broadcast.202383, %constant.246538), dimensions={1,2,3}, to_apply=%region_14698.15033, metadata={op_name="jit(rollout)/while/body/closed_call/vmap(jit(step))/jit(step_env)/jit(reset)/reduce_and" stack_frame_id=345}

This isn't necessarily a bug; constant-folding is inherently a trade-off between compilation time and speed at runtime. XLA has some guards that attempt to keep constant folding from taking too long, but fundamentally you'll always be able to come up with an input program that takes a long time.

If you'd like to file a bug, run with envvar XLA_FLAGS=--xla_dump_to=/tmp/foo and attach the results.
E1007 05:37:15.155228 3630482 slow_operation_alarm.cc:140] The operation took 12.997907057s
Constant folding an instruction is taking > 2s:

  %reduce_and.13 = pred[1024]{0} reduce(%broadcast.202383, %constant.246538), dimensions={1,2,3}, to_apply=%region_14698.15033, metadata={op_name="jit(rollout)/while/body/closed_call/vmap(jit(step))/jit(step_env)/jit(reset)/reduce_and" stack_frame_id=345}

This isn't necessarily a bug; constant-folding is inherently a trade-off between compilation time and speed at runtime. XLA has some guards that attempt to keep constant folding from taking too long, but fundamentally you'll always be able to come up with an input program that takes a long time.

If you'd like to file a bug, run with envvar XLA_FLAGS=--xla_dump_to=/tmp/foo and attach the results.
Compiled in 636.26s; warming up
{"batch": 1024, "steps": 100, "compile_s": 636.2649823359679, "host": "gh105.hpc.nyu.edu", "argument_bytes": 17006600, "output_bytes": 17006688, "temporary_bytes": 576344256, "samples_s": [119.36621349211782, 119.11148326797411, 119.22571529401466, 119.34967747400515, 119.13844110420905], "fps_samples": [857.8641895745636, 859.6988064502814, 858.8751155526987, 857.9830475227144, 859.5042796508633], "median_fps": 858.8751155526987, "q25_fps": 857.9830475227144, "q75_fps": 859.5042796508633}
Compiling batch=4096, steps=100
Compiled in 560.69s; warming up
[2026-10-07T06:12:36.031] error: *** JOB 19329507 ON gh105 CANCELLED AT 2026-10-07T06:12:36 DUE TO TIME LIMIT ***
