name, driver_version, memory.total [MiB]
NVIDIA H200, 610.43.02, 143771 MiB
/scratch/se2161/script-doctor/.venv/lib/python3.13/site-packages/pydantic/_internal/_generate_schema.py:2249: UnsupportedFieldAttributeWarning: The 'repr' attribute with value False was provided to the `Field()` function, which has no effect in the context it was used. 'repr' is field-specific metadata, and can only be attached to a model field using `Annotated` metadata or by assignment. This may have happened because an `Annotated` type alias using the `type` statement was used, or if the `Field()` function was attached to a single member of a union type.
  warnings.warn(
/scratch/se2161/script-doctor/.venv/lib/python3.13/site-packages/pydantic/_internal/_generate_schema.py:2249: UnsupportedFieldAttributeWarning: The 'frozen' attribute with value True was provided to the `Field()` function, which has no effect in the context it was used. 'frozen' is field-specific metadata, and can only be attached to a model field using `Annotated` metadata or by assignment. This may have happened because an `Annotated` type alias using the `type` statement was used, or if the `Field()` function was attached to a single member of a union type.
  warnings.warn(
Writing pretty tree to /scratch/se2161/puzzlejax-perf-20261002/complex-prepared-20261007/data/pretty_trees/atlas shrank
Parsed atlas shrank successfully
Writing pretty tree to /scratch/se2161/puzzlejax-perf-20261002/complex-prepared-20261007/data/pretty_trees/atlas shrank
Parsed atlas shrank successfully
WARNING:puzzlescript_jax.env:Object playerl appears multiple times in collision layers.
WARNING:puzzlescript_jax.env:Object playerr appears multiple times in collision layers.
WARNING:puzzlescript_jax.env:Object players appears multiple times in collision layers.
WARNING:puzzlescript_jax.env:Object playerrh appears multiple times in collision layers.
WARNING:puzzlescript_jax.env:Object playerlh appears multiple times in collision layers.
{"game": "atlas shrank", "level": 0, "passed": true, "status": "passed", "message": "all 57 states match through the first win or action limit", "actions": [0, 1, 2, 3, 4, 0, 1, 2, 3, 4, 0, 1, 2, 3, 4, 0, 1, 2, 3, 4, 0, 1, 2, 3, 4, 0, 1, 2, 3, 4, 0, 1, 2, 3, 4, 0, 1, 2, 3, 4, 0, 3, 3, 2, 2, 4, 0, 3, 1, 0, 2, 4, 3, 3, 3, 3, 2, 0, 4, 2, 2, 1, 0, 4, 3, 3, 2, 4, 2, 2, 2, 1, 0, 2, 4, 0, 4, 4, 1, 3, 0, 3, 3, 1, 0, 4, 2, 4, 3, 3, 3, 0, 1, 2, 2, 0, 2, 0, 3, 3, 4, 3, 1, 4, 2, 1, 4, 1, 0, 2, 3, 0, 2, 0, 3, 2, 1, 1, 2, 3, 4, 2, 0, 4, 3, 3, 0, 1], "stop_on_win": true, "prepare_params": true, "comparison": "Original JS versus JAX: board, heuristic and winning flag after every replayed step", "source_hashes": {"puzzlejax/validate_actions.py": "0367788d2cb3eb9c75c0f4d56328adccf8ba88576f6b7300d7d0da17d722ae25", "puzzlejax/validate_sols_jax.py": "67c746e254c07c0eccc04764e2a45da61db0dde8f23c66acbdd327b9c2935689", "puzzlescript_jax/env.py": "d06ceb53b0c4c615bc5a541c96ef3631b5640c53767a5942e0ba2d33b513ffeb", "PuzzleScript/src/js/compiler.js": "40e2996456a6ca642c89a769ea1a75ae074ccbcb0bcfc0d5fd8d27a88ad26cd7", "PuzzleScript/src/js/engine.js": "2dec5c52816d29f9578f43c939662410a280f54e6b8d464b2d6d734b23e21085", "puzzlescript_nodejs/puzzlescript/engine.js": "b301f87a3647406a7db23c5398629eb7061c75bb31b5bc002271e89cea5c53af", "scripts/benchmarks/validate_complex_game.py": "b026cb7056de2a04bb698c5872a407d59d21e43e06eaded1eb9d4d40773c4bdd"}}
Writing pretty tree to /scratch/se2161/puzzlejax-perf-20261002/complex-prepared-20261007/data/pretty_trees/atlas shrank
Parsed atlas shrank successfully
Object playerl appears multiple times in collision layers.
Object playerr appears multiple times in collision layers.
Object players appears multiple times in collision layers.
Object playerrh appears multiple times in collision layers.
Object playerlh appears multiple times in collision layers.
Compiling batch=16, steps=312
Compiled in 121.30s; warming up
{"batch": 16, "steps": 312, "compile_s": 121.30475767911412, "host": "gh111.hpc.nyu.edu", "argument_bytes": 46104, "output_bytes": 46192, "temporary_bytes": 1085536, "samples_s": [3.8454683099407703, 3.8228902930859476, 3.5811663740314543, 3.57647871109657, 3.8300151999574155], "fps_samples": [1298.1513817433822, 1305.8182728990407, 1393.959251990942, 1395.7863035816654, 1303.3890831700887], "median_fps": 1305.8182728990407, "q25_fps": 1303.3890831700887, "q75_fps": 1393.959251990942}
Compiling batch=256, steps=100
Compiled in 124.47s; warming up
{"batch": 256, "steps": 100, "compile_s": 124.47160396305844, "host": "gh111.hpc.nyu.edu", "argument_bytes": 737544, "output_bytes": 737632, "temporary_bytes": 13053024, "samples_s": [1.6915225849952549, 1.6682005561888218, 1.6300527260173112, 1.675233676098287, 1.6879124869592488], "fps_samples": [15134.29393558574, 15345.876672338409, 15705.013458397865, 15281.45020318827, 15166.663081045184], "median_fps": 15281.45020318827, "q25_fps": 15166.663081045184, "q75_fps": 15345.876672338409}
Compiling batch=1024, steps=100
E1007 04:01:37.089247 2128714 slow_operation_alarm.cc:73] Constant folding an instruction is taking > 1s:

  %reduce_and.13 = pred[1024]{0} reduce(%broadcast.77723, %constant.96138), dimensions={1,2,3}, to_apply=%region_5253.5614, metadata={op_name="jit(rollout)/while/body/closed_call/vmap(jit(step))/jit(step_env)/jit(reset)/reduce_and" stack_frame_id=333}

This isn't necessarily a bug; constant-folding is inherently a trade-off between compilation time and speed at runtime. XLA has some guards that attempt to keep constant folding from taking too long, but fundamentally you'll always be able to come up with an input program that takes a long time.

If you'd like to file a bug, run with envvar XLA_FLAGS=--xla_dump_to=/tmp/foo and attach the results.
E1007 04:01:37.616337 2127340 slow_operation_alarm.cc:140] The operation took 1.527904167s
Constant folding an instruction is taking > 1s:

  %reduce_and.13 = pred[1024]{0} reduce(%broadcast.77723, %constant.96138), dimensions={1,2,3}, to_apply=%region_5253.5614, metadata={op_name="jit(rollout)/while/body/closed_call/vmap(jit(step))/jit(step_env)/jit(reset)/reduce_and" stack_frame_id=333}

This isn't necessarily a bug; constant-folding is inherently a trade-off between compilation time and speed at runtime. XLA has some guards that attempt to keep constant folding from taking too long, but fundamentally you'll always be able to come up with an input program that takes a long time.

If you'd like to file a bug, run with envvar XLA_FLAGS=--xla_dump_to=/tmp/foo and attach the results.
Compiled in 131.94s; warming up
{"batch": 1024, "steps": 100, "compile_s": 131.94191259006038, "host": "gh111.hpc.nyu.edu", "argument_bytes": 2950152, "output_bytes": 2950240, "temporary_bytes": 51528032, "samples_s": [2.101382128894329, 2.100350607885048, 2.170587149914354, 2.1942989379167557, 2.193610710091889], "fps_samples": [48729.832899968154, 48753.76502169411, 47176.17535146674, 46666.385436624914, 46681.02664201094], "median_fps": 47176.17535146674, "q25_fps": 46681.02664201094, "q75_fps": 48729.832899968154}
Compiling batch=4096, steps=100
E1007 04:06:46.690250 2128714 slow_operation_alarm.cc:73] Constant folding an instruction is taking > 2s:

  %reduce_and.13 = pred[4096]{0} reduce(%broadcast.77723, %constant.96138), dimensions={1,2,3}, to_apply=%region_5253.5614, metadata={op_name="jit(rollout)/while/body/closed_call/vmap(jit(step))/jit(step_env)/jit(reset)/reduce_and" stack_frame_id=333}

This isn't necessarily a bug; constant-folding is inherently a trade-off between compilation time and speed at runtime. XLA has some guards that attempt to keep constant folding from taking too long, but fundamentally you'll always be able to come up with an input program that takes a long time.

If you'd like to file a bug, run with envvar XLA_FLAGS=--xla_dump_to=/tmp/foo and attach the results.
E1007 04:06:50.674278 2127340 slow_operation_alarm.cc:140] The operation took 5.984220508s
Constant folding an instruction is taking > 2s:

  %reduce_and.13 = pred[4096]{0} reduce(%broadcast.77723, %constant.96138), dimensions={1,2,3}, to_apply=%region_5253.5614, metadata={op_name="jit(rollout)/while/body/closed_call/vmap(jit(step))/jit(step_env)/jit(reset)/reduce_and" stack_frame_id=333}

This isn't necessarily a bug; constant-folding is inherently a trade-off between compilation time and speed at runtime. XLA has some guards that attempt to keep constant folding from taking too long, but fundamentally you'll always be able to come up with an input program that takes a long time.

If you'd like to file a bug, run with envvar XLA_FLAGS=--xla_dump_to=/tmp/foo and attach the results.
Compiled in 182.23s; warming up
{"batch": 4096, "steps": 100, "compile_s": 182.23166408506222, "host": "gh111.hpc.nyu.edu", "argument_bytes": 11800584, "output_bytes": 11800672, "temporary_bytes": 197657872, "samples_s": [4.029205136932433, 4.022840941091999, 3.959938289830461, 3.9375584051012993, 3.918178162071854], "fps_samples": [101657.76774320357, 101818.59188517013, 103435.95531574216, 104023.8538352455, 104538.3806088623], "median_fps": 103435.95531574216, "q25_fps": 101818.59188517013, "q75_fps": 104023.8538352455}
Compiling batch=8192, steps=100
E1007 04:12:59.347254 2128714 slow_operation_alarm.cc:73] Constant folding an instruction is taking > 4s:

  %reduce_and.13 = pred[8192]{0} reduce(%broadcast.77723, %constant.96138), dimensions={1,2,3}, to_apply=%region_5253.5614, metadata={op_name="jit(rollout)/while/body/closed_call/vmap(jit(step))/jit(step_env)/jit(reset)/reduce_and" stack_frame_id=333}

This isn't necessarily a bug; constant-folding is inherently a trade-off between compilation time and speed at runtime. XLA has some guards that attempt to keep constant folding from taking too long, but fundamentally you'll always be able to come up with an input program that takes a long time.

If you'd like to file a bug, run with envvar XLA_FLAGS=--xla_dump_to=/tmp/foo and attach the results.
E1007 04:13:07.285602 2127340 slow_operation_alarm.cc:140] The operation took 11.939227581s
Constant folding an instruction is taking > 4s:

  %reduce_and.13 = pred[8192]{0} reduce(%broadcast.77723, %constant.96138), dimensions={1,2,3}, to_apply=%region_5253.5614, metadata={op_name="jit(rollout)/while/body/closed_call/vmap(jit(step))/jit(step_env)/jit(reset)/reduce_and" stack_frame_id=333}

This isn't necessarily a bug; constant-folding is inherently a trade-off between compilation time and speed at runtime. XLA has some guards that attempt to keep constant folding from taking too long, but fundamentally you'll always be able to come up with an input program that takes a long time.

If you'd like to file a bug, run with envvar XLA_FLAGS=--xla_dump_to=/tmp/foo and attach the results.
Compiled in 195.49s; warming up
{"batch": 8192, "steps": 100, "compile_s": 195.492074504029, "host": "gh111.hpc.nyu.edu", "argument_bytes": 23601160, "output_bytes": 23601248, "temporary_bytes": 395088144, "samples_s": [6.471662292024121, 6.4813086139038205, 6.571962523041293, 6.57221012795344, 6.579565922031179], "fps_samples": [126582.6248396193, 126394.22820302636, 124650.74125542953, 124646.04509763226, 124506.69386212406], "median_fps": 124650.74125542953, "q25_fps": 124646.04509763226, "q75_fps": 126394.22820302636}
Compiling batch=16384, steps=100
Compiled in 286.52s; warming up
{"batch": 16384, "steps": 100, "compile_s": 286.5189164830372, "host": "gh111.hpc.nyu.edu", "argument_bytes": 47202312, "output_bytes": 47202400, "temporary_bytes": 789536272, "samples_s": [31.860049756010994, 31.855342176975682, 31.877146935090423, 31.8260870850645, 31.875925958855078], "fps_samples": [51424.90399566577, 51432.50356243853, 51397.32245599578, 51479.781212842725, 51399.29118027253], "median_fps": 51424.90399566577, "q25_fps": 51399.29118027253, "q75_fps": 51432.50356243853}
Stopped: regression
