name, driver_version, memory.total [MiB]
NVIDIA H200, 610.43.02, 143771 MiB
/scratch/se2161/script-doctor/.venv/lib/python3.13/site-packages/pydantic/_internal/_generate_schema.py:2249: UnsupportedFieldAttributeWarning: The 'repr' attribute with value False was provided to the `Field()` function, which has no effect in the context it was used. 'repr' is field-specific metadata, and can only be attached to a model field using `Annotated` metadata or by assignment. This may have happened because an `Annotated` type alias using the `type` statement was used, or if the `Field()` function was attached to a single member of a union type.
  warnings.warn(
/scratch/se2161/script-doctor/.venv/lib/python3.13/site-packages/pydantic/_internal/_generate_schema.py:2249: UnsupportedFieldAttributeWarning: The 'frozen' attribute with value True was provided to the `Field()` function, which has no effect in the context it was used. 'frozen' is field-specific metadata, and can only be attached to a model field using `Annotated` metadata or by assignment. This may have happened because an `Annotated` type alias using the `type` statement was used, or if the `Field()` function was attached to a single member of a union type.
  warnings.warn(
Writing pretty tree to /scratch/se2161/puzzlejax-perf-20261002/complex-prepared-20261007/data/pretty_trees/Indigestion
Parsed Indigestion successfully
Writing pretty tree to /scratch/se2161/puzzlejax-perf-20261002/complex-prepared-20261007/data/pretty_trees/Indigestion
Parsed Indigestion successfully
{"game": "Indigestion", "level": 0, "passed": true, "status": "passed", "message": "all 91 states match through the first win or action limit", "actions": [0, 1, 2, 3, 4, 0, 1, 2, 3, 4, 0, 1, 2, 3, 4, 0, 1, 2, 3, 4, 0, 1, 2, 3, 4, 0, 1, 2, 3, 4, 0, 1, 2, 3, 4, 0, 1, 2, 3, 4, 0, 3, 3, 2, 2, 4, 0, 3, 1, 0, 2, 4, 3, 3, 3, 3, 2, 0, 4, 2, 2, 1, 0, 4, 3, 3, 2, 4, 2, 2, 2, 1, 0, 2, 4, 0, 4, 4, 1, 3, 0, 3, 3, 1, 0, 4, 2, 4, 3, 3, 3, 0, 1, 2, 2, 0, 2, 0, 3, 3, 4, 3, 1, 4, 2, 1, 4, 1, 0, 2, 3, 0, 2, 0, 3, 2, 1, 1, 2, 3, 4, 2, 0, 4, 3, 3, 0, 1], "stop_on_win": true, "prepare_params": true, "comparison": "Original JS versus JAX: board, heuristic and winning flag after every replayed step", "source_hashes": {"puzzlejax/validate_actions.py": "0367788d2cb3eb9c75c0f4d56328adccf8ba88576f6b7300d7d0da17d722ae25", "puzzlejax/validate_sols_jax.py": "67c746e254c07c0eccc04764e2a45da61db0dde8f23c66acbdd327b9c2935689", "puzzlescript_jax/env.py": "d06ceb53b0c4c615bc5a541c96ef3631b5640c53767a5942e0ba2d33b513ffeb", "PuzzleScript/src/js/compiler.js": "40e2996456a6ca642c89a769ea1a75ae074ccbcb0bcfc0d5fd8d27a88ad26cd7", "PuzzleScript/src/js/engine.js": "2dec5c52816d29f9578f43c939662410a280f54e6b8d464b2d6d734b23e21085", "puzzlescript_nodejs/puzzlescript/engine.js": "b301f87a3647406a7db23c5398629eb7061c75bb31b5bc002271e89cea5c53af", "scripts/benchmarks/validate_complex_game.py": "b026cb7056de2a04bb698c5872a407d59d21e43e06eaded1eb9d4d40773c4bdd"}}
Writing pretty tree to /scratch/se2161/puzzlejax-perf-20261002/complex-prepared-20261007/data/pretty_trees/Indigestion
Parsed Indigestion successfully
Compiling batch=16, steps=312
E1007 05:00:40.538903 4100855 slow_operation_alarm.cc:73] 
********************************
[Compiling module jit_rollout for GPU] Very slow compile? If you want to file a bug, run with envvar XLA_FLAGS=--xla_dump_to=/tmp/foo and attach the results.
********************************
E1007 05:00:49.155804 4098670 slow_operation_alarm.cc:140] The operation took 2m8.61699763s

********************************
[Compiling module jit_rollout for GPU] Very slow compile? If you want to file a bug, run with envvar XLA_FLAGS=--xla_dump_to=/tmp/foo and attach the results.
********************************
Compiled in 567.53s; warming up
{"batch": 16, "steps": 312, "compile_s": 567.5280523400288, "host": "gh124.hpc.nyu.edu", "argument_bytes": 60648, "output_bytes": 60736, "temporary_bytes": 4714464, "samples_s": [7.893318451009691, 8.193974015070125, 7.99256016779691, 7.93737846496515, 7.997368599055335], "fps_samples": [632.4336248414553, 609.2281951125125, 624.5808470874493, 628.92301558181, 624.205316807539], "median_fps": 624.5808470874493, "q25_fps": 624.205316807539, "q75_fps": 628.92301558181}
Compiling batch=256, steps=100
Compiled in 593.58s; warming up
{"batch": 256, "steps": 100, "compile_s": 593.5784517950378, "host": "gh124.hpc.nyu.edu", "argument_bytes": 970248, "output_bytes": 970336, "temporary_bytes": 61965024, "samples_s": [3.926973744062707, 3.9233150731306523, 3.93239341606386, 3.9319212639238685, 3.9328754260204732], "fps_samples": [6519.014811011992, 6525.094090791999, 6510.030226229092, 6510.811962305784, 6509.232362313511], "median_fps": 6510.811962305784, "q25_fps": 6510.030226229092, "q75_fps": 6519.014811011992}
Compiling batch=1024, steps=100
E1007 05:38:14.283278 4100855 slow_operation_alarm.cc:73] Constant folding an instruction is taking > 1s:

  %reduce_and.8 = pred[1024]{0} reduce(%broadcast.414861, %constant.353558), dimensions={1,2,3}, to_apply=%region_20407.20774, metadata={op_name="jit(rollout)/while/body/closed_call/vmap(jit(step))/jit(step_env)/jit(reset)/reduce_and" stack_frame_id=349}

This isn't necessarily a bug; constant-folding is inherently a trade-off between compilation time and speed at runtime. XLA has some guards that attempt to keep constant folding from taking too long, but fundamentally you'll always be able to come up with an input program that takes a long time.

If you'd like to file a bug, run with envvar XLA_FLAGS=--xla_dump_to=/tmp/foo and attach the results.
E1007 05:38:15.256905 4098670 slow_operation_alarm.cc:140] The operation took 1.973718569s
Constant folding an instruction is taking > 1s:

  %reduce_and.8 = pred[1024]{0} reduce(%broadcast.414861, %constant.353558), dimensions={1,2,3}, to_apply=%region_20407.20774, metadata={op_name="jit(rollout)/while/body/closed_call/vmap(jit(step))/jit(step_env)/jit(reset)/reduce_and" stack_frame_id=349}

This isn't necessarily a bug; constant-folding is inherently a trade-off between compilation time and speed at runtime. XLA has some guards that attempt to keep constant folding from taking too long, but fundamentally you'll always be able to come up with an input program that takes a long time.

If you'd like to file a bug, run with envvar XLA_FLAGS=--xla_dump_to=/tmp/foo and attach the results.
E1007 05:47:32.319826 4100855 slow_operation_alarm.cc:73] 
********************************
[Compiling module jit_rollout for GPU] Very slow compile? If you want to file a bug, run with envvar XLA_FLAGS=--xla_dump_to=/tmp/foo and attach the results.
********************************
E1007 05:48:10.952812 4098670 slow_operation_alarm.cc:140] The operation took 2m38.633090501s

********************************
[Compiling module jit_rollout for GPU] Very slow compile? If you want to file a bug, run with envvar XLA_FLAGS=--xla_dump_to=/tmp/foo and attach the results.
********************************
Compiled in 968.76s; warming up
{"batch": 1024, "steps": 100, "compile_s": 968.7563063360285, "host": "gh124.hpc.nyu.edu", "argument_bytes": 3880968, "output_bytes": 3881056, "temporary_bytes": 246042856, "samples_s": [7.089641994098201, 7.244038996985182, 7.259860736085102, 7.2624992481432855, 7.256295927800238], "fps_samples": [14443.606614444461, 14135.760456648113, 14104.953761856796, 14099.829342657675, 14111.883117622903], "median_fps": 14111.883117622903, "q25_fps": 14104.953761856796, "q75_fps": 14135.760456648113}
Compiling batch=4096, steps=100
E1007 06:08:26.926362 4100855 slow_operation_alarm.cc:73] Constant folding an instruction is taking > 2s:

  %reduce_and.8 = pred[4096]{0} reduce(%broadcast.414861, %constant.353558), dimensions={1,2,3}, to_apply=%region_20407.20774, metadata={op_name="jit(rollout)/while/body/closed_call/vmap(jit(step))/jit(step_env)/jit(reset)/reduce_and" stack_frame_id=349}

This isn't necessarily a bug; constant-folding is inherently a trade-off between compilation time and speed at runtime. XLA has some guards that attempt to keep constant folding from taking too long, but fundamentally you'll always be able to come up with an input program that takes a long time.

If you'd like to file a bug, run with envvar XLA_FLAGS=--xla_dump_to=/tmp/foo and attach the results.
E1007 06:08:32.773633 4098670 slow_operation_alarm.cc:140] The operation took 7.848256976s
Constant folding an instruction is taking > 2s:

  %reduce_and.8 = pred[4096]{0} reduce(%broadcast.414861, %constant.353558), dimensions={1,2,3}, to_apply=%region_20407.20774, metadata={op_name="jit(rollout)/while/body/closed_call/vmap(jit(step))/jit(step_env)/jit(reset)/reduce_and" stack_frame_id=349}

This isn't necessarily a bug; constant-folding is inherently a trade-off between compilation time and speed at runtime. XLA has some guards that attempt to keep constant folding from taking too long, but fundamentally you'll always be able to come up with an input program that takes a long time.

If you'd like to file a bug, run with envvar XLA_FLAGS=--xla_dump_to=/tmp/foo and attach the results.
[2026-10-07T06:19:13.185] error: *** JOB 19328743 ON gh124 CANCELLED AT 2026-10-07T06:19:13 DUE TO TIME LIMIT ***
