name, driver_version, memory.total [MiB]
NVIDIA H200, 610.43.02, 143771 MiB
/scratch/se2161/script-doctor/.venv/lib/python3.13/site-packages/pydantic/_internal/_generate_schema.py:2249: UnsupportedFieldAttributeWarning: The 'repr' attribute with value False was provided to the `Field()` function, which has no effect in the context it was used. 'repr' is field-specific metadata, and can only be attached to a model field using `Annotated` metadata or by assignment. This may have happened because an `Annotated` type alias using the `type` statement was used, or if the `Field()` function was attached to a single member of a union type.
  warnings.warn(
/scratch/se2161/script-doctor/.venv/lib/python3.13/site-packages/pydantic/_internal/_generate_schema.py:2249: UnsupportedFieldAttributeWarning: The 'frozen' attribute with value True was provided to the `Field()` function, which has no effect in the context it was used. 'frozen' is field-specific metadata, and can only be attached to a model field using `Annotated` metadata or by assignment. This may have happened because an `Annotated` type alias using the `type` statement was used, or if the `Field()` function was attached to a single member of a union type.
  warnings.warn(
Writing pretty tree to /scratch/se2161/puzzlejax-perf-20261002/complex-prepared-20261007/data/pretty_trees/Beam_Islands
Parsed Beam_Islands successfully
Writing pretty tree to /scratch/se2161/puzzlejax-perf-20261002/complex-prepared-20261007/data/pretty_trees/Beam_Islands
Parsed Beam_Islands successfully
{"game": "Beam_Islands", "level": 0, "passed": true, "status": "passed", "message": "all 129 states match through the first win or action limit", "actions": [0, 1, 2, 3, 4, 0, 1, 2, 3, 4, 0, 1, 2, 3, 4, 0, 1, 2, 3, 4, 0, 1, 2, 3, 4, 0, 1, 2, 3, 4, 0, 1, 2, 3, 4, 0, 1, 2, 3, 4, 0, 3, 3, 2, 2, 4, 0, 3, 1, 0, 2, 4, 3, 3, 3, 3, 2, 0, 4, 2, 2, 1, 0, 4, 3, 3, 2, 4, 2, 2, 2, 1, 0, 2, 4, 0, 4, 4, 1, 3, 0, 3, 3, 1, 0, 4, 2, 4, 3, 3, 3, 0, 1, 2, 2, 0, 2, 0, 3, 3, 4, 3, 1, 4, 2, 1, 4, 1, 0, 2, 3, 0, 2, 0, 3, 2, 1, 1, 2, 3, 4, 2, 0, 4, 3, 3, 0, 1], "stop_on_win": true, "prepare_params": true, "comparison": "Original JS versus JAX: board, heuristic and winning flag after every replayed step", "source_hashes": {"puzzlejax/validate_actions.py": "0367788d2cb3eb9c75c0f4d56328adccf8ba88576f6b7300d7d0da17d722ae25", "puzzlejax/validate_sols_jax.py": "67c746e254c07c0eccc04764e2a45da61db0dde8f23c66acbdd327b9c2935689", "puzzlescript_jax/env.py": "d06ceb53b0c4c615bc5a541c96ef3631b5640c53767a5942e0ba2d33b513ffeb", "PuzzleScript/src/js/compiler.js": "40e2996456a6ca642c89a769ea1a75ae074ccbcb0bcfc0d5fd8d27a88ad26cd7", "PuzzleScript/src/js/engine.js": "2dec5c52816d29f9578f43c939662410a280f54e6b8d464b2d6d734b23e21085", "puzzlescript_nodejs/puzzlescript/engine.js": "b301f87a3647406a7db23c5398629eb7061c75bb31b5bc002271e89cea5c53af", "scripts/benchmarks/validate_complex_game.py": "b026cb7056de2a04bb698c5872a407d59d21e43e06eaded1eb9d4d40773c4bdd"}}
Writing pretty tree to /scratch/se2161/puzzlejax-perf-20261002/complex-prepared-20261007/data/pretty_trees/Beam_Islands
Parsed Beam_Islands successfully
Compiling batch=16, steps=312
Compiled in 216.45s; warming up
{"batch": 16, "steps": 312, "compile_s": 216.4458254328929, "host": "gh108.hpc.nyu.edu", "argument_bytes": 68328, "output_bytes": 68416, "temporary_bytes": 3193736, "samples_s": [5.175937497057021, 5.212804523063824, 5.1954929530620575, 5.18187002488412, 5.192334024934098], "fps_samples": [964.4629601571493, 957.6418946678542, 960.8327920179114, 963.3587828385631, 961.4173464241563], "median_fps": 961.4173464241563, "q25_fps": 960.8327920179114, "q75_fps": 963.3587828385631}
Compiling batch=256, steps=100
Compiled in 356.87s; warming up
{"batch": 256, "steps": 100, "compile_s": 356.87275856896304, "host": "gh108.hpc.nyu.edu", "argument_bytes": 1093128, "output_bytes": 1093216, "temporary_bytes": 42544520, "samples_s": [2.398457377916202, 2.399528128094971, 2.398496584035456, 2.3994624770712107, 2.397308466024697], "fps_samples": [10673.5271744714, 10668.764287553613, 10673.352703687471, 10669.056192638369, 10678.642470424693], "median_fps": 10673.352703687471, "q25_fps": 10669.056192638369, "q75_fps": 10673.5271744714}
Compiling batch=1024, steps=100
E1007 04:20:18.696664  971281 slow_operation_alarm.cc:73] Constant folding an instruction is taking > 1s:

  %reduce_and.9 = pred[1024]{0} reduce(%broadcast.232427, %constant.163643), dimensions={1,2,3}, to_apply=%region_9962.10324, metadata={op_name="jit(rollout)/while/body/closed_call/vmap(jit(step))/jit(step_env)/jit(reset)/reduce_and" stack_frame_id=320}

This isn't necessarily a bug; constant-folding is inherently a trade-off between compilation time and speed at runtime. XLA has some guards that attempt to keep constant folding from taking too long, but fundamentally you'll always be able to come up with an input program that takes a long time.

If you'd like to file a bug, run with envvar XLA_FLAGS=--xla_dump_to=/tmp/foo and attach the results.
E1007 04:20:19.980097  971110 slow_operation_alarm.cc:140] The operation took 2.284219988s
Constant folding an instruction is taking > 1s:

  %reduce_and.9 = pred[1024]{0} reduce(%broadcast.232427, %constant.163643), dimensions={1,2,3}, to_apply=%region_9962.10324, metadata={op_name="jit(rollout)/while/body/closed_call/vmap(jit(step))/jit(step_env)/jit(reset)/reduce_and" stack_frame_id=320}

This isn't necessarily a bug; constant-folding is inherently a trade-off between compilation time and speed at runtime. XLA has some guards that attempt to keep constant folding from taking too long, but fundamentally you'll always be able to come up with an input program that takes a long time.

If you'd like to file a bug, run with envvar XLA_FLAGS=--xla_dump_to=/tmp/foo and attach the results.
Compiled in 570.28s; warming up
{"batch": 1024, "steps": 100, "compile_s": 570.2826953681652, "host": "gh108.hpc.nyu.edu", "argument_bytes": 4372488, "output_bytes": 4372576, "temporary_bytes": 169232776, "samples_s": [4.118202443933114, 4.113003788050264, 4.112692130031064, 4.103278572205454, 4.108345441054553], "fps_samples": [24865.217626893118, 24896.64616830851, 24898.532825316674, 24955.653923579808, 24924.875833643484], "median_fps": 24898.532825316674, "q25_fps": 24896.64616830851, "q75_fps": 24924.875833643484}
Compiling batch=4096, steps=100
E1007 04:35:24.888661  971281 slow_operation_alarm.cc:73] Constant folding an instruction is taking > 2s:

  %reduce_and.9 = pred[4096]{0} reduce(%broadcast.232427, %constant.163643), dimensions={1,2,3}, to_apply=%region_9962.10324, metadata={op_name="jit(rollout)/while/body/closed_call/vmap(jit(step))/jit(step_env)/jit(reset)/reduce_and" stack_frame_id=320}

This isn't necessarily a bug; constant-folding is inherently a trade-off between compilation time and speed at runtime. XLA has some guards that attempt to keep constant folding from taking too long, but fundamentally you'll always be able to come up with an input program that takes a long time.

If you'd like to file a bug, run with envvar XLA_FLAGS=--xla_dump_to=/tmp/foo and attach the results.
E1007 04:35:31.618241  971110 slow_operation_alarm.cc:140] The operation took 8.730172093s
Constant folding an instruction is taking > 2s:

  %reduce_and.9 = pred[4096]{0} reduce(%broadcast.232427, %constant.163643), dimensions={1,2,3}, to_apply=%region_9962.10324, metadata={op_name="jit(rollout)/while/body/closed_call/vmap(jit(step))/jit(step_env)/jit(reset)/reduce_and" stack_frame_id=320}

This isn't necessarily a bug; constant-folding is inherently a trade-off between compilation time and speed at runtime. XLA has some guards that attempt to keep constant folding from taking too long, but fundamentally you'll always be able to come up with an input program that takes a long time.

If you'd like to file a bug, run with envvar XLA_FLAGS=--xla_dump_to=/tmp/foo and attach the results.
Compiled in 415.27s; warming up
{"batch": 4096, "steps": 100, "compile_s": 415.26597751211375, "host": "gh108.hpc.nyu.edu", "argument_bytes": 17489928, "output_bytes": 17490016, "temporary_bytes": 675691720, "samples_s": [10.424514855025336, 10.436060643056408, 10.439269293099642, 10.407716593006626, 10.386252488009632], "fps_samples": [39291.996385092636, 39248.52624084029, 39236.46267758852, 39355.414450392236, 39436.745878541], "median_fps": 39291.996385092636, "q25_fps": 39248.52624084029, "q75_fps": 39355.414450392236}
Compiling batch=8192, steps=100
E1007 04:49:38.421659  971281 slow_operation_alarm.cc:73] Constant folding an instruction is taking > 4s:

  %reduce_and.9 = pred[8192]{0} reduce(%broadcast.232427, %constant.163643), dimensions={1,2,3}, to_apply=%region_9962.10324, metadata={op_name="jit(rollout)/while/body/closed_call/vmap(jit(step))/jit(step_env)/jit(reset)/reduce_and" stack_frame_id=320}

This isn't necessarily a bug; constant-folding is inherently a trade-off between compilation time and speed at runtime. XLA has some guards that attempt to keep constant folding from taking too long, but fundamentally you'll always be able to come up with an input program that takes a long time.

If you'd like to file a bug, run with envvar XLA_FLAGS=--xla_dump_to=/tmp/foo and attach the results.
E1007 04:49:51.917140  971110 slow_operation_alarm.cc:140] The operation took 17.495710251s
Constant folding an instruction is taking > 4s:

  %reduce_and.9 = pred[8192]{0} reduce(%broadcast.232427, %constant.163643), dimensions={1,2,3}, to_apply=%region_9962.10324, metadata={op_name="jit(rollout)/while/body/closed_call/vmap(jit(step))/jit(step_env)/jit(reset)/reduce_and" stack_frame_id=320}

This isn't necessarily a bug; constant-folding is inherently a trade-off between compilation time and speed at runtime. XLA has some guards that attempt to keep constant folding from taking too long, but fundamentally you'll always be able to come up with an input program that takes a long time.

If you'd like to file a bug, run with envvar XLA_FLAGS=--xla_dump_to=/tmp/foo and attach the results.
Compiled in 618.56s; warming up
{"batch": 8192, "steps": 100, "compile_s": 618.5582277460489, "host": "gh108.hpc.nyu.edu", "argument_bytes": 34979848, "output_bytes": 34979936, "temporary_bytes": 1351035080, "samples_s": [19.05322812520899, 19.033478381112218, 19.0066665050108, 19.036121072946116, 19.03311405912973], "fps_samples": [42995.338879931376, 43039.952214563644, 43100.66679941121, 43033.97718793857, 43040.77606297165], "median_fps": 43039.952214563644, "q25_fps": 43033.97718793857, "q75_fps": 43040.77606297165}
Compiling batch=16384, steps=100
Compiled in 1039.86s; warming up
{"batch": 16384, "steps": 100, "compile_s": 1039.863113097148, "host": "gh108.hpc.nyu.edu", "argument_bytes": 69959688, "output_bytes": 69959776, "temporary_bytes": 2701933256, "samples_s": [78.83270420692861, 78.81119259702973, 78.82432903302833, 78.83139156596735, 78.83713239990175], "fps_samples": [20783.252540713947, 20788.925354515555, 20785.460784746938, 20783.598607782547, 20782.085168816237], "median_fps": 20783.598607782547, "q25_fps": 20783.252540713947, "q75_fps": 20785.460784746938}
Stopped: regression
