name, driver_version, memory.total [MiB]
NVIDIA H200, 610.43.02, 143771 MiB
/scratch/se2161/script-doctor/.venv/lib/python3.13/site-packages/pydantic/_internal/_generate_schema.py:2249: UnsupportedFieldAttributeWarning: The 'repr' attribute with value False was provided to the `Field()` function, which has no effect in the context it was used. 'repr' is field-specific metadata, and can only be attached to a model field using `Annotated` metadata or by assignment. This may have happened because an `Annotated` type alias using the `type` statement was used, or if the `Field()` function was attached to a single member of a union type.
  warnings.warn(
/scratch/se2161/script-doctor/.venv/lib/python3.13/site-packages/pydantic/_internal/_generate_schema.py:2249: UnsupportedFieldAttributeWarning: The 'frozen' attribute with value True was provided to the `Field()` function, which has no effect in the context it was used. 'frozen' is field-specific metadata, and can only be attached to a model field using `Annotated` metadata or by assignment. This may have happened because an `Annotated` type alias using the `type` statement was used, or if the `Field()` function was attached to a single member of a union type.
  warnings.warn(
Writing pretty tree to /scratch/se2161/puzzlejax-perf-20261002/complex-prepared-20261007/data/pretty_trees/IceCrates
Parsed IceCrates successfully
Writing pretty tree to /scratch/se2161/puzzlejax-perf-20261002/complex-prepared-20261007/data/pretty_trees/IceCrates
Parsed IceCrates successfully
{"game": "IceCrates", "level": 0, "passed": true, "status": "passed", "message": "all 129 states match through the first win or action limit", "actions": [0, 1, 2, 3, 4, 0, 1, 2, 3, 4, 0, 1, 2, 3, 4, 0, 1, 2, 3, 4, 0, 1, 2, 3, 4, 0, 1, 2, 3, 4, 0, 1, 2, 3, 4, 0, 1, 2, 3, 4, 0, 3, 3, 2, 2, 4, 0, 3, 1, 0, 2, 4, 3, 3, 3, 3, 2, 0, 4, 2, 2, 1, 0, 4, 3, 3, 2, 4, 2, 2, 2, 1, 0, 2, 4, 0, 4, 4, 1, 3, 0, 3, 3, 1, 0, 4, 2, 4, 3, 3, 3, 0, 1, 2, 2, 0, 2, 0, 3, 3, 4, 3, 1, 4, 2, 1, 4, 1, 0, 2, 3, 0, 2, 0, 3, 2, 1, 1, 2, 3, 4, 2, 0, 4, 3, 3, 0, 1], "stop_on_win": true, "prepare_params": true, "comparison": "Original JS versus JAX: board, heuristic and winning flag after every replayed step", "source_hashes": {"puzzlejax/validate_actions.py": "0367788d2cb3eb9c75c0f4d56328adccf8ba88576f6b7300d7d0da17d722ae25", "puzzlejax/validate_sols_jax.py": "67c746e254c07c0eccc04764e2a45da61db0dde8f23c66acbdd327b9c2935689", "puzzlescript_jax/env.py": "d06ceb53b0c4c615bc5a541c96ef3631b5640c53767a5942e0ba2d33b513ffeb", "PuzzleScript/src/js/compiler.js": "40e2996456a6ca642c89a769ea1a75ae074ccbcb0bcfc0d5fd8d27a88ad26cd7", "PuzzleScript/src/js/engine.js": "2dec5c52816d29f9578f43c939662410a280f54e6b8d464b2d6d734b23e21085", "puzzlescript_nodejs/puzzlescript/engine.js": "b301f87a3647406a7db23c5398629eb7061c75bb31b5bc002271e89cea5c53af", "scripts/benchmarks/validate_complex_game.py": "b026cb7056de2a04bb698c5872a407d59d21e43e06eaded1eb9d4d40773c4bdd"}}
Writing pretty tree to /scratch/se2161/puzzlejax-perf-20261002/complex-prepared-20261007/data/pretty_trees/IceCrates
Parsed IceCrates successfully
Compiling batch=16, steps=312
Compiled in 69.41s; warming up
{"batch": 16, "steps": 312, "compile_s": 69.40723037812859, "host": "gh123.hpc.nyu.edu", "argument_bytes": 25832, "output_bytes": 25920, "temporary_bytes": 464016, "samples_s": [5.534764670999721, 5.6098393618594855, 5.5825401458423585, 5.541721024084836, 5.58342960011214], "fps_samples": [901.9353661333386, 889.8650528105869, 894.2165877155102, 900.8031942250977, 894.0741367814037], "median_fps": 894.2165877155102, "q25_fps": 894.0741367814037, "q75_fps": 900.8031942250977}
Compiling batch=256, steps=100
Compiled in 90.34s; warming up
{"batch": 256, "steps": 100, "compile_s": 90.343710295856, "host": "gh123.hpc.nyu.edu", "argument_bytes": 413192, "output_bytes": 413280, "temporary_bytes": 4179088, "samples_s": [2.144154113950208, 2.1516547589562833, 2.159248247044161, 2.1471393359825015, 2.1526112880092114], "fps_samples": [11939.4402825069, 11897.81952399183, 11855.978132687784, 11922.840577221223, 11892.532638196615], "median_fps": 11897.81952399183, "q25_fps": 11892.532638196615, "q75_fps": 11922.840577221223}
Compiling batch=1024, steps=100
Compiled in 96.04s; warming up
{"batch": 1024, "steps": 100, "compile_s": 96.04285441688262, "host": "gh123.hpc.nyu.edu", "argument_bytes": 1652744, "output_bytes": 1652832, "temporary_bytes": 13820048, "samples_s": [2.5979347738903016, 2.5992393968626857, 2.585956900846213, 2.5940559320151806, 2.5857887659221888], "fps_samples": [39415.92415219115, 39396.140318432415, 39598.49445537597, 39474.86202444795, 39601.06925574036], "median_fps": 39474.86202444795, "q25_fps": 39415.92415219115, "q75_fps": 39598.49445537597}
Compiling batch=4096, steps=100
E1007 04:02:30.281898 2713754 slow_operation_alarm.cc:73] Constant folding an instruction is taking > 1s:

  %reduce_and.8 = pred[4096]{0} reduce(%broadcast.51121, %constant.64010), dimensions={1,2,3}, to_apply=%region_3762.4021, metadata={op_name="jit(rollout)/while/body/closed_call/vmap(jit(step))/jit(step_env)/jit(reset)/reduce_and" stack_frame_id=299}

This isn't necessarily a bug; constant-folding is inherently a trade-off between compilation time and speed at runtime. XLA has some guards that attempt to keep constant folding from taking too long, but fundamentally you'll always be able to come up with an input program that takes a long time.

If you'd like to file a bug, run with envvar XLA_FLAGS=--xla_dump_to=/tmp/foo and attach the results.
E1007 04:02:32.624919 2711156 slow_operation_alarm.cc:140] The operation took 3.343931821s
Constant folding an instruction is taking > 1s:

  %reduce_and.8 = pred[4096]{0} reduce(%broadcast.51121, %constant.64010), dimensions={1,2,3}, to_apply=%region_3762.4021, metadata={op_name="jit(rollout)/while/body/closed_call/vmap(jit(step))/jit(step_env)/jit(reset)/reduce_and" stack_frame_id=299}

This isn't necessarily a bug; constant-folding is inherently a trade-off between compilation time and speed at runtime. XLA has some guards that attempt to keep constant folding from taking too long, but fundamentally you'll always be able to come up with an input program that takes a long time.

If you'd like to file a bug, run with envvar XLA_FLAGS=--xla_dump_to=/tmp/foo and attach the results.
Compiled in 130.85s; warming up
{"batch": 4096, "steps": 100, "compile_s": 130.85020185285248, "host": "gh123.hpc.nyu.edu", "argument_bytes": 6610952, "output_bytes": 6611040, "temporary_bytes": 54564240, "samples_s": [4.039097007131204, 4.025468107080087, 4.036771959159523, 4.032521697925404, 4.0405817329883575], "fps_samples": [101408.80480880581, 101752.14139185105, 101467.2129473672, 101574.1589712277, 101371.54178961889], "median_fps": 101467.2129473672, "q25_fps": 101408.80480880581, "q75_fps": 101574.1589712277}
Compiling batch=8192, steps=100
E1007 04:07:06.246864 2713754 slow_operation_alarm.cc:73] Constant folding an instruction is taking > 2s:

  %reduce_and.8 = pred[8192]{0} reduce(%broadcast.51121, %constant.64010), dimensions={1,2,3}, to_apply=%region_3762.4021, metadata={op_name="jit(rollout)/while/body/closed_call/vmap(jit(step))/jit(step_env)/jit(reset)/reduce_and" stack_frame_id=299}

This isn't necessarily a bug; constant-folding is inherently a trade-off between compilation time and speed at runtime. XLA has some guards that attempt to keep constant folding from taking too long, but fundamentally you'll always be able to come up with an input program that takes a long time.

If you'd like to file a bug, run with envvar XLA_FLAGS=--xla_dump_to=/tmp/foo and attach the results.
E1007 04:07:10.909760 2711156 slow_operation_alarm.cc:140] The operation took 6.663852008s
Constant folding an instruction is taking > 2s:

  %reduce_and.8 = pred[8192]{0} reduce(%broadcast.51121, %constant.64010), dimensions={1,2,3}, to_apply=%region_3762.4021, metadata={op_name="jit(rollout)/while/body/closed_call/vmap(jit(step))/jit(step_env)/jit(reset)/reduce_and" stack_frame_id=299}

This isn't necessarily a bug; constant-folding is inherently a trade-off between compilation time and speed at runtime. XLA has some guards that attempt to keep constant folding from taking too long, but fundamentally you'll always be able to come up with an input program that takes a long time.

If you'd like to file a bug, run with envvar XLA_FLAGS=--xla_dump_to=/tmp/foo and attach the results.
Compiled in 170.42s; warming up
{"batch": 8192, "steps": 100, "compile_s": 170.4194848909974, "host": "gh123.hpc.nyu.edu", "argument_bytes": 13221896, "output_bytes": 13221984, "temporary_bytes": 109987784, "samples_s": [6.062429120065644, 6.055227461038157, 6.060387616045773, 6.040524080162868, 6.030658648815006], "fps_samples": [135127.35304213004, 135288.06395318298, 135172.87208346985, 135617.371792335, 135839.2254817753], "median_fps": 135288.06395318298, "q25_fps": 135172.87208346985, "q75_fps": 135617.371792335}
Compiling batch=16384, steps=100
E1007 04:13:15.626885 2713754 slow_operation_alarm.cc:73] Constant folding an instruction is taking > 4s:

  %reduce_and.8 = pred[16384]{0} reduce(%broadcast.51121, %constant.64010), dimensions={1,2,3}, to_apply=%region_3762.4021, metadata={op_name="jit(rollout)/while/body/closed_call/vmap(jit(step))/jit(step_env)/jit(reset)/reduce_and" stack_frame_id=299}

This isn't necessarily a bug; constant-folding is inherently a trade-off between compilation time and speed at runtime. XLA has some guards that attempt to keep constant folding from taking too long, but fundamentally you'll always be able to come up with an input program that takes a long time.

If you'd like to file a bug, run with envvar XLA_FLAGS=--xla_dump_to=/tmp/foo and attach the results.
E1007 04:13:24.996610 2711156 slow_operation_alarm.cc:140] The operation took 13.370271442s
Constant folding an instruction is taking > 4s:

  %reduce_and.8 = pred[16384]{0} reduce(%broadcast.51121, %constant.64010), dimensions={1,2,3}, to_apply=%region_3762.4021, metadata={op_name="jit(rollout)/while/body/closed_call/vmap(jit(step))/jit(step_env)/jit(reset)/reduce_and" stack_frame_id=299}

This isn't necessarily a bug; constant-folding is inherently a trade-off between compilation time and speed at runtime. XLA has some guards that attempt to keep constant folding from taking too long, but fundamentally you'll always be able to come up with an input program that takes a long time.

If you'd like to file a bug, run with envvar XLA_FLAGS=--xla_dump_to=/tmp/foo and attach the results.
Compiled in 271.01s; warming up
{"batch": 16384, "steps": 100, "compile_s": 271.00533505296335, "host": "gh123.hpc.nyu.edu", "argument_bytes": 26443784, "output_bytes": 26443872, "temporary_bytes": 219764168, "samples_s": [10.025337409228086, 9.940896167885512, 9.995262956945226, 10.031443221960217, 10.02997640403919], "fps_samples": [163425.92105597278, 164814.1145757986, 163917.6484958362, 163326.4490211454, 163350.3344374965], "median_fps": 163425.92105597278, "q25_fps": 163350.3344374965, "q75_fps": 163917.6484958362}
Compiling batch=32768, steps=100
Compiled in 319.32s; warming up
{"batch": 32768, "steps": 100, "compile_s": 319.3166474739555, "host": "gh123.hpc.nyu.edu", "argument_bytes": 52887560, "output_bytes": 52887648, "temporary_bytes": 437096136, "samples_s": [23.106687292922288, 23.119795521022752, 23.073871528962627, 23.047659737989306, 23.01349906809628], "fps_samples": [141811.76031250932, 141731.35731327801, 142013.4456364168, 142174.9556029271, 142385.9965972164], "median_fps": 142013.4456364168, "q25_fps": 141811.76031250932, "q75_fps": 142174.9556029271}
Stopped: regression
