/scratch/se2161/script-doctor/.venv/lib/python3.13/site-packages/pydantic/_internal/_generate_schema.py:2249: UnsupportedFieldAttributeWarning: The 'repr' attribute with value False was provided to the `Field()` function, which has no effect in the context it was used. 'repr' is field-specific metadata, and can only be attached to a model field using `Annotated` metadata or by assignment. This may have happened because an `Annotated` type alias using the `type` statement was used, or if the `Field()` function was attached to a single member of a union type.
  warnings.warn(
/scratch/se2161/script-doctor/.venv/lib/python3.13/site-packages/pydantic/_internal/_generate_schema.py:2249: UnsupportedFieldAttributeWarning: The 'frozen' attribute with value True was provided to the `Field()` function, which has no effect in the context it was used. 'frozen' is field-specific metadata, and can only be attached to a model field using `Annotated` metadata or by assignment. This may have happened because an `Annotated` type alias using the `type` statement was used, or if the `Field()` function was attached to a single member of a union type.
  warnings.warn(
Writing pretty tree to /scratch/se2161/puzzlejax-perf-20261002/complex-terminal-20261007/data/pretty_trees/Indigestion
Parsed Indigestion successfully
Writing pretty tree to /scratch/se2161/puzzlejax-perf-20261002/complex-terminal-20261007/data/pretty_trees/Indigestion
Parsed Indigestion successfully
{"game": "Indigestion", "level": 0, "passed": true, "status": "passed", "message": "all 91 states match through the first win or action limit", "actions": [0, 1, 2, 3, 4, 0, 1, 2, 3, 4, 0, 1, 2, 3, 4, 0, 1, 2, 3, 4, 0, 1, 2, 3, 4, 0, 1, 2, 3, 4, 0, 1, 2, 3, 4, 0, 1, 2, 3, 4, 0, 3, 3, 2, 2, 4, 0, 3, 1, 0, 2, 4, 3, 3, 3, 3, 2, 0, 4, 2, 2, 1, 0, 4, 3, 3, 2, 4, 2, 2, 2, 1, 0, 2, 4, 0, 4, 4, 1, 3, 0, 3, 3, 1, 0, 4, 2, 4, 3, 3, 3, 0, 1, 2, 2, 0, 2, 0, 3, 3, 4, 3, 1, 4, 2, 1, 4, 1, 0, 2, 3, 0, 2, 0, 3, 2, 1, 1, 2, 3, 4, 2, 0, 4, 3, 3, 0, 1], "stop_on_win": true, "comparison": "Original JS versus JAX: board, heuristic and winning flag after every replayed step", "source_hashes": {"puzzlejax/validate_actions.py": "dd18a6ef176bdd59ab7ccb325fc9b67799e81368ca3edf466cd018a6c3a5a653", "puzzlejax/validate_sols_jax.py": "67c746e254c07c0eccc04764e2a45da61db0dde8f23c66acbdd327b9c2935689", "puzzlescript_jax/env.py": "ab92c0a647c6efe9809c98cfecc7110a89b23b6dfdea2e7205603429041654fe", "PuzzleScript/src/js/compiler.js": "40e2996456a6ca642c89a769ea1a75ae074ccbcb0bcfc0d5fd8d27a88ad26cd7", "PuzzleScript/src/js/engine.js": "2dec5c52816d29f9578f43c939662410a280f54e6b8d464b2d6d734b23e21085", "puzzlescript_nodejs/puzzlescript/engine.js": "b301f87a3647406a7db23c5398629eb7061c75bb31b5bc002271e89cea5c53af", "scripts/benchmarks/validate_complex_game.py": "ff802490dc5c05ba7ad1184a8738883740d8844fb70e1b5962e249020d485462"}}
Writing pretty tree to /scratch/se2161/puzzlejax-perf-20261002/complex-terminal-20261007/data/pretty_trees/Indigestion
Parsed Indigestion successfully
Compiling batch=16, steps=312
E1007 03:58:27.641712  456681 slow_operation_alarm.cc:73] 
********************************
[Compiling module jit_rollout for GPU] Very slow compile? If you want to file a bug, run with envvar XLA_FLAGS=--xla_dump_to=/tmp/foo and attach the results.
********************************
E1007 03:59:28.948194  454345 slow_operation_alarm.cc:140] The operation took 3m1.306569332s

********************************
[Compiling module jit_rollout for GPU] Very slow compile? If you want to file a bug, run with envvar XLA_FLAGS=--xla_dump_to=/tmp/foo and attach the results.
********************************
Compiled in 772.26s; warming up
{"batch": 16, "steps": 312, "compile_s": 772.2605369798839, "host": "gh109.hpc.nyu.edu", "argument_bytes": 60648, "output_bytes": 60736, "temporary_bytes": 5306336, "samples_s": [19.157329597044736, 19.653763119131327, 19.67774008307606, 19.595845823874697, 19.549714240944013], "fps_samples": [260.57911540917894, 253.99715920767852, 253.68766834629525, 254.7478707919804, 255.34900093552199], "median_fps": 254.7478707919804, "q25_fps": 253.99715920767852, "q75_fps": 255.34900093552199}
Compiling batch=256, steps=100
Compiled in 955.83s; warming up
{"batch": 256, "steps": 100, "compile_s": 955.8294870781247, "host": "gh109.hpc.nyu.edu", "argument_bytes": 970248, "output_bytes": 970336, "temporary_bytes": 66368992, "samples_s": [8.774152996949852, 8.674840237013996, 8.86733968113549, 8.88231234694831, 8.869744574883953], "fps_samples": [2917.6605432911074, 2951.0629937332296, 2886.998910672365, 2882.132377251445, 2886.216145670118], "median_fps": 2886.998910672365, "q25_fps": 2886.216145670118, "q75_fps": 2917.6605432911074}
E1007 04:41:08.467682  456681 slow_operation_alarm.cc:73] 
********************************
[Compiling module jit_reset for GPU] Very slow compile? If you want to file a bug, run with envvar XLA_FLAGS=--xla_dump_to=/tmp/foo and attach the results.
********************************
E1007 04:41:16.635937  454345 slow_operation_alarm.cc:140] The operation took 2m8.168364785s

********************************
[Compiling module jit_reset for GPU] Very slow compile? If you want to file a bug, run with envvar XLA_FLAGS=--xla_dump_to=/tmp/foo and attach the results.
********************************
Compiling batch=1024, steps=100
Compiled in 1286.84s; warming up
{"batch": 1024, "steps": 100, "compile_s": 1286.8383950621355, "host": "gh109.hpc.nyu.edu", "argument_bytes": 3880968, "output_bytes": 3881056, "temporary_bytes": 261862632, "samples_s": [15.066292447037995, 15.08410437288694, 15.117353986948729, 15.054108191980049, 15.013219462009147], "fps_samples": [6796.628988847993, 6788.603252047222, 6773.672170963585, 6802.129936501503, 6820.655640125859], "median_fps": 6796.628988847993, "q25_fps": 6788.603252047222, "q75_fps": 6802.129936501503}
E1007 05:18:51.966643  456681 slow_operation_alarm.cc:73] 
********************************
[Compiling module jit_reset for GPU] Very slow compile? If you want to file a bug, run with envvar XLA_FLAGS=--xla_dump_to=/tmp/foo and attach the results.
********************************
E1007 05:19:26.300070  454345 slow_operation_alarm.cc:140] The operation took 2m34.333525913s

********************************
[Compiling module jit_reset for GPU] Very slow compile? If you want to file a bug, run with envvar XLA_FLAGS=--xla_dump_to=/tmp/foo and attach the results.
********************************
Compiling batch=4096, steps=100
[2026-10-07T05:26:34.235] error: *** JOB 19328507 ON gh109 CANCELLED AT 2026-10-07T05:26:34 DUE TO TIME LIMIT ***
