name, driver_version, memory.total [MiB]
NVIDIA H200, 610.43.02, 143771 MiB
Writing pretty tree to /scratch/se2161/puzzlejax-perf-20261002/round5/data/pretty_trees/blocks
Parsed blocks successfully
Compiling batch=1, steps=5000
Compiled in 4.20s; warming up
{"batch": 1, "steps": 5000, "compile_s": 4.1971569519955665, "host": "gh108.hpc.nyu.edu", "argument_bytes": 626, "output_bytes": 714, "temporary_bytes": 25184, "samples_s": [1.4339811890386045, 1.4590134299360216, 1.4549785091076046, 1.4503332839813083, 1.4616889860481024], "fps_samples": [3486.796087856766, 3426.9732528913405, 3436.476874882981, 3447.483454475033, 3420.700332098867], "median_fps": 3436.476874882981, "q25_fps": 3426.9732528913405, "q75_fps": 3447.483454475033}
Compiling batch=16, steps=312
Compiled in 4.06s; warming up
{"batch": 16, "steps": 312, "compile_s": 4.063183450140059, "host": "gh108.hpc.nyu.edu", "argument_bytes": 9896, "output_bytes": 9984, "temporary_bytes": 291424, "samples_s": [0.17843086109496653, 0.1754142539575696, 0.17956900503486395, 0.1774377371184528, 0.1755073021631688], "fps_samples": [27977.223050798933, 28458.34866536843, 27799.897866732546, 28133.812350568198, 28443.260983858938], "median_fps": 28133.812350568198, "q25_fps": 27977.223050798933, "q75_fps": 28443.260983858938}
Compiling batch=256, steps=100
Compiled in 4.59s; warming up
{"batch": 256, "steps": 100, "compile_s": 4.589149711886421, "host": "gh108.hpc.nyu.edu", "argument_bytes": 158216, "output_bytes": 158304, "temporary_bytes": 4550240, "samples_s": [0.07709487085230649, 0.07883667713031173, 0.0796970019582659, 0.08159437705762684, 0.08057677699252963], "fps_samples": [332058.40695995034, 324721.95597088546, 321216.6000096928, 313747.1100725451, 317709.4065498972], "median_fps": 321216.6000096928, "q25_fps": 317709.4065498972, "q75_fps": 324721.95597088546}
Compiling batch=1024, steps=100
Compiled in 5.00s; warming up
{"batch": 1024, "steps": 100, "compile_s": 5.003388152923435, "host": "gh108.hpc.nyu.edu", "argument_bytes": 632840, "output_bytes": 632928, "temporary_bytes": 23484256, "samples_s": [0.1083834960591048, 0.11486205994151533, 0.11102771386504173, 0.11277982615865767, 0.11425674194470048], "fps_samples": [944793.2916295502, 891504.1228769476, 922292.2497032675, 907963.8042352059, 896227.2007507525], "median_fps": 907963.8042352059, "q25_fps": 896227.2007507525, "q75_fps": 922292.2497032675}
Compiling batch=4096, steps=100
Compiled in 4.91s; warming up
{"batch": 4096, "steps": 100, "compile_s": 4.911352052818984, "host": "gh108.hpc.nyu.edu", "argument_bytes": 2531336, "output_bytes": 2531424, "temporary_bytes": 93923424, "samples_s": [0.20298439217731357, 0.2126633389852941, 0.2123072959948331, 0.2227502299938351, 0.21227434696629643], "fps_samples": [2017889.1372209587, 1926048.9464445221, 1929278.9636865254, 1838830.8735364098, 1929578.4245895415], "median_fps": 1929278.9636865254, "q25_fps": 1926048.9464445221, "q75_fps": 1929578.4245895415}
Compiling batch=16384, steps=100
Compiled in 4.68s; warming up
{"batch": 16384, "steps": 100, "compile_s": 4.680042662890628, "host": "gh108.hpc.nyu.edu", "argument_bytes": 10125320, "output_bytes": 10125408, "temporary_bytes": 375708000, "samples_s": [0.5650230590254068, 0.5778251769952476, 0.5752198291011155, 0.597672627074644, 0.5820513679645956], "fps_samples": [2899704.664843294, 2835459.694781481, 2848302.3656543535, 2741300.0458449614, 2814871.8312086486], "median_fps": 2835459.694781481, "q25_fps": 2814871.8312086486, "q75_fps": 2848302.3656543535}
Compiling batch=32768, steps=100
Compiled in 5.06s; warming up
{"batch": 32768, "steps": 100, "compile_s": 5.057583565125242, "host": "gh108.hpc.nyu.edu", "argument_bytes": 20250632, "output_bytes": 20250720, "temporary_bytes": 751443296, "samples_s": [1.0171618720050901, 1.0262073609046638, 1.0330081540159881, 1.063835385022685, 1.0619113110005856], "fps_samples": [3221512.8095005928, 3193116.8347022017, 3172094.999696667, 3080175.792357317, 3085756.7539349743], "median_fps": 3172094.999696667, "q25_fps": 3085756.7539349743, "q75_fps": 3193116.8347022017}
Compiling batch=65536, steps=100
Compiled in 4.80s; warming up
{"batch": 65536, "steps": 100, "compile_s": 4.804563578916714, "host": "gh108.hpc.nyu.edu", "argument_bytes": 40501256, "output_bytes": 40501344, "temporary_bytes": 1502879072, "samples_s": [1.924650764092803, 1.980216072872281, 1.9878771340008825, 2.0632016339804977, 2.0594817311502993], "fps_samples": [3405085.287298386, 3309537.827603872, 3296783.2306667552, 3176422.4553061533, 3182159.8127697706], "median_fps": 3296783.2306667552, "q25_fps": 3182159.8127697706, "q75_fps": 3309537.827603872}
Compiling batch=131072, steps=100
Compiled in 4.80s; warming up
{"batch": 131072, "steps": 100, "compile_s": 4.798869404010475, "host": "gh108.hpc.nyu.edu", "argument_bytes": 81002504, "output_bytes": 81002592, "temporary_bytes": 3005751136, "samples_s": [3.7725976009387523, 3.9831276058685035, 4.0293192870449275, 4.060728070093319, 4.086823794059455], "fps_samples": [3474317.0055397577, 3290680.41422741, 3252956.4093226083, 3227795.551377265, 3207185.0073527577], "median_fps": 3252956.4093226083, "q25_fps": 3227795.551377265, "q75_fps": 3290680.41422741}
Compiling batch=262144, steps=100
Compiled in 5.03s; warming up
{"batch": 262144, "steps": 100, "compile_s": 5.025026791030541, "host": "gh108.hpc.nyu.edu", "argument_bytes": 162005000, "output_bytes": 162005088, "temporary_bytes": 6011494240, "samples_s": [7.910210616188124, 8.309431876987219, 8.332906106021255, 8.359014617977664, 8.344230128917843], "fps_samples": [3313995.198351942, 3154776.450192724, 3145889.281178603, 3136063.423506989, 3141619.969127065], "median_fps": 3145889.281178603, "q25_fps": 3141619.969127065, "q75_fps": 3154776.450192724}
Stopped: plateau
