name, driver_version, memory.total [MiB]
NVIDIA H200, 610.43.02, 143771 MiB
Writing pretty tree to /scratch/se2161/puzzlejax-perf-20261002/round5/data/pretty_trees/Slidings
Parsed Slidings successfully
Compiling batch=32768, steps=100
Compiled in 76.15s; warming up
{"batch": 32768, "steps": 100, "compile_s": 76.15073417592794, "host": "gh118.hpc.nyu.edu", "argument_bytes": 10944520, "output_bytes": 10944608, "temporary_bytes": 224408744, "samples_s": [1.8014583559706807, 1.8013198340777308, 1.8016911649610847, 1.800881780916825, 1.8041878829244524], "fps_samples": [1818970.7184401497, 1819110.5976900042, 1818735.6766389962, 1819553.0848958828, 1816218.8267712754], "median_fps": 1818970.7184401497, "q25_fps": 1818735.6766389962, "q75_fps": 1819110.5976900042}
Compiling batch=65536, steps=100
Compiled in 81.09s; warming up
{"batch": 65536, "steps": 100, "compile_s": 81.08683001506142, "host": "gh118.hpc.nyu.edu", "argument_bytes": 21889032, "output_bytes": 21889120, "temporary_bytes": 448739496, "samples_s": [3.1626204170752317, 3.160874417051673, 3.162477944046259, 3.1607330029364675, 3.163583080051467], "fps_samples": [2072205.6825462228, 2073350.325038511, 2072299.037638486, 2073443.0886479185, 2071575.12041485], "median_fps": 2072299.037638486, "q25_fps": 2072205.6825462228, "q75_fps": 2073350.325038511}
Compiling batch=131072, steps=100
Compiled in 110.43s; warming up
{"batch": 131072, "steps": 100, "compile_s": 110.4340645079501, "host": "gh118.hpc.nyu.edu", "argument_bytes": 43778056, "output_bytes": 43778144, "temporary_bytes": 897402536, "samples_s": [5.891555187990889, 5.896446169819683, 5.899226462934166, 5.900528143160045, 5.89969077007845], "fps_samples": [2224743.651169931, 2222898.2716891025, 2221850.624375034, 2221360.475196446, 2221675.764173265], "median_fps": 2221850.624375034, "q25_fps": 2221675.764173265, "q75_fps": 2222898.2716891025}
Compiling batch=262144, steps=100
Compiled in 175.33s; warming up
{"batch": 262144, "steps": 100, "compile_s": 175.33076420309953, "host": "gh118.hpc.nyu.edu", "argument_bytes": 87556104, "output_bytes": 87556192, "temporary_bytes": 1794725544, "samples_s": [11.453821026952937, 11.453262761933729, 11.4514654900413, 11.45355090778321, 11.452118202112615], "fps_samples": [2288703.4761860445, 2288815.034186298, 2289174.2565872637, 2288757.4526940915, 2289043.785381479], "median_fps": 2288815.034186298, "q25_fps": 2288757.4526940915, "q75_fps": 2289043.785381479}
Compiling batch=524288, steps=100
Compiled in 124.01s; warming up
{"batch": 524288, "steps": 100, "compile_s": 124.0098503769841, "host": "gh118.hpc.nyu.edu", "argument_bytes": 175112200, "output_bytes": 175112288, "temporary_bytes": 3589364136, "samples_s": [22.410550792934373, 22.413681012112647, 22.40901793492958, 22.414284114027396, 22.40999452699907], "fps_samples": [2339469.4973998507, 2339142.774971536, 2339629.525588345, 2339079.8355763145, 2339527.5682390253], "median_fps": 2339469.4973998507, "q25_fps": 2339142.774971536, "q75_fps": 2339527.5682390253}
Compiling batch=1048576, steps=100
Compiled in 164.01s; warming up
{"batch": 1048576, "steps": 100, "compile_s": 164.01305999304168, "host": "gh118.hpc.nyu.edu", "argument_bytes": 350224392, "output_bytes": 350224480, "temporary_bytes": 7178640296, "samples_s": [44.46693660202436, 44.447439381852746, 44.43584886798635, 44.42953299591318, 44.437905702972785], "fps_samples": [2358102.6266429685, 2359137.0269759987, 2359752.3772195624, 2360087.827383764, 2359643.15467246], "median_fps": 2359643.15467246, "q25_fps": 2359137.0269759987, "q75_fps": 2359752.3772195624}
Stopped: plateau
