name, driver_version, memory.total [MiB]
NVIDIA H200, 610.43.02, 143771 MiB
Writing pretty tree to /scratch/se2161/puzzlejax-perf-20261002/round5/data/pretty_trees/Magnet_Jack
Parsed Magnet_Jack successfully
Compiling batch=1, steps=5000
Compiled in 18.91s; warming up
{"batch": 1, "steps": 5000, "compile_s": 18.905071335844696, "host": "gh103.hpc.nyu.edu", "argument_bytes": 5494, "output_bytes": 5582, "temporary_bytes": 114528, "samples_s": [10.942553219152614, 10.922301814192906, 10.892505666939542, 10.945485833799466, 10.895801099017262], "fps_samples": [456.93175074063726, 457.7789631763138, 459.03120483799995, 456.80932540793106, 458.89237097499614], "median_fps": 457.7789631763138, "q25_fps": 456.93175074063726, "q75_fps": 458.89237097499614}
Compiling batch=16, steps=312
Compiled in 18.01s; warming up
{"batch": 16, "steps": 312, "compile_s": 18.007370778825134, "host": "gh103.hpc.nyu.edu", "argument_bytes": 87784, "output_bytes": 87872, "temporary_bytes": 1482848, "samples_s": [1.4578685418237, 1.4527428769506514, 1.4505631129723042, 1.4682614719495177, 1.4748464960139245], "fps_samples": [3424.1770480590303, 3436.258459224629, 3441.422131416982, 3399.9393809412963, 3384.759033222715], "median_fps": 3424.1770480590303, "q25_fps": 3399.9393809412963, "q75_fps": 3436.258459224629}
Compiling batch=256, steps=100
Compiled in 20.88s; warming up
{"batch": 256, "steps": 100, "compile_s": 20.883745705941692, "host": "gh103.hpc.nyu.edu", "argument_bytes": 1404424, "output_bytes": 1404512, "temporary_bytes": 20544096, "samples_s": [0.5982317919842899, 0.6077327779494226, 0.6040413959417492, 0.6055875720921904, 0.6068622278980911], "fps_samples": [42792.77755380858, 42123.77697707546, 42381.201308376454, 42272.99432773504, 42184.20396449348], "median_fps": 42272.99432773504, "q25_fps": 42184.20396449348, "q75_fps": 42381.201308376454}
Compiling batch=1024, steps=100
Compiled in 21.73s; warming up
{"batch": 1024, "steps": 100, "compile_s": 21.72573667904362, "host": "gh103.hpc.nyu.edu", "argument_bytes": 5617672, "output_bytes": 5617760, "temporary_bytes": 78851424, "samples_s": [0.8836381991859525, 0.8875136689748615, 0.8834296120330691, 0.8845029210206121, 0.8868963120039552], "fps_samples": [115884.5329393133, 115378.50466943112, 115911.8945134102, 115771.24005632731, 115458.8181437193], "median_fps": 115771.24005632731, "q25_fps": 115458.8181437193, "q75_fps": 115884.5329393133}
Compiling batch=4096, steps=100
Compiled in 26.10s; warming up
{"batch": 4096, "steps": 100, "compile_s": 26.09778878185898, "host": "gh103.hpc.nyu.edu", "argument_bytes": 22470664, "output_bytes": 22470752, "temporary_bytes": 327899744, "samples_s": [2.294332501012832, 2.2975631810259074, 2.29514843900688, 2.295636030845344, 2.293022779049352], "fps_samples": [178526.86993676037, 178275.83736657267, 178463.40264476993, 178425.4971155724, 178628.84038588277], "median_fps": 178463.40264476993, "q25_fps": 178425.4971155724, "q75_fps": 178526.86993676037}
Compiling batch=16384, steps=100
Compiled in 46.96s; warming up
{"batch": 16384, "steps": 100, "compile_s": 46.956537016900256, "host": "gh103.hpc.nyu.edu", "argument_bytes": 89882632, "output_bytes": 89882720, "temporary_bytes": 1311412832, "samples_s": [7.568529499927536, 7.567952353972942, 7.5664991398807615, 7.568516236031428, 7.567633213941008], "fps_samples": [216475.34042322048, 216491.84923051088, 216533.42843382905, 216475.7197982969, 216500.97906195535], "median_fps": 216491.84923051088, "q25_fps": 216475.7197982969, "q75_fps": 216500.97906195535}
Compiling batch=32768, steps=100
Compiled in 76.14s; warming up
{"batch": 32768, "steps": 100, "compile_s": 76.14115157094784, "host": "gh103.hpc.nyu.edu", "argument_bytes": 179765256, "output_bytes": 179765344, "temporary_bytes": 2622756448, "samples_s": [15.71280322293751, 15.709176182048395, 15.709050139877945, 15.709663558052853, 15.712396670132875], "fps_samples": [208543.31041430825, 208591.46030487274, 208593.1339465099, 208584.98897134533, 208548.7064000077], "median_fps": 208584.98897134533, "q25_fps": 208548.7064000077, "q75_fps": 208591.46030487274}
Compiling batch=65536, steps=100
Compiled in 27.20s; warming up
{"batch": 65536, "steps": 100, "compile_s": 27.199976209085435, "host": "gh103.hpc.nyu.edu", "argument_bytes": 359530504, "output_bytes": 359530592, "temporary_bytes": 5245443680, "samples_s": [30.619361551012844, 30.609306582948193, 30.61198852187954, 30.60927329887636, 30.61149349878542], "fps_samples": [214034.50849494335, 214104.8175083742, 214086.059627126, 214105.05032279145, 214089.52164519607], "median_fps": 214089.52164519607, "q25_fps": 214086.059627126, "q75_fps": 214104.8175083742}
Stopped: plateau
