name, driver_version, memory.total [MiB]
NVIDIA H200, 610.43.02, 143771 MiB
Writing pretty tree to /scratch/se2161/puzzlejax-perf-20261002/round5/data/pretty_trees/sokoban_match3
Parsed sokoban_match3 successfully
Compiling batch=1, steps=5000
Compiled in 21.61s; warming up
{"batch": 1, "steps": 5000, "compile_s": 21.605355383828282, "host": "gh107.hpc.nyu.edu", "argument_bytes": 369, "output_bytes": 457, "temporary_bytes": 29024, "samples_s": [2.5544158569537103, 2.5603449209593236, 2.5577989439480007, 2.5574762290343642, 2.5555921141058207], "fps_samples": [1957.3946765123794, 1952.8618816431083, 1954.8057175605936, 1955.0523845486018, 1956.4937504706052], "median_fps": 1955.0523845486018, "q25_fps": 1954.8057175605936, "q75_fps": 1956.4937504706052}
Compiling batch=16, steps=312
Compiled in 20.80s; warming up
{"batch": 16, "steps": 312, "compile_s": 20.801802115049213, "host": "gh107.hpc.nyu.edu", "argument_bytes": 5784, "output_bytes": 5872, "temporary_bytes": 200544, "samples_s": [0.22824904788285494, 0.21951517392881215, 0.21873916988261044, 0.21348167397081852, 0.21368740103207529], "fps_samples": [21870.846981854935, 22741.024734895476, 22821.70131064788, 23383.74019252993, 23361.227549633037], "median_fps": 22821.70131064788, "q25_fps": 22741.024734895476, "q75_fps": 23361.227549633037}
Compiling batch=256, steps=100
Compiled in 21.19s; warming up
{"batch": 256, "steps": 100, "compile_s": 21.19122525001876, "host": "gh107.hpc.nyu.edu", "argument_bytes": 92424, "output_bytes": 92512, "temporary_bytes": 2511712, "samples_s": [0.11939484183676541, 0.11645274190232158, 0.11507002310827374, 0.11120870593003929, 0.11165997013449669], "fps_samples": [214414.6229951867, 219831.66374453262, 222473.23245874376, 230197.80498214593, 229267.48027215377], "median_fps": 222473.23245874376, "q25_fps": 219831.66374453262, "q75_fps": 229267.48027215377}
Compiling batch=1024, steps=100
Compiled in 21.55s; warming up
{"batch": 1024, "steps": 100, "compile_s": 21.55265237390995, "host": "gh107.hpc.nyu.edu", "argument_bytes": 369672, "output_bytes": 369760, "temporary_bytes": 10532704, "samples_s": [0.13961143814958632, 0.1372554178815335, 0.13456577598117292, 0.13198616611771286, 0.1323283149395138], "fps_samples": [733464.2587828927, 746054.3385499176, 760966.1465061278, 775838.8853319202, 773832.8720259621], "median_fps": 760966.1465061278, "q25_fps": 746054.3385499176, "q75_fps": 773832.8720259621}
Compiling batch=4096, steps=100
Compiled in 21.13s; warming up
{"batch": 4096, "steps": 100, "compile_s": 21.12718317308463, "host": "gh107.hpc.nyu.edu", "argument_bytes": 1478664, "output_bytes": 1478752, "temporary_bytes": 42058592, "samples_s": [0.20693081198260188, 0.20628518611192703, 0.2026943820528686, 0.19993012817576528, 0.19612740399315953], "fps_samples": [1979405.5610937143, 1985600.6517974471, 2020776.2832477733, 2048715.737529598, 2088438.3908649802], "median_fps": 2020776.2832477733, "q25_fps": 1985600.6517974471, "q75_fps": 2048715.737529598}
Compiling batch=16384, steps=100
Compiled in 19.49s; warming up
{"batch": 16384, "steps": 100, "compile_s": 19.49198237899691, "host": "gh107.hpc.nyu.edu", "argument_bytes": 5914632, "output_bytes": 5914720, "temporary_bytes": 168179040, "samples_s": [0.451332523021847, 0.4494593639392406, 0.44866690994240344, 0.44711364107206464, 0.4452017401345074], "fps_samples": [3630139.456891504, 3645268.3633964392, 3651706.7866902105, 3664392.7840616405, 3680129.3712486285], "median_fps": 3651706.7866902105, "q25_fps": 3645268.3633964392, "q75_fps": 3664392.7840616405}
Compiling batch=32768, steps=100
Compiled in 20.73s; warming up
{"batch": 32768, "steps": 100, "compile_s": 20.732546183047816, "host": "gh107.hpc.nyu.edu", "argument_bytes": 11829256, "output_bytes": 11829344, "temporary_bytes": 336328032, "samples_s": [0.78645213204436, 0.7814948600716889, 0.7787228918168694, 0.776174076134339, 0.7736309368629009], "fps_samples": [4166560.005987969, 4192989.829388525, 4207915.33732207, 4221733.372389593, 4235611.37987518], "median_fps": 4207915.33732207, "q25_fps": 4192989.829388525, "q75_fps": 4221733.372389593}
Compiling batch=65536, steps=100
Compiled in 21.59s; warming up
{"batch": 65536, "steps": 100, "compile_s": 21.587882932974026, "host": "gh107.hpc.nyu.edu", "argument_bytes": 23658504, "output_bytes": 23658592, "temporary_bytes": 672628064, "samples_s": [1.4294593408703804, 1.416001781122759, 1.4098393020685762, 1.4046871468890458, 1.398868267191574], "fps_samples": [4584670.450304373, 4628242.765912059, 4648473.049647772, 4665522.863588684, 4684930.06361298], "median_fps": 4648473.049647772, "q25_fps": 4628242.765912059, "q75_fps": 4665522.863588684}
Compiling batch=131072, steps=100
Compiled in 23.26s; warming up
{"batch": 131072, "steps": 100, "compile_s": 23.257151748985052, "host": "gh107.hpc.nyu.edu", "argument_bytes": 47317000, "output_bytes": 47317088, "temporary_bytes": 1345226592, "samples_s": [2.7405149610713124, 2.70990131306462, 2.7002057631034404, 2.677054913016036, 2.6724569520447403], "fps_samples": [4782750.755309206, 4836781.301521679, 4854148.590859772, 4896126.686184822, 4904550.469922992], "median_fps": 4854148.590859772, "q25_fps": 4836781.301521679, "q75_fps": 4896126.686184822}
Compiling batch=262144, steps=100
Compiled in 27.42s; warming up
{"batch": 262144, "steps": 100, "compile_s": 27.423294035019353, "host": "gh107.hpc.nyu.edu", "argument_bytes": 94633992, "output_bytes": 94634080, "temporary_bytes": 2690418528, "samples_s": [5.316563615808263, 5.29418727196753, 5.281289102975279, 5.223619472002611, 5.197587531991303], "fps_samples": [4930703.720360674, 4951543.769296564, 4963636.621451342, 5018435.998353844, 5043570.6640147185], "median_fps": 4963636.621451342, "q25_fps": 4951543.769296564, "q75_fps": 5018435.998353844}
Compiling batch=524288, steps=100
Compiled in 36.27s; warming up
{"batch": 524288, "steps": 100, "compile_s": 36.266605938086286, "host": "gh107.hpc.nyu.edu", "argument_bytes": 189267976, "output_bytes": 189268064, "temporary_bytes": 5380803168, "samples_s": [10.427693590056151, 10.4241742270533, 10.430635655997321, 10.325037538073957, 10.329065662110224], "fps_samples": [5027842.403232494, 5029539.8808602365, 5026424.249595461, 5077831.417722876, 5075851.167480023], "median_fps": 5029539.8808602365, "q25_fps": 5027842.403232494, "q75_fps": 5075851.167480023}
Stopped: plateau
