name, driver_version, memory.total [MiB]
NVIDIA H200, 610.43.02, 143771 MiB
Writing pretty tree to /scratch/se2161/puzzlejax-perf-20261002/round5/data/pretty_trees/sokoban_basic
Parsed sokoban_basic successfully
Compiling batch=32768, steps=100
Compiled in 11.87s; warming up
{"batch": 32768, "steps": 100, "compile_s": 11.869485194096342, "host": "gh101.hpc.nyu.edu", "argument_bytes": 8388616, "output_bytes": 8388704, "temporary_bytes": 224741216, "samples_s": [0.44304561894387007, 0.44322593603283167, 0.44286784599535167, 0.43902429402805865, 0.4157154180575162], "fps_samples": [7396078.1009667115, 7393069.163166646, 7399046.983497631, 7463823.857981252, 7882315.299517322], "median_fps": 7399046.983497631, "q25_fps": 7396078.1009667115, "q75_fps": 7463823.857981252}
Compiling batch=65536, steps=100
Compiled in 12.71s; warming up
{"batch": 65536, "steps": 100, "compile_s": 12.709719222038984, "host": "gh101.hpc.nyu.edu", "argument_bytes": 16777224, "output_bytes": 16777312, "temporary_bytes": 449466208, "samples_s": [0.802413361845538, 0.8028066800907254, 0.8022128320299089, 0.8027515360154212, 0.782505946001038], "fps_samples": [8167361.501716302, 8163360.07475595, 8169403.103932975, 8163920.847202344, 8375144.027328972], "median_fps": 8167361.501716302, "q25_fps": 8163920.847202344, "q75_fps": 8169403.103932975}
Compiling batch=131072, steps=100
Compiled in 14.46s; warming up
{"batch": 131072, "steps": 100, "compile_s": 14.46143127209507, "host": "gh101.hpc.nyu.edu", "argument_bytes": 33554440, "output_bytes": 33554528, "temporary_bytes": 898912608, "samples_s": [1.4637311960104853, 1.4640275901183486, 1.4634870830923319, 1.4641445979941636, 1.449756348039955], "fps_samples": [8954649.621272476, 8952836.741922634, 8956143.27685396, 8952121.271325585, 9040967.482377782], "median_fps": 8954649.621272476, "q25_fps": 8952836.741922634, "q75_fps": 8956143.27685396}
Compiling batch=262144, steps=100
Compiled in 17.98s; warming up
{"batch": 262144, "steps": 100, "compile_s": 17.984411193057895, "host": "gh101.hpc.nyu.edu", "argument_bytes": 67108872, "output_bytes": 67108960, "temporary_bytes": 1797804384, "samples_s": [2.828211582964286, 2.825441096909344, 2.8252369589172304, 2.825326249934733, 2.8228503719437867], "fps_samples": [9268896.343506357, 9277984.959118439, 9278655.34154935, 9278362.100874394, 9286500.00741946], "median_fps": 9278362.100874394, "q25_fps": 9277984.959118439, "q75_fps": 9278655.34154935}
Compiling batch=524288, steps=100
Compiled in 25.80s; warming up
{"batch": 524288, "steps": 100, "compile_s": 25.796551309991628, "host": "gh101.hpc.nyu.edu", "argument_bytes": 134217736, "output_bytes": 134217824, "temporary_bytes": 3595588704, "samples_s": [5.576547347009182, 5.5760656169150025, 5.577585194958374, 5.578083293978125, 5.577762923901901], "fps_samples": [9401659.617956737, 9402471.850574564, 9399910.206192965, 9399070.834349144, 9399610.68896124], "median_fps": 9399910.206192965, "q25_fps": 9399610.68896124, "q75_fps": 9401659.617956737}
Compiling batch=1048576, steps=100
Compiled in 40.10s; warming up
{"batch": 1048576, "steps": 100, "compile_s": 40.09541200497188, "host": "gh101.hpc.nyu.edu", "argument_bytes": 268435464, "output_bytes": 268435552, "temporary_bytes": 7191155808, "samples_s": [10.969888956053182, 10.971790085081011, 10.967142276931554, 10.967518477933481, 10.965809704037383], "fps_samples": [9558674.697626688, 9557018.425150245, 9561068.631393522, 9560740.673560046, 9562230.499166297], "median_fps": 9560740.673560046, "q25_fps": 9558674.697626688, "q75_fps": 9561068.631393522}
Stopped: plateau
