name, driver_version, memory.total [MiB]
NVIDIA H200, 610.43.02, 143771 MiB
Writing pretty tree to /scratch/se2161/puzzlejax-perf-20261002/round5/data/pretty_trees/notsnake
Parsed notsnake successfully
Compiling batch=32768, steps=100
Compiled in 14.47s; warming up
{"batch": 32768, "steps": 100, "compile_s": 14.473339307121933, "host": "gh106.hpc.nyu.edu", "argument_bytes": 5439496, "output_bytes": 5439584, "temporary_bytes": 233862496, "samples_s": [0.3773073630873114, 0.3778733750805259, 0.37598521006293595, 0.37567993998527527, 0.37563313683494925], "fps_samples": [8684696.67060732, 8671687.967700038, 8715236.430314634, 8722318.258804113, 8723405.042510413], "median_fps": 8715236.430314634, "q25_fps": 8684696.67060732, "q75_fps": 8722318.258804113}
Compiling batch=65536, steps=100
Compiled in 14.86s; warming up
{"batch": 65536, "steps": 100, "compile_s": 14.856120012002066, "host": "gh106.hpc.nyu.edu", "argument_bytes": 10878984, "output_bytes": 10879072, "temporary_bytes": 467696992, "samples_s": [0.6667978730984032, 0.6667095019947737, 0.6674249011557549, 0.6666794449556619, 0.6685976199805737], "fps_samples": [9828465.663136343, 9829768.407967541, 9819232.079371588, 9830211.580073318, 9802009.166874416], "median_fps": 9828465.663136343, "q25_fps": 9819232.079371588, "q75_fps": 9829768.407967541}
Compiling batch=131072, steps=100
Compiled in 15.63s; warming up
{"batch": 131072, "steps": 100, "compile_s": 15.631178579991683, "host": "gh106.hpc.nyu.edu", "argument_bytes": 21757960, "output_bytes": 21758048, "temporary_bytes": 935364448, "samples_s": [1.223641098011285, 1.2242467121686786, 1.2241629511117935, 1.2242271429859102, 1.2237258788663894], "fps_samples": [10711637.60460677, 10706338.738522232, 10707071.299695803, 10706509.878576392, 10710895.492495414], "median_fps": 10707071.299695803, "q25_fps": 10706509.878576392, "q75_fps": 10710895.492495414}
Compiling batch=262144, steps=100
Compiled in 17.75s; warming up
{"batch": 262144, "steps": 100, "compile_s": 17.747002850053832, "host": "gh106.hpc.nyu.edu", "argument_bytes": 43515912, "output_bytes": 43516000, "temporary_bytes": 1870694240, "samples_s": [2.3509654230438173, 2.3495688401162624, 2.3496339549310505, 2.3495846630539745, 2.35060420492664], "fps_samples": [11150483.007129883, 11157110.850475378, 11156801.656268734, 11157035.714527817, 11152196.505501498], "median_fps": 11156801.656268734, "q25_fps": 11152196.505501498, "q75_fps": 11157035.714527817}
Compiling batch=524288, steps=100
Compiled in 22.61s; warming up
{"batch": 524288, "steps": 100, "compile_s": 22.605395045131445, "host": "gh106.hpc.nyu.edu", "argument_bytes": 87031816, "output_bytes": 87031904, "temporary_bytes": 3741354592, "samples_s": [4.609775661956519, 4.611522305989638, 4.610015733866021, 4.607790650101379, 4.608144538011402], "fps_samples": [11373395.116097199, 11369087.36880732, 11372802.833371786, 11378294.714593096, 11377420.90499295], "median_fps": 11373395.116097199, "q25_fps": 11372802.833371786, "q75_fps": 11377420.90499295}
Compiling batch=1048576, steps=100
Compiled in 31.71s; warming up
{"batch": 1048576, "steps": 100, "compile_s": 31.71220875205472, "host": "gh106.hpc.nyu.edu", "argument_bytes": 174063624, "output_bytes": 174063712, "temporary_bytes": 7482673760, "samples_s": [9.09030149015598, 9.085733477026224, 9.088309308048338, 9.09250089712441, 9.084417443023995], "fps_samples": [11535106.961364463, 11540906.440315269, 11537635.488169534, 11532316.706524849, 11542578.3389689], "median_fps": 11537635.488169534, "q25_fps": 11535106.961364463, "q75_fps": 11540906.440315269}
Stopped: plateau
