name, driver_version, memory.total [MiB]
NVIDIA H200, 610.43.02, 143771 MiB
Writing pretty tree to /scratch/se2161/puzzlejax-perf-20261002/round5/data/pretty_trees/Multi-word_Dictionary_Game
Parsed Multi-word_Dictionary_Game successfully
Compiling batch=1, steps=5000
Compiled in 26.44s; warming up
{"batch": 1, "steps": 5000, "compile_s": 26.436568947974592, "host": "gh103.hpc.nyu.edu", "argument_bytes": 495, "output_bytes": 583, "temporary_bytes": 50016, "samples_s": [3.4616915062069893, 3.4926537009887397, 3.458808616967872, 3.482108390890062, 3.4990610349923372], "fps_samples": [1444.3805841839878, 1431.576224858635, 1445.5844638155197, 1435.911648552086, 1428.954782439498], "median_fps": 1435.911648552086, "q25_fps": 1431.576224858635, "q75_fps": 1444.3805841839878}
Compiling batch=16, steps=312
Compiled in 22.66s; warming up
{"batch": 16, "steps": 312, "compile_s": 22.661782894982025, "host": "gh103.hpc.nyu.edu", "argument_bytes": 7800, "output_bytes": 7888, "temporary_bytes": 213088, "samples_s": [0.3766766828484833, 0.38705151015892625, 0.3910011500120163, 0.37820481113158166, 0.37115351180545986], "fps_samples": [13252.744933001366, 12897.508132574518, 12767.225876053268, 13199.197506409371, 13449.960302723895], "median_fps": 13199.197506409371, "q25_fps": 12897.508132574518, "q75_fps": 13252.744933001366}
Compiling batch=256, steps=100
Compiled in 20.79s; warming up
{"batch": 256, "steps": 100, "compile_s": 20.79214824317023, "host": "gh103.hpc.nyu.edu", "argument_bytes": 124680, "output_bytes": 124768, "temporary_bytes": 2951008, "samples_s": [0.19581605889834464, 0.19392836512997746, 0.1947143618017435, 0.19527690019458532, 0.19996085693128407], "fps_samples": [130734.93636847174, 132007.5069103068, 131474.63681218182, 131095.89498036206, 128025.05646791343], "median_fps": 131095.89498036206, "q25_fps": 130734.93636847174, "q75_fps": 131474.63681218182}
Compiling batch=1024, steps=100
Compiled in 21.23s; warming up
{"batch": 1024, "steps": 100, "compile_s": 21.227399445837364, "host": "gh103.hpc.nyu.edu", "argument_bytes": 498696, "output_bytes": 498784, "temporary_bytes": 10948192, "samples_s": [0.22606331296265125, 0.2251282180659473, 0.22634595702402294, 0.22633190103806555, 0.22698344197124243], "fps_samples": [452970.4473406434, 454851.9100790988, 452404.8114061605, 452432.9072938679, 451134.2286058625], "median_fps": 452432.9072938679, "q25_fps": 452404.8114061605, "q75_fps": 452970.4473406434}
Compiling batch=4096, steps=100
Compiled in 21.54s; warming up
{"batch": 4096, "steps": 100, "compile_s": 21.536859441082925, "host": "gh103.hpc.nyu.edu", "argument_bytes": 1994760, "output_bytes": 1994848, "temporary_bytes": 43772512, "samples_s": [0.3125907441135496, 0.31250721495598555, 0.31460673408582807, 0.3133937220554799, 0.31410420406609774], "fps_samples": [1310339.502090988, 1310689.7389799121, 1301942.8881272986, 1306982.1479304833, 1304025.844600943], "median_fps": 1306982.1479304833, "q25_fps": 1304025.844600943, "q75_fps": 1310339.502090988}
Compiling batch=16384, steps=100
Compiled in 21.00s; warming up
{"batch": 16384, "steps": 100, "compile_s": 20.997887966921553, "host": "gh103.hpc.nyu.edu", "argument_bytes": 7979016, "output_bytes": 7979104, "temporary_bytes": 182531176, "samples_s": [0.6772401980124414, 0.6858111610636115, 0.6936904480680823, 0.6894416550640017, 0.6955178868956864], "fps_samples": [2419230.289058981, 2388995.824242692, 2361860.4012249555, 2376415.738686264, 2355654.729905928], "median_fps": 2376415.738686264, "q25_fps": 2361860.4012249555, "q75_fps": 2388995.824242692}
Compiling batch=32768, steps=100
Compiled in 22.57s; warming up
{"batch": 32768, "steps": 100, "compile_s": 22.569744386943057, "host": "gh103.hpc.nyu.edu", "argument_bytes": 15958024, "output_bytes": 15958112, "temporary_bytes": 365016168, "samples_s": [1.196704784873873, 1.2158500219229609, 1.2274366759229451, 1.2244391571730375, 1.234160215826705], "fps_samples": [2738185.759276762, 2695069.244492415, 2669628.5554088396, 2676164.0060298424, 2655084.775848999], "median_fps": 2676164.0060298424, "q25_fps": 2669628.5554088396, "q75_fps": 2695069.244492415}
Compiling batch=65536, steps=100
Compiled in 25.00s; warming up
{"batch": 65536, "steps": 100, "compile_s": 24.995203305967152, "host": "gh103.hpc.nyu.edu", "argument_bytes": 31916040, "output_bytes": 31916128, "temporary_bytes": 733657192, "samples_s": [2.199304967885837, 2.2498207059688866, 2.263823074987158, 2.265221267938614, 2.2776877600699663], "fps_samples": [2979850.496268323, 2912943.2325931448, 2894925.876677521, 2893139.0026917225, 2877303.9548663534], "median_fps": 2894925.876677521, "q25_fps": 2893139.0026917225, "q75_fps": 2912943.2325931448}
Compiling batch=131072, steps=100
Compiled in 29.76s; warming up
{"batch": 131072, "steps": 100, "compile_s": 29.759625628823414, "host": "gh103.hpc.nyu.edu", "argument_bytes": 63832072, "output_bytes": 63832160, "temporary_bytes": 1400423016, "samples_s": [4.233725852100179, 4.314678075024858, 4.321056186920032, 4.3282048548571765, 4.339156340109184], "fps_samples": [3095901.921353281, 3037816.442406189, 3033332.461557869, 3028322.4661353314, 3020679.360834044], "median_fps": 3033332.461557869, "q25_fps": 3028322.4661353314, "q75_fps": 3037816.442406189}
Compiling batch=262144, steps=100
Compiled in 39.84s; warming up
{"batch": 262144, "steps": 100, "compile_s": 39.83870741701685, "host": "gh103.hpc.nyu.edu", "argument_bytes": 127664136, "output_bytes": 127664224, "temporary_bytes": 2800796264, "samples_s": [8.347571253078058, 8.396480579162017, 8.399692296981812, 8.39175101206638, 8.394610795890912], "fps_samples": [3140362.5324352616, 3122069.9854957853, 3120876.2265517027, 3123829.5752944397, 3122765.3833375713], "median_fps": 3122765.3833375713, "q25_fps": 3122069.9854957853, "q75_fps": 3123829.5752944397}
Compiling batch=524288, steps=100
Compiled in 61.24s; warming up
{"batch": 524288, "steps": 100, "compile_s": 61.2409434649162, "host": "gh103.hpc.nyu.edu", "argument_bytes": 255328264, "output_bytes": 255328352, "temporary_bytes": 5602068840, "samples_s": [16.43232596386224, 16.440993170021102, 16.445880495011806, 16.438544364878908, 16.44587677810341], "fps_samples": [3190589.0934308837, 3188907.109066861, 3187959.441630514, 3189382.151865866, 3187960.1621365333], "median_fps": 3188907.109066861, "q25_fps": 3187960.1621365333, "q75_fps": 3189382.151865866}
Stopped: plateau
