name, driver_version, memory.total [MiB]
NVIDIA H200, 610.43.02, 143771 MiB
Writing pretty tree to /scratch/se2161/puzzlejax-perf-20261002/round5/data/pretty_trees/Travelling_salesman
Parsed Travelling_salesman successfully
Compiling batch=1, steps=5000
Compiled in 35.77s; warming up
{"batch": 1, "steps": 5000, "compile_s": 35.766290756175295, "host": "gh103.hpc.nyu.edu", "argument_bytes": 279, "output_bytes": 367, "temporary_bytes": 39776, "samples_s": [2.9545977720990777, 2.9501480259932578, 2.9444040849339217, 2.948516583070159, 2.9485826280433685], "fps_samples": [1692.277726334227, 1694.8302105337907, 1698.1364839100236, 1695.7679765849316, 1695.72999326728], "median_fps": 1695.72999326728, "q25_fps": 1694.8302105337907, "q75_fps": 1695.7679765849316}
Compiling batch=16, steps=312
Compiled in 28.29s; warming up
{"batch": 16, "steps": 312, "compile_s": 28.289836595999077, "host": "gh103.hpc.nyu.edu", "argument_bytes": 4344, "output_bytes": 4432, "temporary_bytes": 131424, "samples_s": [0.22810467006638646, 0.2267499479930848, 0.2274251759517938, 0.22533687693066895, 0.22629104414954782], "fps_samples": [21884.690035268253, 22015.44055107012, 21950.07645529152, 22153.497767415694, 22060.086464142], "median_fps": 22015.44055107012, "q25_fps": 21950.07645529152, "q75_fps": 22060.086464142}
Compiling batch=256, steps=100
Compiled in 27.02s; warming up
{"batch": 256, "steps": 100, "compile_s": 27.024705867050216, "host": "gh103.hpc.nyu.edu", "argument_bytes": 69384, "output_bytes": 69472, "temporary_bytes": 1531488, "samples_s": [0.1101998530793935, 0.08903743210248649, 0.0864905088674277, 0.08681574696674943, 0.0863241059705615], "fps_samples": [232305.20989493947, 287519.5229185533, 295986.2340414666, 294877.379904418, 296556.7927078235], "median_fps": 294877.379904418, "q25_fps": 287519.5229185533, "q75_fps": 295986.2340414666}
Compiling batch=1024, steps=100
Compiled in 27.01s; warming up
{"batch": 1024, "steps": 100, "compile_s": 27.010148094967008, "host": "gh103.hpc.nyu.edu", "argument_bytes": 277512, "output_bytes": 277600, "temporary_bytes": 6059360, "samples_s": [0.131679757963866, 0.10359658300876617, 0.08974509011022747, 0.08943373593501747, 0.08954136888496578], "fps_samples": [777644.1997113891, 988449.5899959855, 1141009.4956083882, 1144981.8005411718, 1143605.4783968488], "median_fps": 1141009.4956083882, "q25_fps": 988449.5899959855, "q75_fps": 1143605.4783968488}
Compiling batch=4096, steps=100
Compiled in 26.32s; warming up
{"batch": 4096, "steps": 100, "compile_s": 26.32318187900819, "host": "gh103.hpc.nyu.edu", "argument_bytes": 1110024, "output_bytes": 1110112, "temporary_bytes": 24130144, "samples_s": [0.1547240309882909, 0.1421517520211637, 0.1126793900039047, 0.10478559113107622, 0.10273464396595955], "fps_samples": [2647294.0071668467, 2881427.72900202, 3635092.4511199966, 3908934.382854525, 3986970.550418399], "median_fps": 3635092.4511199966, "q25_fps": 2881427.72900202, "q75_fps": 3908934.382854525}
Compiling batch=16384, steps=100
Compiled in 27.83s; warming up
{"batch": 16384, "steps": 100, "compile_s": 27.83391179284081, "host": "gh103.hpc.nyu.edu", "argument_bytes": 4440072, "output_bytes": 4440160, "temporary_bytes": 96420448, "samples_s": [0.2635825709439814, 0.2575810430571437, 0.218735784990713, 0.19303717906586826, 0.18029488204047084], "fps_samples": [6215888.987395169, 6360716.536257387, 7490315.313836565, 8487484.162006658, 9087335.044997161], "median_fps": 7490315.313836565, "q25_fps": 6360716.536257387, "q75_fps": 8487484.162006658}
Compiling batch=32768, steps=100
Compiled in 30.91s; warming up
{"batch": 32768, "steps": 100, "compile_s": 30.91242956300266, "host": "gh103.hpc.nyu.edu", "argument_bytes": 8880136, "output_bytes": 8880224, "temporary_bytes": 192852576, "samples_s": [0.3973208509851247, 0.3954285259824246, 0.349098885897547, 0.29642210993915796, 0.2647384030278772], "fps_samples": [8247238.955306375, 8286706.15469366, 9386452.184100267, 11054506.024103865, 12377501.57333596], "median_fps": 9386452.184100267, "q25_fps": 8286706.15469366, "q75_fps": 11054506.024103865}
Compiling batch=65536, steps=100
Compiled in 37.11s; warming up
{"batch": 65536, "steps": 100, "compile_s": 37.10854622395709, "host": "gh103.hpc.nyu.edu", "argument_bytes": 17760264, "output_bytes": 17760352, "temporary_bytes": 385725032, "samples_s": [0.6652660819236189, 0.6650504579301924, 0.6237979559227824, 0.4921856380533427, 0.43461712705902755], "fps_samples": [9851095.942018036, 9854289.884103658, 10505965.814372186, 13315301.165471483, 15079019.191781465], "median_fps": 10505965.814372186, "q25_fps": 9854289.884103658, "q75_fps": 13315301.165471483}
Compiling batch=131072, steps=100
Compiled in 50.39s; warming up
{"batch": 131072, "steps": 100, "compile_s": 50.38900295388885, "host": "gh103.hpc.nyu.edu", "argument_bytes": 35520520, "output_bytes": 35520608, "temporary_bytes": 771404904, "samples_s": [1.1881437008269131, 1.1893433658406138, 1.1674590329639614, 1.0127086809370667, 0.8091615119483322], "fps_samples": [11031662.239910688, 11020534.84002577, 11227117.723114666, 12942715.162539944, 16198496.599819668], "median_fps": 11227117.723114666, "q25_fps": 11031662.239910688, "q75_fps": 12942715.162539944}
Compiling batch=262144, steps=100
Compiled in 77.73s; warming up
{"batch": 262144, "steps": 100, "compile_s": 77.73394062090665, "host": "gh103.hpc.nyu.edu", "argument_bytes": 71041032, "output_bytes": 71041120, "temporary_bytes": 1542763624, "samples_s": [2.233513834187761, 2.2293205230962485, 2.2168408390134573, 1.9474894341547042, 1.508495381101966], "fps_samples": [11736842.458167769, 11758919.243963836, 11825115.966226056, 13460612.181127544, 17377845.718592923], "median_fps": 11825115.966226056, "q25_fps": 11758919.243963836, "q75_fps": 13460612.181127544}
Compiling batch=524288, steps=100
Compiled in 135.32s; warming up
{"batch": 524288, "steps": 100, "compile_s": 135.31552542489953, "host": "gh103.hpc.nyu.edu", "argument_bytes": 142082056, "output_bytes": 142082144, "temporary_bytes": 3085485928, "samples_s": [4.33155852695927, 4.321966969873756, 4.32466086698696, 3.9968278110027313, 2.9488981091417372], "fps_samples": [12103911.253579373, 12130772.947931955, 12123216.504726239, 13117602.878880732, 17779115.4728161], "median_fps": 12130772.947931955, "q25_fps": 12123216.504726239, "q75_fps": 13117602.878880732}
Compiling batch=1048576, steps=100
Compiled in 73.00s; warming up
{"batch": 1048576, "steps": 100, "compile_s": 72.99923405307345, "host": "gh103.hpc.nyu.edu", "argument_bytes": 284164104, "output_bytes": 284164192, "temporary_bytes": 6171969128, "samples_s": [8.539975224994123, 8.541667924961075, 8.545850218040869, 8.262980910949409, 6.61284604202956], "fps_samples": [12278443.114578493, 12276009.898907168, 12270002.085765382, 12690045.04912404, 15856652.239225272], "median_fps": 12278443.114578493, "q25_fps": 12276009.898907168, "q75_fps": 12690045.04912404}
Stopped: plateau
