bounded/baseline: sokoban_basic level=0 batch=1
Writing pretty tree to /scratch/se2161/puzzlejax-perf-20261002/round5/data/pretty_trees/sokoban_basic
Parsed sokoban_basic successfully
bounded/candidate: sokoban_basic level=0 batch=1
Writing pretty tree to /scratch/se2161/puzzlejax-perf-20261002/round5/data/pretty_trees/sokoban_basic
Parsed sokoban_basic successfully
{"candidate_name": "bounded", "game": "sokoban_basic", "level": 0, "batch": 1, "steps": 100, "seed": 42, "baseline": {"compile_s": 8.45759710110724, "temporary_bytes": 20440, "samples_s": [0.03932401700876653, 0.03952659294009209, 0.03934518783353269, 0.03945897100493312, 0.03932767710648477, 0.03946820180863142, 0.0392726450227201, 0.03934383695013821, 0.03935780795291066], "median_s": 0.03934518783353269, "env_steps_per_s": 2541.606877646498}, "candidate": {"compile_s": 6.4018551830668, "temporary_bytes": 20440, "samples_s": [0.03944995114579797, 0.03942657099105418, 0.03950391290709376, 0.03941543982364237, 0.039469762006774545, 0.03932126611471176, 0.03948463289998472, 0.03927546599879861, 0.039453302044421434], "median_s": 0.03944995114579797, "env_steps_per_s": 2534.8573850046846}, "speedup": 0.9973443994422682}
{"candidate_name": "bounded", "game": "sokoban_basic", "level": 0, "batch": 1, "steps": 100, "seed": 1042, "baseline": {"compile_s": 8.45759710110724, "temporary_bytes": 20440, "samples_s": [0.04118328797630966, 0.04111892590299249, 0.04109918582253158, 0.041166267823427916, 0.04111423599533737, 0.041164027992635965, 0.040969701949507, 0.0410783551633358, 0.0410924160387367], "median_s": 0.04111423599533737, "env_steps_per_s": 2432.247555599493}, "candidate": {"compile_s": 6.4018551830668, "temporary_bytes": 20440, "samples_s": [0.041103396099060774, 0.04105785512365401, 0.04116315790452063, 0.04105778504163027, 0.04119424894452095, 0.041019233874976635, 0.04107382497750223, 0.04112510709092021, 0.04119209898635745], "median_s": 0.041103396099060774, "env_steps_per_s": 2432.8889943545328}, "speedup": 1.0002637226435127}
bounded/baseline: sokoban_basic level=0 batch=4096
Writing pretty tree to /scratch/se2161/puzzlejax-perf-20261002/round5/data/pretty_trees/sokoban_basic
Parsed sokoban_basic successfully
bounded/candidate: sokoban_basic level=0 batch=4096
Writing pretty tree to /scratch/se2161/puzzlejax-perf-20261002/round5/data/pretty_trees/sokoban_basic
Parsed sokoban_basic successfully
{"candidate_name": "bounded", "game": "sokoban_basic", "level": 0, "batch": 4096, "steps": 100, "seed": 42, "baseline": {"compile_s": 9.583864310989156, "temporary_bytes": 24258264, "samples_s": [0.1423263589385897, 0.14252924686297774, 0.14244260406121612, 0.14260161900892854, 0.1422537479083985, 0.14236477110534906, 0.14238140219822526, 0.14245888497680426, 0.14234322006814182], "median_s": 0.14238140219822526, "env_steps_per_s": 2876780.2091859546}, "candidate": {"compile_s": 6.747309603029862, "temporary_bytes": 24258776, "samples_s": [0.14360043313354254, 0.14380760909989476, 0.1435691809747368, 0.1445088628679514, 0.14360001310706139, 0.14367995504289865, 0.14370753499679267, 0.14349183905869722, 0.14367660507559776], "median_s": 0.14367660507559776, "env_steps_per_s": 2850846.870890931}, "speedup": 0.9909852903561369}
{"candidate_name": "bounded", "game": "sokoban_basic", "level": 0, "batch": 4096, "steps": 100, "seed": 1042, "baseline": {"compile_s": 9.583864310989156, "temporary_bytes": 24258264, "samples_s": [0.1425608980935067, 0.14259111904539168, 0.14220990589819849, 0.14218942518346012, 0.1420656309928745, 0.14221827685832977, 0.1421924950554967, 0.14241289300844073, 0.1423286700155586], "median_s": 0.14221827685832977, "env_steps_per_s": 2880079.8958352}, "candidate": {"compile_s": 6.747309603029862, "temporary_bytes": 24258776, "samples_s": [0.14387578098103404, 0.14374511712230742, 0.14372478588484228, 0.1439249929971993, 0.14387948182411492, 0.14371964614838362, 0.1435529908630997, 0.14371431595645845, 0.1437925579957664], "median_s": 0.14374511712230742, "env_steps_per_s": 2849488.0953172585}, "speedup": 0.9893781417098257}
bounded/baseline: sokoban_basic level=0 batch=16384
Writing pretty tree to /scratch/se2161/puzzlejax-perf-20261002/round5/data/pretty_trees/sokoban_basic
Parsed sokoban_basic successfully
bounded/candidate: sokoban_basic level=0 batch=16384
Writing pretty tree to /scratch/se2161/puzzlejax-perf-20261002/round5/data/pretty_trees/sokoban_basic
Parsed sokoban_basic successfully
{"candidate_name": "bounded", "game": "sokoban_basic", "level": 0, "batch": 16384, "steps": 100, "seed": 42, "baseline": {"compile_s": 8.740376759087667, "temporary_bytes": 96978904, "samples_s": [0.27959765191189945, 0.27954318979755044, 0.27928111096844077, 0.2796575240790844, 0.27929166215471923, 0.27968272496946156, 0.2792549701407552, 0.27944648708216846, 0.2793501331470907], "median_s": 0.27944648708216846, "env_steps_per_s": 5863018.773673991}, "candidate": {"compile_s": 6.423633106984198, "temporary_bytes": 96979416, "samples_s": [0.28133273986168206, 0.2814042419195175, 0.2812433068174869, 0.28844927600584924, 0.28147500404156744, 0.2815608971286565, 0.28240272495895624, 0.28174414299428463, 0.28134543006308377], "median_s": 0.28147500404156744, "env_steps_per_s": 5820765.526156794}, "speedup": 0.992793260750431}
{"candidate_name": "bounded", "game": "sokoban_basic", "level": 0, "batch": 16384, "steps": 100, "seed": 1042, "baseline": {"compile_s": 8.740376759087667, "temporary_bytes": 96978904, "samples_s": [0.2789066690020263, 0.2789487501140684, 0.27926795091480017, 0.2791995189618319, 0.27892389008775353, 0.27910677599720657, 0.2794691070448607, 0.2790697240270674, 0.2788775679655373], "median_s": 0.2790697240270674, "env_steps_per_s": 5870934.246672667}, "candidate": {"compile_s": 6.423633106984198, "temporary_bytes": 96979416, "samples_s": [0.28165562986396253, 0.28194612986408174, 0.2818281459622085, 0.28170949313789606, 0.281660339795053, 0.2816466400399804, 0.2819119789637625, 0.28238980495370924, 0.28164213011041284], "median_s": 0.28170949313789606, "env_steps_per_s": 5815920.442546136}, "speedup": 0.9906294634184143}
bounded/baseline: blocks level=0 batch=1
Writing pretty tree to /scratch/se2161/puzzlejax-perf-20261002/round5/data/pretty_trees/blocks
Parsed blocks successfully
bounded/candidate: blocks level=0 batch=1
Writing pretty tree to /scratch/se2161/puzzlejax-perf-20261002/round5/data/pretty_trees/blocks
Parsed blocks successfully
{"candidate_name": "bounded", "game": "blocks", "level": 0, "batch": 1, "steps": 100, "seed": 42, "baseline": {"compile_s": 2.9309351339470595, "temporary_bytes": 25304, "samples_s": [0.03795445105060935, 0.03803342394530773, 0.03802893403917551, 0.03808297519572079, 0.037884759018197656, 0.03796312096528709, 0.03796639200299978, 0.03805238497443497, 0.03805988491512835], "median_s": 0.03802893403917551, "env_steps_per_s": 2629.57672957609}, "candidate": {"compile_s": 2.1179038549307734, "temporary_bytes": 25304, "samples_s": [0.037934191059321165, 0.037919080117717385, 0.03803624399006367, 0.03789578005671501, 0.038001323118805885, 0.03794902190566063, 0.03792495001107454, 0.037966362200677395, 0.038036145037040114], "median_s": 0.03794902190566063, "env_steps_per_s": 2635.1140287250355}, "speedup": 1.0021057758409042}
{"candidate_name": "bounded", "game": "blocks", "level": 0, "batch": 1, "steps": 100, "seed": 1042, "baseline": {"compile_s": 2.9309351339470595, "temporary_bytes": 25304, "samples_s": [0.03773569408804178, 0.03785325796343386, 0.03773332410492003, 0.037885598838329315, 0.03779287589713931, 0.03791248984634876, 0.03778387513011694, 0.03784033702686429, 0.03768983297049999], "median_s": 0.03779287589713931, "env_steps_per_s": 2646.0013329541134}, "candidate": {"compile_s": 2.1179038549307734, "temporary_bytes": 25304, "samples_s": [0.037783695850521326, 0.03776650479994714, 0.03787553892470896, 0.03774122381582856, 0.0377100829500705, 0.03786629904061556, 0.03778077592141926, 0.03778613591566682, 0.03784560807980597], "median_s": 0.037783695850521326, "env_steps_per_s": 2646.644213832783}, "speedup": 1.000242963172642}
bounded/baseline: blocks level=0 batch=4096
Writing pretty tree to /scratch/se2161/puzzlejax-perf-20261002/round5/data/pretty_trees/blocks
Parsed blocks successfully
bounded/candidate: blocks level=0 batch=4096
Writing pretty tree to /scratch/se2161/puzzlejax-perf-20261002/round5/data/pretty_trees/blocks
Parsed blocks successfully
{"candidate_name": "bounded", "game": "blocks", "level": 0, "batch": 4096, "steps": 100, "seed": 42, "baseline": {"compile_s": 3.31674072612077, "temporary_bytes": 79366360, "samples_s": [0.1798714881297201, 0.1799436800647527, 0.17984845698811114, 0.1799590198788792, 0.17985953809693456, 0.1798725880216807, 0.1798306959681213, 0.1799668208695948, 0.18001040304079652], "median_s": 0.1798725880216807, "env_steps_per_s": 2277167.4355996335}, "candidate": {"compile_s": 2.470747660845518, "temporary_bytes": 79366872, "samples_s": [0.1807019750121981, 0.18055232102051377, 0.18072334583848715, 0.1804877279791981, 0.1805808711796999, 0.18070492497645319, 0.18071750598028302, 0.18070108513347805, 0.18066469300538301], "median_s": 0.18070108513347805, "env_steps_per_s": 2266726.84172008}, "speedup": 0.9954150960898472}
{"candidate_name": "bounded", "game": "blocks", "level": 0, "batch": 4096, "steps": 100, "seed": 1042, "baseline": {"compile_s": 3.31674072612077, "temporary_bytes": 79366360, "samples_s": [0.1797725239302963, 0.17980020493268967, 0.17978553497232497, 0.17982815601862967, 0.17977091390639544, 0.179877137998119, 0.179895528126508, 0.17980048502795398, 0.1797863848041743], "median_s": 0.17980020493268967, "env_steps_per_s": 2278084.166552194}, "candidate": {"compile_s": 2.470747660845518, "temporary_bytes": 79366872, "samples_s": [0.18044719705358148, 0.1805189191363752, 0.18051835894584656, 0.1804912278894335, 0.18049233919009566, 0.18049482791684568, 0.18042931682430208, 0.1804245561361313, 0.1804348360747099], "median_s": 0.1804912278894335, "env_steps_per_s": 2269362.3661916438}, "speedup": 0.9961714319037868}
bounded/baseline: blocks level=0 batch=16384
Writing pretty tree to /scratch/se2161/puzzlejax-perf-20261002/round5/data/pretty_trees/blocks
Parsed blocks successfully
bounded/candidate: blocks level=0 batch=16384
Writing pretty tree to /scratch/se2161/puzzlejax-perf-20261002/round5/data/pretty_trees/blocks
Parsed blocks successfully
{"candidate_name": "bounded", "game": "blocks", "level": 0, "batch": 16384, "steps": 100, "seed": 42, "baseline": {"compile_s": 3.180005401140079, "temporary_bytes": 317496280, "samples_s": [0.5272796130739152, 0.5270399050787091, 0.5270291450433433, 0.5269798620138317, 0.5271901399828494, 0.5271738390438259, 0.5270256951916963, 0.5270802569575608, 0.5270283641293645], "median_s": 0.5270399050787091, "env_steps_per_s": 3108683.012826739}, "candidate": {"compile_s": 2.564450294012204, "temporary_bytes": 317496792, "samples_s": [0.5265120579861104, 0.5266718831844628, 0.526554788928479, 0.5267902570776641, 0.5263634519651532, 0.5267661160323769, 0.526476426050067, 0.5262283280026168, 0.526845017913729], "median_s": 0.526554788928479, "env_steps_per_s": 3111547.049707948}, "speedup": 1.0009213023230068}
{"candidate_name": "bounded", "game": "blocks", "level": 0, "batch": 16384, "steps": 100, "seed": 1042, "baseline": {"compile_s": 3.180005401140079, "temporary_bytes": 317496280, "samples_s": [0.5252750560175627, 0.5251625918317586, 0.5252740269061178, 0.5249344049952924, 0.5249065239913762, 0.5251541018951684, 0.5249987179413438, 0.5249498249031603, 0.5249020350165665], "median_s": 0.5249987179413438, "env_steps_per_s": 3120769.525732542}, "candidate": {"compile_s": 2.564450294012204, "temporary_bytes": 317496792, "samples_s": [0.5242155010346323, 0.5243659969419241, 0.5240752659738064, 0.5241615101695061, 0.5242740730755031, 0.5243403250351548, 0.5241477699019015, 0.5243023738730699, 0.524275123141706], "median_s": 0.5242740730755031, "env_steps_per_s": 3125083.013143865}, "speedup": 1.0013821871098636}
bounded/baseline: Zen_Puzzle_Garden level=0 batch=1
Writing pretty tree to /scratch/se2161/puzzlejax-perf-20261002/round5/data/pretty_trees/Zen_Puzzle_Garden
Parsed Zen_Puzzle_Garden successfully
bounded/candidate: Zen_Puzzle_Garden level=0 batch=1
Writing pretty tree to /scratch/se2161/puzzlejax-perf-20261002/round5/data/pretty_trees/Zen_Puzzle_Garden
Parsed Zen_Puzzle_Garden successfully
{"candidate_name": "bounded", "game": "Zen_Puzzle_Garden", "level": 0, "batch": 1, "steps": 100, "seed": 42, "baseline": {"compile_s": 6.330490669934079, "temporary_bytes": 28632, "samples_s": [0.03779050800949335, 0.037820769008249044, 0.037670194171369076, 0.0378304289188236, 0.037796798860654235, 0.037818938959389925, 0.03766466397792101, 0.037785627879202366, 0.03781167883425951], "median_s": 0.037796798860654235, "env_steps_per_s": 2645.7267021122825}, "candidate": {"compile_s": 4.459520749980584, "temporary_bytes": 28632, "samples_s": [0.037792198127135634, 0.03771634609438479, 0.03782422002404928, 0.03772732592187822, 0.03775339713320136, 0.03775623696856201, 0.03779423888772726, 0.037697795080021024, 0.03785257996059954], "median_s": 0.03775623696856201, "env_steps_per_s": 2648.569032005644}, "speedup": 1.0010743097127504}
{"candidate_name": "bounded", "game": "Zen_Puzzle_Garden", "level": 0, "batch": 1, "steps": 100, "seed": 1042, "baseline": {"compile_s": 6.330490669934079, "temporary_bytes": 28632, "samples_s": [0.038341955980286, 0.038416179828345776, 0.03843501885421574, 0.038355426862835884, 0.03820070205256343, 0.03840227797627449, 0.0381740799639374, 0.038348606089130044, 0.03823657287284732], "median_s": 0.038348606089130044, "env_steps_per_s": 2607.6567103268226}, "candidate": {"compile_s": 4.459520749980584, "temporary_bytes": 28632, "samples_s": [0.03831770597025752, 0.03833002597093582, 0.03842036984860897, 0.03833788586780429, 0.038382927887141705, 0.03816409106366336, 0.03830371587537229, 0.03826303407549858, 0.03836314706131816], "median_s": 0.03833002597093582, "env_steps_per_s": 2608.9207472968096}, "speedup": 1.0004847405584414}
bounded/baseline: Zen_Puzzle_Garden level=0 batch=4096
Writing pretty tree to /scratch/se2161/puzzlejax-perf-20261002/round5/data/pretty_trees/Zen_Puzzle_Garden
Parsed Zen_Puzzle_Garden successfully
bounded/candidate: Zen_Puzzle_Garden level=0 batch=4096
Writing pretty tree to /scratch/se2161/puzzlejax-perf-20261002/round5/data/pretty_trees/Zen_Puzzle_Garden
Parsed Zen_Puzzle_Garden successfully
{"candidate_name": "bounded", "game": "Zen_Puzzle_Garden", "level": 0, "batch": 4096, "steps": 100, "seed": 42, "baseline": {"compile_s": 6.834916598163545, "temporary_bytes": 81712600, "samples_s": [0.1337735850829631, 0.1334432428702712, 0.13384235720150173, 0.13350000511854887, 0.13379853498190641, 0.13357850792817771, 0.13407113519497216, 0.13358902791514993, 0.13377826404757798], "median_s": 0.1337735850829631, "env_steps_per_s": 3061889.9818374165}, "candidate": {"compile_s": 5.541515714023262, "temporary_bytes": 81713112, "samples_s": [0.13427530089393258, 0.134560750098899, 0.1339861210435629, 0.13438429404050112, 0.13414026610553265, 0.13442065590061247, 0.13428298197686672, 0.1343909038696438, 0.13434412307105958], "median_s": 0.13434412307105958, "env_steps_per_s": 3048886.6251584925}, "speedup": 0.995753160056025}
{"candidate_name": "bounded", "game": "Zen_Puzzle_Garden", "level": 0, "batch": 4096, "steps": 100, "seed": 1042, "baseline": {"compile_s": 6.834916598163545, "temporary_bytes": 81712600, "samples_s": [0.13442176580429077, 0.13383599603548646, 0.1341491169296205, 0.13379371399059892, 0.13448461797088385, 0.13393371901474893, 0.13433060189709067, 0.13386427704244852, 0.13435885403305292], "median_s": 0.1341491169296205, "env_steps_per_s": 3053318.64551066}, "candidate": {"compile_s": 5.541515714023262, "temporary_bytes": 81713112, "samples_s": [0.13460388081148267, 0.13497680285945535, 0.1344894680660218, 0.13478738791309297, 0.1342756908852607, 0.13472299510613084, 0.1345482300966978, 0.13477162807248533, 0.13456686004064977], "median_s": 0.13460388081148267, "env_steps_per_s": 3043002.9025215013}, "speedup": 0.9966214653015906}
bounded/baseline: Zen_Puzzle_Garden level=0 batch=16384
Writing pretty tree to /scratch/se2161/puzzlejax-perf-20261002/round5/data/pretty_trees/Zen_Puzzle_Garden
Parsed Zen_Puzzle_Garden successfully
bounded/candidate: Zen_Puzzle_Garden level=0 batch=16384
Writing pretty tree to /scratch/se2161/puzzlejax-perf-20261002/round5/data/pretty_trees/Zen_Puzzle_Garden
Parsed Zen_Puzzle_Garden successfully
{"candidate_name": "bounded", "game": "Zen_Puzzle_Garden", "level": 0, "batch": 16384, "steps": 100, "seed": 42, "baseline": {"compile_s": 4.928386009996757, "temporary_bytes": 326809048, "samples_s": [0.39177249395288527, 0.39191150898113847, 0.3917391130235046, 0.39180821483023465, 0.3917016820050776, 0.3920364431105554, 0.39167356095276773, 0.3917497240472585, 0.39172511198557913], "median_s": 0.3917497240472585, "env_steps_per_s": 4182262.039838355}, "candidate": {"compile_s": 4.006934200879186, "temporary_bytes": 326809560, "samples_s": [0.3959953940939158, 0.39602284599095583, 0.3959476430900395, 0.39591999212279916, 0.39602667605504394, 0.3959079319611192, 0.3958952911198139, 0.3960656470153481, 0.3960483269765973], "median_s": 0.3959953940939158, "env_steps_per_s": 4137421.860041712}, "speedup": 0.9892784862905492}
{"candidate_name": "bounded", "game": "Zen_Puzzle_Garden", "level": 0, "batch": 16384, "steps": 100, "seed": 1042, "baseline": {"compile_s": 4.928386009996757, "temporary_bytes": 326809048, "samples_s": [0.39179147500544786, 0.3916167481802404, 0.391844276804477, 0.39172524213790894, 0.3919160489458591, 0.391770533984527, 0.39680250198580325, 0.3921440460253507, 0.39173322287388146], "median_s": 0.39179147500544786, "env_steps_per_s": 4181816.3602901725}, "candidate": {"compile_s": 4.006934200879186, "temporary_bytes": 326809560, "samples_s": [0.3960728170350194, 0.3959537330083549, 0.39610787807032466, 0.3960280360188335, 0.3961898509878665, 0.39611193793825805, 0.39703767909668386, 0.396206142148003, 0.39610707806423306], "median_s": 0.39610787807032466, "env_steps_per_s": 4136246.943589241}, "speedup": 0.9891029608249536}
