batched_select/baseline: sokoban_basic level=0 batch=4096
Writing pretty tree to /scratch/se2161/puzzlejax-perf-20261002/round4/data/pretty_trees/sokoban_basic
Parsed sokoban_basic successfully
batched_select/candidate: sokoban_basic level=0 batch=4096
Writing pretty tree to /scratch/se2161/puzzlejax-perf-20261002/round4/data/pretty_trees/sokoban_basic
Parsed sokoban_basic successfully
{"candidate_name": "batched_select", "game": "sokoban_basic", "level": 0, "batch": 4096, "steps": 100, "seed": 42, "baseline": {"compile_s": 12.284412514884025, "temporary_bytes": 23963352, "samples_s": [0.14103720290586352, 0.14085829490795732, 0.1408745830412954, 0.14070068183355033, 0.1406326019205153, 0.14109240495599806, 0.14065211778506637, 0.1408149190247059, 0.14064430189318955], "median_s": 0.1408149190247059, "env_steps_per_s": 2908782.697436597}, "candidate": {"compile_s": 9.140090674860403, "temporary_bytes": 24127192, "samples_s": [0.14325842703692615, 0.14355879300273955, 0.14355176500976086, 0.1437210168223828, 0.14536943286657333, 0.14337472594343126, 0.14342936896719038, 0.14360751304775476, 0.1435967239085585], "median_s": 0.14355879300273955, "env_steps_per_s": 2853186.429285342}, "speedup": 0.9808867578178837}
{"candidate_name": "batched_select", "game": "sokoban_basic", "level": 0, "batch": 4096, "steps": 100, "seed": 1042, "baseline": {"compile_s": 12.284412514884025, "temporary_bytes": 23963352, "samples_s": [0.1405104489531368, 0.14058664510957897, 0.14071818511001766, 0.14073701412416995, 0.14013544097542763, 0.14073314401321113, 0.14041094714775681, 0.14066652511246502, 0.14023369899950922], "median_s": 0.14058664510957897, "env_steps_per_s": 2913505.7578245862}, "candidate": {"compile_s": 9.140090674860403, "temporary_bytes": 24127192, "samples_s": [0.1428093989379704, 0.14306042506359518, 0.14293455705046654, 0.1428044440690428, 0.14318206906318665, 0.14291577297262847, 0.14331196690909564, 0.1428781421855092, 0.1431825899053365], "median_s": 0.14293455705046654, "env_steps_per_s": 2865647.107685657}, "speedup": 0.983573517913806}
batched_select/baseline: blocks level=0 batch=4096
Writing pretty tree to /scratch/se2161/puzzlejax-perf-20261002/round4/data/pretty_trees/blocks
Parsed blocks successfully
batched_select/candidate: blocks level=0 batch=4096
Writing pretty tree to /scratch/se2161/puzzlejax-perf-20261002/round4/data/pretty_trees/blocks
Parsed blocks successfully
{"candidate_name": "batched_select", "game": "blocks", "level": 0, "batch": 4096, "steps": 100, "seed": 42, "baseline": {"compile_s": 3.9796241000294685, "temporary_bytes": 79252696, "samples_s": [0.21519360900856555, 0.21471676812507212, 0.2148350791539997, 0.21488961088471115, 0.21477649407461286, 0.21496015088632703, 0.21480934391729534, 0.21473742299713194, 0.21477922494523227], "median_s": 0.21480934391729534, "env_steps_per_s": 1906807.1832001025}, "candidate": {"compile_s": 3.3147235130891204, "temporary_bytes": 79366872, "samples_s": [0.21240410301834345, 0.21236276207491755, 0.21241472009569407, 0.21232171193696558, 0.21235028794035316, 0.21214604005217552, 0.21229667798615992, 0.21238355292007327, 0.21247594384476542], "median_s": 0.21236276207491755, "env_steps_per_s": 1928775.063942241}, "speedup": 1.011520766722344}
{"candidate_name": "batched_select", "game": "blocks", "level": 0, "batch": 4096, "steps": 100, "seed": 1042, "baseline": {"compile_s": 3.9796241000294685, "temporary_bytes": 79252696, "samples_s": [0.2148368249181658, 0.21460460987873375, 0.21470154309645295, 0.21487260097637773, 0.21456518513150513, 0.21452988497912884, 0.21451466693542898, 0.21469419612549245, 0.21479492005892098], "median_s": 0.21469419612549245, "env_steps_per_s": 1907829.868677874}, "candidate": {"compile_s": 3.3147235130891204, "temporary_bytes": 79366872, "samples_s": [0.21231938991695642, 0.21223427378572524, 0.2124707200564444, 0.21247561019845307, 0.21236467896960676, 0.21217202208936214, 0.21248913602903485, 0.21235582511872053, 0.21234186412766576], "median_s": 0.21235582511872053, "env_steps_per_s": 1928838.0705874553}, "speedup": 1.0110115698755362}
batched_select/baseline: Zen_Puzzle_Garden level=0 batch=4096
Writing pretty tree to /scratch/se2161/puzzlejax-perf-20261002/round4/data/pretty_trees/Zen_Puzzle_Garden
Parsed Zen_Puzzle_Garden successfully
batched_select/candidate: Zen_Puzzle_Garden level=0 batch=4096
Writing pretty tree to /scratch/se2161/puzzlejax-perf-20261002/round4/data/pretty_trees/Zen_Puzzle_Garden
Parsed Zen_Puzzle_Garden successfully
{"candidate_name": "batched_select", "game": "Zen_Puzzle_Garden", "level": 0, "batch": 4096, "steps": 100, "seed": 42, "baseline": {"compile_s": 9.190932717872784, "temporary_bytes": 81638616, "samples_s": [0.1342211039736867, 0.13413534802384675, 0.13385183410719037, 0.1339920130558312, 0.1339811789803207, 0.13414384215138853, 0.1339422850869596, 0.13413319014944136, 0.1339334030635655], "median_s": 0.1339920130558312, "env_steps_per_s": 3056898.621482235}, "candidate": {"compile_s": 7.922815414145589, "temporary_bytes": 81712600, "samples_s": [0.13444319902919233, 0.1343703749589622, 0.1345931440591812, 0.13432095292955637, 0.1344465878792107, 0.1343173689674586, 0.1345998349133879, 0.13442356884479523, 0.13447953388094902], "median_s": 0.13444319902919233, "env_steps_per_s": 3046639.792549577}, "speedup": 0.9966440401848577}
{"candidate_name": "batched_select", "game": "Zen_Puzzle_Garden", "level": 0, "batch": 4096, "steps": 100, "seed": 1042, "baseline": {"compile_s": 9.190932717872784, "temporary_bytes": 81638616, "samples_s": [0.1343125670682639, 0.13483433704823256, 0.1340207471512258, 0.13409534702077508, 0.13413024484179914, 0.13403064291924238, 0.13396458281204104, 0.13409661292098463, 0.13409027899615467], "median_s": 0.13409534702077508, "env_steps_per_s": 3054542.973340765}, "candidate": {"compile_s": 7.922815414145589, "temporary_bytes": 81712600, "samples_s": [0.13453438808210194, 0.1342566180974245, 0.1343551438767463, 0.13450204185210168, 0.13464793004095554, 0.13429479906335473, 0.13442319305613637, 0.13425521878525615, 0.13417162979021668], "median_s": 0.1343551438767463, "env_steps_per_s": 3048636.5328576905}, "speedup": 0.9980663423187612}
