ERROR:2026-10-04 23:39:42,627:jax._src.xla_bridge:491: Jax plugin configuration error: Exception when calling jax_plugins.xla_cuda12.initialize()
Traceback (most recent call last):
  File "/home/jupyter-smearle/script-doctor/.venv/lib/python3.13/site-packages/jax/_src/xla_bridge.py", line 489, in discover_pjrt_plugins
    plugin_module.initialize()
    ~~~~~~~~~~~~~~~~~~~~~~~~^^
  File "/home/jupyter-smearle/script-doctor/.venv/lib/python3.13/site-packages/jax_plugins/xla_cuda12/__init__.py", line 328, in initialize
    _check_cuda_versions(raise_on_first_error=True)
    ~~~~~~~~~~~~~~~~~~~~^^^^^^^^^^^^^^^^^^^^^^^^^^^
  File "/home/jupyter-smearle/script-doctor/.venv/lib/python3.13/site-packages/jax_plugins/xla_cuda12/__init__.py", line 285, in _check_cuda_versions
    local_device_count = cuda_versions.cuda_device_count()
RuntimeError: jaxlib/cuda/versions_helpers.cc:113: operation cuInit(0) failed: CUDA_ERROR_NO_DEVICE
masked/baseline: sokoban_basic level=0 batch=3
Writing pretty tree to /home/jupyter-smearle/script-doctor/data/pretty_trees/sokoban_basic
Parsed sokoban_basic successfully
masked/candidate: sokoban_basic level=0 batch=3
Writing pretty tree to /home/jupyter-smearle/script-doctor/data/pretty_trees/sokoban_basic
Parsed sokoban_basic successfully
{"candidate_name": "masked", "game": "sokoban_basic", "level": 0, "batch": 3, "steps": 5, "seed": 42, "baseline": {"compile_s": 6.684884484857321, "temporary_bytes": 41544, "samples_s": [0.0032852236181497574], "median_s": 0.0032852236181497574, "env_steps_per_s": 4565.899233504239}, "candidate": {"compile_s": 6.407591538503766, "temporary_bytes": 41544, "samples_s": [0.0025530755519866943], "median_s": 0.0025530755519866943, "env_steps_per_s": 5875.26678884518}, "speedup": 1.2867710145096711}
batched/baseline: sokoban_basic level=0 batch=3
Writing pretty tree to /home/jupyter-smearle/script-doctor/data/pretty_trees/sokoban_basic
Parsed sokoban_basic successfully
batched/candidate: sokoban_basic level=0 batch=3
Writing pretty tree to /home/jupyter-smearle/script-doctor/data/pretty_trees/sokoban_basic
Parsed sokoban_basic successfully
{"candidate_name": "batched", "game": "sokoban_basic", "level": 0, "batch": 3, "steps": 5, "seed": 42, "baseline": {"compile_s": 6.505225837230682, "temporary_bytes": 41544, "samples_s": [0.005370309576392174], "median_s": 0.005370309576392174, "env_steps_per_s": 2793.135067285478}, "candidate": {"compile_s": 6.507140664383769, "temporary_bytes": 41736, "samples_s": [0.0055447351187467575], "median_s": 0.0055447351187467575, "env_steps_per_s": 2705.268994597231}, "speedup": 0.9685421325601559}
