masked/baseline: sokoban_basic level=0 batch=256
Writing pretty tree to /scratch/se2161/puzzlejax-perf-20261002/round4/data/pretty_trees/sokoban_basic
Parsed sokoban_basic successfully
masked/candidate: sokoban_basic level=0 batch=256
Writing pretty tree to /scratch/se2161/puzzlejax-perf-20261002/round4/data/pretty_trees/sokoban_basic
Parsed sokoban_basic successfully
{"candidate_name": "masked", "game": "sokoban_basic", "level": 0, "batch": 256, "steps": 100, "seed": 42, "baseline": {"compile_s": 11.319459882099181, "temporary_bytes": 1379544, "samples_s": [0.09732751990668476, 0.09851477108895779, 0.09677613899111748, 0.09756728215143085, 0.09793511196039617, 0.09672672697342932, 0.09841807815246284, 0.09719916991889477, 0.09739996888674796], "median_s": 0.09739996888674796, "env_steps_per_s": 262833.7595237475}, "candidate": {"compile_s": 7.9649568169843405, "temporary_bytes": 1379544, "samples_s": [0.09798889001831412, 0.0967097389511764, 0.09805297898128629, 0.097008200827986, 0.09733631601557136, 0.09833772294223309, 0.09667136613279581, 0.0980914980173111, 0.0978111878503114], "median_s": 0.0978111878503114, "env_steps_per_s": 261728.7506944278}, "speedup": 0.9957957880626829}
{"candidate_name": "masked", "game": "sokoban_basic", "level": 0, "batch": 256, "steps": 100, "seed": 1042, "baseline": {"compile_s": 11.319459882099181, "temporary_bytes": 1379544, "samples_s": [0.09864897886291146, 0.09890915593132377, 0.0976149549242109, 0.0991598900873214, 0.09750089212320745, 0.09818086610175669, 0.09980603586882353, 0.09763517207466066, 0.09857710194773972], "median_s": 0.09857710194773972, "env_steps_per_s": 259695.19791291637}, "candidate": {"compile_s": 7.9649568169843405, "temporary_bytes": 1379544, "samples_s": [0.09821202093735337, 0.09798952587880194, 0.0991344281937927, 0.09735983004793525, 0.09873668104410172, 0.09804050996899605, 0.09736290317960083, 0.0989308760035783, 0.09813956497237086], "median_s": 0.09813956497237086, "env_steps_per_s": 260853.00059366622}, "speedup": 1.004458313784986}
masked/baseline: sokoban_basic level=0 batch=4096
Writing pretty tree to /scratch/se2161/puzzlejax-perf-20261002/round4/data/pretty_trees/sokoban_basic
Parsed sokoban_basic successfully
masked/candidate: sokoban_basic level=0 batch=4096
Writing pretty tree to /scratch/se2161/puzzlejax-perf-20261002/round4/data/pretty_trees/sokoban_basic
Parsed sokoban_basic successfully
{"candidate_name": "masked", "game": "sokoban_basic", "level": 0, "batch": 4096, "steps": 100, "seed": 42, "baseline": {"compile_s": 11.97566591994837, "temporary_bytes": 23963352, "samples_s": [0.14199754502624273, 0.1421690930146724, 0.14188320795074105, 0.14130798005498946, 0.14220085088163614, 0.14253407693468034, 0.1412785449065268, 0.1411765981465578, 0.14231910998933017], "median_s": 0.14199754502624273, "env_steps_per_s": 2884556.9120529606}, "candidate": {"compile_s": 8.727481235051528, "temporary_bytes": 23963352, "samples_s": [0.14242540602572262, 0.14132059016264975, 0.14194802194833755, 0.14258320489898324, 0.14221125282347202, 0.14133944711647928, 0.1421604270581156, 0.14222126104868948, 0.1418348178267479], "median_s": 0.1421604270581156, "env_steps_per_s": 2881251.8960185335}, "speedup": 0.9988542378829076}
{"candidate_name": "masked", "game": "sokoban_basic", "level": 0, "batch": 4096, "steps": 100, "seed": 1042, "baseline": {"compile_s": 11.97566591994837, "temporary_bytes": 23963352, "samples_s": [0.14247674494981766, 0.1413754429668188, 0.1422403899487108, 0.14240189013071358, 0.14109235699288547, 0.14172072289511561, 0.1423818429466337, 0.14159148186445236, 0.14167964505031705], "median_s": 0.14172072289511561, "env_steps_per_s": 2890191.297592632}, "candidate": {"compile_s": 8.727481235051528, "temporary_bytes": 23963352, "samples_s": [0.14100154815241694, 0.14256525598466396, 0.1418316839262843, 0.1419486680533737, 0.14204002800397575, 0.14204146014526486, 0.14129932690411806, 0.14249996095895767, 0.14205381693318486], "median_s": 0.14204002800397575, "env_steps_per_s": 2883694.165341443}, "speedup": 0.9977520061538484}
batched/baseline: sokoban_basic level=0 batch=256
Writing pretty tree to /scratch/se2161/puzzlejax-perf-20261002/round4/data/pretty_trees/sokoban_basic
Parsed sokoban_basic successfully
batched/candidate: sokoban_basic level=0 batch=256
Writing pretty tree to /scratch/se2161/puzzlejax-perf-20261002/round4/data/pretty_trees/sokoban_basic
Parsed sokoban_basic successfully
{"candidate_name": "batched", "game": "sokoban_basic", "level": 0, "batch": 256, "steps": 100, "seed": 42, "baseline": {"compile_s": 7.921185032930225, "temporary_bytes": 1379544, "samples_s": [0.09853085107170045, 0.09747847798280418, 0.09736643801443279, 0.09890058706514537, 0.09685101499781013, 0.09673176193609834, 0.09871025010943413, 0.09754265588708222, 0.09740515984594822], "median_s": 0.09747847798280418, "env_steps_per_s": 262622.0734028695}, "candidate": {"compile_s": 8.214765849057585, "temporary_bytes": 1379032, "samples_s": [0.09700208902359009, 0.0985576300881803, 0.09886045311577618, 0.09714926104061306, 0.09836756810545921, 0.0987436561845243, 0.09731533611193299, 0.09836791502311826, 0.09838040312752128], "median_s": 0.09836791502311826, "env_steps_per_s": 260247.4596923553}, "speedup": 0.9909580574102334}
{"candidate_name": "batched", "game": "sokoban_basic", "level": 0, "batch": 256, "steps": 100, "seed": 1042, "baseline": {"compile_s": 7.921185032930225, "temporary_bytes": 1379544, "samples_s": [0.09763614600524306, 0.09938301518559456, 0.09761876496486366, 0.09797307616099715, 0.0984381299931556, 0.09798564482480288, 0.09807707299478352, 0.09823815198615193, 0.10220265784300864], "median_s": 0.09807707299478352, "env_steps_per_s": 261019.20885589236}, "candidate": {"compile_s": 8.214765849057585, "temporary_bytes": 1379032, "samples_s": [0.09935198281891644, 0.09772615018300712, 0.0987116729374975, 0.09861162304878235, 0.09770160005427897, 0.09766621817834675, 0.09835527208633721, 0.09810498706065118, 0.1023585160728544], "median_s": 0.09835527208633721, "env_steps_per_s": 260280.91282720535}, "speedup": 0.997171487754012}
batched/baseline: sokoban_basic level=0 batch=4096
Writing pretty tree to /scratch/se2161/puzzlejax-perf-20261002/round4/data/pretty_trees/sokoban_basic
Parsed sokoban_basic successfully
batched/candidate: sokoban_basic level=0 batch=4096
Writing pretty tree to /scratch/se2161/puzzlejax-perf-20261002/round4/data/pretty_trees/sokoban_basic
Parsed sokoban_basic successfully
{"candidate_name": "batched", "game": "sokoban_basic", "level": 0, "batch": 4096, "steps": 100, "seed": 42, "baseline": {"compile_s": 8.728707082103938, "temporary_bytes": 23963352, "samples_s": [0.14135317993350327, 0.14206011313945055, 0.141950658056885, 0.14121058606542647, 0.1416825009509921, 0.14187632105313241, 0.1419888879172504, 0.1413219829555601, 0.1415563728660345], "median_s": 0.1416825009509921, "env_steps_per_s": 2890970.9897179212}, "candidate": {"compile_s": 8.847657853038982, "temporary_bytes": 24127192, "samples_s": [0.1385688039008528, 0.1370997449848801, 0.13720328896306455, 0.13810311001725495, 0.13825469696894288, 0.13718703296035528, 0.1372976340353489, 0.13832786795683205, 0.13829921907745302], "median_s": 0.13810311001725495, "env_steps_per_s": 2965899.898625191}, "speedup": 1.0259182500183373}
{"candidate_name": "batched", "game": "sokoban_basic", "level": 0, "batch": 4096, "steps": 100, "seed": 1042, "baseline": {"compile_s": 8.728707082103938, "temporary_bytes": 23963352, "samples_s": [0.14140804903581738, 0.14118072483688593, 0.14236687892116606, 0.14234553184360266, 0.1412752519827336, 0.14110567211173475, 0.14202018780633807, 0.1421236100140959, 0.1415418388787657], "median_s": 0.1415418388787657, "env_steps_per_s": 2893843.9916047235}, "candidate": {"compile_s": 8.847657853038982, "temporary_bytes": 24127192, "samples_s": [0.13821590295992792, 0.1377978299278766, 0.13753333897329867, 0.13763990998268127, 0.1377242731396109, 0.13813923089765012, 0.13795252493582666, 0.13739240914583206, 0.1373253979254514], "median_s": 0.1377242731396109, "env_steps_per_s": 2974058.1719011078}, "speedup": 1.0277189027912672}
