/scratch/se2161/script-doctor/.venv/lib/python3.13/site-packages/pydantic/_internal/_generate_schema.py:2249: UnsupportedFieldAttributeWarning: The 'repr' attribute with value False was provided to the `Field()` function, which has no effect in the context it was used. 'repr' is field-specific metadata, and can only be attached to a model field using `Annotated` metadata or by assignment. This may have happened because an `Annotated` type alias using the `type` statement was used, or if the `Field()` function was attached to a single member of a union type.
  warnings.warn(
/scratch/se2161/script-doctor/.venv/lib/python3.13/site-packages/pydantic/_internal/_generate_schema.py:2249: UnsupportedFieldAttributeWarning: The 'frozen' attribute with value True was provided to the `Field()` function, which has no effect in the context it was used. 'frozen' is field-specific metadata, and can only be attached to a model field using `Annotated` metadata or by assignment. This may have happened because an `Annotated` type alias using the `type` statement was used, or if the `Field()` function was attached to a single member of a union type.
  warnings.warn(
Writing pretty tree to /scratch/se2161/puzzlejax-perf-20261002/complex-reachable-v2-20261007/data/pretty_trees/Crate_Assembler
Parsed Crate_Assembler successfully
{"pruned_jax_rule_functions": 399}
Writing pretty tree to /scratch/se2161/puzzlejax-perf-20261002/complex-reachable-v2-20261007/data/pretty_trees/Crate_Assembler
Parsed Crate_Assembler successfully
Writing pretty tree to /scratch/se2161/puzzlejax-perf-20261002/complex-reachable-v2-20261007/data/pretty_trees/Crate_Assembler
Parsed Crate_Assembler successfully
Compiling batch=16, steps=312
Compiled in 729.07s; warming up
{"batch": 16, "steps": 312, "compile_s": 729.0679365380201, "host": "gh121.hpc.nyu.edu", "argument_bytes": 33000, "output_bytes": 33088, "temporary_bytes": 1415904, "samples_s": [3.9462926951237023, 3.9604875999502838, 3.9192240410484374, 3.8758870179299265, 3.9650108490604907], "fps_samples": [1264.9847301413913, 1260.4508596523985, 1273.7215192894619, 1287.9632396163545, 1259.012948522664], "median_fps": 1264.9847301413913, "q25_fps": 1260.4508596523985, "q75_fps": 1273.7215192894619}
Compiling batch=256, steps=100
Compiled in 598.48s; warming up
{"batch": 256, "steps": 100, "compile_s": 598.475000585895, "host": "gh121.hpc.nyu.edu", "argument_bytes": 527880, "output_bytes": 527968, "temporary_bytes": 14754784, "samples_s": [1.5105794691480696, 1.4881573799066246, 1.503914251923561, 1.4910744158551097, 1.492859411984682], "fps_samples": [16947.138844961122, 17202.481636455876, 17022.247091053672, 17168.82787859972, 17148.299293612705], "median_fps": 17148.299293612705, "q25_fps": 17022.247091053672, "q75_fps": 17168.82787859972}
Compiling batch=4096, steps=100
Compiled in 945.20s; warming up
{"batch": 4096, "steps": 100, "compile_s": 945.19940618705, "host": "gh121.hpc.nyu.edu", "argument_bytes": 8445960, "output_bytes": 8446048, "temporary_bytes": 211788256, "samples_s": [3.599317916901782, 3.597376119112596, 3.6143671409226954, 3.546047026058659, 3.552389163058251], "fps_samples": [113799.33905715535, 113860.7658575997, 113325.51011833156, 115508.90244545347, 115302.68256065037], "median_fps": 113860.7658575997, "q25_fps": 113799.33905715535, "q75_fps": 115302.68256065037}
