name, driver_version, memory.total [MiB]
NVIDIA H200, 610.43.02, 143771 MiB
Writing pretty tree to /scratch/se2161/puzzlejax-perf-20261002/round4-dispatch/data/pretty_trees/Zen_Puzzle_Garden
Parsed Zen_Puzzle_Garden successfully
Compiling batch=1, steps=5000
Compiled in 8.60s; warming up
{"batch": 1, "steps": 5000, "compile_s": 8.596288410946727, "temporary_bytes": 31072, "samples_s": [1.71522014006041, 1.7383398420643061, 1.719235213007778, 1.732775127980858, 1.7265781059395522], "fps_samples": [2915.0777111466873, 2876.307542984472, 2908.269887779096, 2885.5446498855995, 2895.9014265266323], "median_fps": 2895.9014265266323, "q25_fps": 2885.5446498855995, "q75_fps": 2908.269887779096}
Compiling batch=16, steps=312
Compiled in 8.61s; warming up
{"batch": 16, "steps": 312, "compile_s": 8.607802168931812, "temporary_bytes": 329568, "samples_s": [0.12992093013599515, 0.1322946201544255, 0.13306575501337647, 0.1334285989869386, 0.13267074106261134], "fps_samples": [38423.37023583966, 37733.96071716986, 37515.2870811741, 37413.26850391849, 37626.985121339785], "median_fps": 37626.985121339785, "q25_fps": 37515.2870811741, "q75_fps": 37733.96071716986}
Compiling batch=256, steps=100
Compiled in 8.88s; warming up
{"batch": 256, "steps": 100, "compile_s": 8.882298625074327, "temporary_bytes": 5101408, "samples_s": [0.045699651120230556, 0.045587264001369476, 0.045525691006332636, 0.045552598079666495, 0.04554073419421911], "fps_samples": [560179.3311867814, 561560.3515760665, 562319.8557587854, 561987.7038677005, 562134.1081332333], "median_fps": 561987.7038677005, "q25_fps": 561560.3515760665, "q75_fps": 562134.1081332333}
Compiling batch=1024, steps=100
Compiled in 9.30s; warming up
{"batch": 1024, "steps": 100, "compile_s": 9.29827936901711, "temporary_bytes": 25709152, "samples_s": [0.0624388640280813, 0.06228111917153001, 0.062357554910704494, 0.06216286588460207, 0.06235866900533438], "fps_samples": [1640004.212023245, 1644157.9946239816, 1642142.6424855168, 1647285.6993127272, 1642113.3041059673], "median_fps": 1642142.6424855168, "q25_fps": 1642113.3041059673, "q75_fps": 1644157.9946239816}
Compiling batch=4096, steps=100
Compiled in 9.92s; warming up
{"batch": 4096, "steps": 100, "compile_s": 9.919807884842157, "temporary_bytes": 102814560, "samples_s": [0.12464281707070768, 0.12476302590221167, 0.12444591685198247, 0.12451744801364839, 0.12468937505036592], "fps_samples": [3286190.16824404, 3283023.9330764664, 3291389.6282124175, 3289498.833569924, 3284963.132059566], "median_fps": 3286190.16824404, "q25_fps": 3284963.132059566, "q75_fps": 3289498.833569924}
Compiling batch=16384, steps=100
Compiled in 6.80s; warming up
{"batch": 16384, "steps": 100, "compile_s": 6.797314678085968, "temporary_bytes": 411120992, "samples_s": [0.3597312178462744, 0.35954349115490913, 0.3595015739556402, 0.3593189539387822, 0.35933953197672963], "fps_samples": [4554511.587315575, 4556889.612261389, 4557420.936916861, 4559737.19738463, 4559476.078201439], "median_fps": 4557420.936916861, "q25_fps": 4556889.612261389, "q75_fps": 4559476.078201439}
