name, driver_version, memory.total [MiB]
NVIDIA H200, 610.43.02, 143771 MiB
Writing pretty tree to /scratch/se2161/puzzlejax-perf-20261002/round4-dispatch/data/pretty_trees/atlas shrank
Parsed atlas shrank successfully
Object playerl appears multiple times in collision layers.
Object playerr appears multiple times in collision layers.
Object players appears multiple times in collision layers.
Object playerrh appears multiple times in collision layers.
Object playerlh appears multiple times in collision layers.
Compiling batch=1, steps=5000
Compiled in 148.27s; warming up
{"batch": 1, "steps": 5000, "compile_s": 148.27118465094827, "temporary_bytes": 314104, "samples_s": [60.087138273986056, 60.58066925685853, 60.14989428105764, 60.15070774895139, 60.89107049209997], "fps_samples": [83.21248346361479, 82.53457846099867, 83.12566563520289, 83.12454145790439, 82.11384624365738], "median_fps": 83.12454145790439, "q25_fps": 82.53457846099867, "q75_fps": 83.12566563520289}
Compiling batch=16, steps=312
Compiled in 148.56s; warming up
{"batch": 16, "steps": 312, "compile_s": 148.56006988603622, "temporary_bytes": 1394016, "samples_s": [8.378479715902358, 8.450688974000514, 8.238693512044847, 8.196233007824048, 8.470022503985092], "fps_samples": [595.8121484169952, 590.72106609987, 605.9213141867422, 609.0602835759651, 589.3726961942893], "median_fps": 595.8121484169952, "q25_fps": 590.72106609987, "q75_fps": 605.9213141867422}
Compiling batch=256, steps=100
Compiled in 160.98s; warming up
{"batch": 256, "steps": 100, "compile_s": 160.98447510111146, "temporary_bytes": 14005088, "samples_s": [3.3963022059760988, 3.4181728530675173, 3.4280244659166783, 3.396672642091289, 3.3988210149109364], "fps_samples": [7537.609566944455, 7489.381345073346, 7467.85801983895, 7536.787526347666, 7532.023571612179], "median_fps": 7532.023571612179, "q25_fps": 7489.381345073346, "q75_fps": 7536.787526347666}
Compiling batch=1024, steps=100
Compiled in 168.35s; warming up
{"batch": 1024, "steps": 100, "compile_s": 168.35024240496568, "temporary_bytes": 54666848, "samples_s": [4.378422026988119, 4.361162125132978, 4.373271508142352, 4.373501572059467, 4.378048523096368], "fps_samples": [23387.421168817782, 23479.980120408316, 23414.96516037184, 23413.733438257386, 23389.416416878306], "median_fps": 23413.733438257386, "q25_fps": 23389.416416878306, "q75_fps": 23414.96516037184}
Compiling batch=4096, steps=100
Compiled in 231.38s; warming up
{"batch": 4096, "steps": 100, "compile_s": 231.3758352699224, "temporary_bytes": 217253904, "samples_s": [8.013378639006987, 8.040591164957732, 8.062497359933332, 8.023784450022504, 8.055237988941371], "fps_samples": [51114.51966167885, 50941.52800419783, 50803.11741068117, 51048.230738408136, 50848.90112027964], "median_fps": 50941.52800419783, "q25_fps": 50848.90112027964, "q75_fps": 51048.230738408136}
Compiling batch=16384, steps=100
Compiled in 292.26s; warming up
{"batch": 16384, "steps": 100, "compile_s": 292.2578391949646, "temporary_bytes": 867656464, "samples_s": [40.86405003303662, 40.87646696600132, 40.87439328292385, 40.87154388404451, 40.88737440481782], "fps_samples": [40093.92115258846, 40081.741931432734, 40083.77540088104, 40086.569879725066, 40071.04940949559], "median_fps": 40083.77540088104, "q25_fps": 40081.741931432734, "q75_fps": 40086.569879725066}
