name, driver_version, memory.total [MiB]
NVIDIA H200, 610.43.02, 143771 MiB
Writing pretty tree to /scratch/se2161/puzzlejax-perf-20261002/round4-dispatch/data/pretty_trees/Slidings
Parsed Slidings successfully
Compiling batch=1, steps=5000
Compiled in 68.96s; warming up
{"batch": 1, "steps": 5000, "compile_s": 68.96428480092436, "temporary_bytes": 69728, "samples_s": [8.161265700822696, 8.17119883093983, 8.085380513919517, 8.129555783933029, 8.125879634870216], "fps_samples": [612.6500696449541, 611.9053156640558, 618.4000853629794, 615.0397552941116, 615.3179993638754], "median_fps": 615.0397552941116, "q25_fps": 612.6500696449541, "q75_fps": 615.3179993638754}
Compiling batch=16, steps=312
Compiled in 56.04s; warming up
{"batch": 16, "steps": 312, "compile_s": 56.03576851799153, "temporary_bytes": 176992, "samples_s": [1.0649428151082247, 1.0667499690316617, 1.067764163017273, 1.0607388068456203, 1.0677794830407947], "fps_samples": [4687.57564178945, 4679.634539414582, 4675.189684109342, 4706.153831446024, 4675.122606574077], "median_fps": 4679.634539414582, "q25_fps": 4675.189684109342, "q75_fps": 4687.57564178945}
Compiling batch=256, steps=100
Compiled in 54.04s; warming up
{"batch": 256, "steps": 100, "compile_s": 54.041620317148045, "temporary_bytes": 1811040, "samples_s": [0.40809127409011126, 0.4079536199569702, 0.407679587835446, 0.4076118478551507, 0.40718591306358576], "fps_samples": [62731.06440974091, 62752.231498032095, 62794.411993796144, 62804.847638033425, 62870.54433536439], "median_fps": 62794.411993796144, "q25_fps": 62752.231498032095, "q75_fps": 62804.847638033425}
Compiling batch=1024, steps=100
Compiled in 55.73s; warming up
{"batch": 1024, "steps": 100, "compile_s": 55.73006718815304, "temporary_bytes": 7081056, "samples_s": [0.4370381720364094, 0.436636873986572, 0.43628702918067575, 0.43616000819019973, 0.4363054649438709], "fps_samples": [234304.47624943187, 234519.8174974776, 234707.87154113167, 234776.2244982021, 234697.9541344351], "median_fps": 234697.9541344351, "q25_fps": 234519.8174974776, "q75_fps": 234707.87154113167}
Compiling batch=4096, steps=100
Compiled in 51.98s; warming up
{"batch": 4096, "steps": 100, "compile_s": 51.982803418068215, "temporary_bytes": 28106592, "samples_s": [0.5647433858830482, 0.5646165478974581, 0.5639904721174389, 0.5685930890031159, 0.5660447280388325], "fps_samples": [725285.1653313978, 725448.0966335207, 726253.4036474106, 720374.5664902997, 723617.7279119542], "median_fps": 725285.1653313978, "q25_fps": 723617.7279119542, "q75_fps": 725448.0966335207}
Compiling batch=16384, steps=100
Compiled in 58.29s; warming up
{"batch": 16384, "steps": 100, "compile_s": 58.28934199386276, "temporary_bytes": 112205664, "samples_s": [1.0860525001771748, 1.08415840822272, 1.0883352030068636, 1.0839761029928923, 1.0863721719942987], "fps_samples": [1508582.687975689, 1511218.2754601866, 1505418.5470371735, 1511472.435117643, 1508138.7780693248], "median_fps": 1508582.687975689, "q25_fps": 1508138.7780693248, "q75_fps": 1511218.2754601866}
