name, driver_version, memory.total [MiB]
NVIDIA H200, 610.43.02, 143771 MiB
Writing pretty tree to /scratch/se2161/puzzlejax-perf-20261002/round4-dispatch/data/pretty_trees/notsnake
Parsed notsnake successfully
Compiling batch=1, steps=5000
Compiled in 16.05s; warming up
{"batch": 1, "steps": 5000, "compile_s": 16.05220338399522, "temporary_bytes": 23648, "samples_s": [2.6747612960170954, 2.6750027460511774, 2.674120636889711, 2.67629653098993, 2.6762920210603625], "fps_samples": [1869.325688032553, 1869.1569597006842, 1869.7735364009366, 1868.2533650897644, 1868.2565133602166], "median_fps": 1869.1569597006842, "q25_fps": 1868.2565133602166, "q75_fps": 1869.325688032553}
Compiling batch=16, steps=312
Compiled in 16.22s; warming up
{"batch": 16, "steps": 312, "compile_s": 16.220151592046022, "temporary_bytes": 140128, "samples_s": [0.2709298119880259, 0.2714128789957613, 0.27073597512207925, 0.27063985797576606, 0.2700275459792465], "fps_samples": [18425.43632747447, 18392.64230374993, 18438.628253038874, 18445.17669103639, 18487.002805201475], "median_fps": 18438.628253038874, "q25_fps": 18425.43632747447, "q75_fps": 18445.17669103639}
Compiling batch=256, steps=100
Compiled in 15.92s; warming up
{"batch": 256, "steps": 100, "compile_s": 15.918491446878761, "temporary_bytes": 1681248, "samples_s": [0.09797576791606843, 0.09770276979543269, 0.09773363289423287, 0.10303181014023721, 0.09942922508344054], "fps_samples": [261289.0977484392, 262019.18383276707, 261936.4413446522, 248466.95370250885, 257469.57173322633], "median_fps": 261289.0977484392, "q25_fps": 257469.57173322633, "q75_fps": 261936.4413446522}
Compiling batch=1024, steps=100
Compiled in 15.25s; warming up
{"batch": 1024, "steps": 100, "compile_s": 15.250990584958345, "temporary_bytes": 6674272, "samples_s": [0.10093862400390208, 0.10076532210223377, 0.10089618200436234, 0.1009289501234889, 0.10072095110081136], "fps_samples": [1014477.8672239621, 1016222.6236532816, 1014904.6075457309, 1014575.1033247769, 1016670.3042498882], "median_fps": 1014904.6075457309, "q25_fps": 1014575.1033247769, "q75_fps": 1016222.6236532816}
Compiling batch=4096, steps=100
Compiled in 15.11s; warming up
{"batch": 4096, "steps": 100, "compile_s": 15.109581867000088, "temporary_bytes": 29251424, "samples_s": [0.13217346789315343, 0.13230487797409296, 0.13216507202014327, 0.1316776720341295, 0.1318380911834538], "fps_samples": [3098957.805443321, 3095879.8063379424, 3099154.6687734025, 3110626.074053283, 3106841.0982228057], "median_fps": 3099154.6687734025, "q25_fps": 3098957.805443321, "q75_fps": 3106841.0982228057}
Compiling batch=16384, steps=100
Compiled in 14.28s; warming up
{"batch": 16384, "steps": 100, "compile_s": 14.280096631962806, "temporary_bytes": 116923744, "samples_s": [0.23173221410252154, 0.23141614603810012, 0.23161191283725202, 0.23140844097360969, 0.23153388407081366], "fps_samples": [7070229.775110806, 7079886.291643002, 7073902.114660498, 7080122.026261119, 7076286.076118787], "median_fps": 7076286.076118787, "q25_fps": 7073902.114660498, "q75_fps": 7079886.291643002}
