name, driver_version, memory.total [MiB]
NVIDIA H200, 610.43.02, 143771 MiB
Writing pretty tree to /scratch/se2161/puzzlejax-perf-20261002/round4-dispatch/data/pretty_trees/Take_Heart_Lass
Parsed Take_Heart_Lass successfully
Object newdespair appears multiple times in collision layers.
Compiling batch=1, steps=5000
Compiled in 140.83s; warming up
{"batch": 1, "steps": 5000, "compile_s": 140.8327202720102, "temporary_bytes": 192536, "samples_s": [14.536637554178014, 14.640145977027714, 14.514650576980785, 14.623674022965133, 14.531769416062161], "fps_samples": [343.9584966857027, 341.5266492455504, 344.4795293887163, 341.91134130506197, 344.0737226723012], "median_fps": 343.9584966857027, "q25_fps": 341.91134130506197, "q75_fps": 344.0737226723012}
Compiling batch=16, steps=312
Compiled in 122.21s; warming up
{"batch": 16, "steps": 312, "compile_s": 122.20912401517853, "temporary_bytes": 444808, "samples_s": [0.9382757770363241, 0.9340291938278824, 0.9372112608980387, 0.9334058861713856, 0.9372907828073949], "fps_samples": [5320.397395068573, 5344.58669277943, 5326.440481750774, 5348.155688706898, 5325.9885742691795], "median_fps": 5326.440481750774, "q25_fps": 5325.9885742691795, "q75_fps": 5344.58669277943}
Compiling batch=256, steps=100
Compiled in 121.66s; warming up
{"batch": 256, "steps": 100, "compile_s": 121.66088556312025, "temporary_bytes": 4121224, "samples_s": [0.33542065415531397, 0.3325391800608486, 0.33200364001095295, 0.3331429350655526, 0.33272686298005283], "fps_samples": [76322.07403705711, 76983.40988065126, 77107.58833594549, 76843.89283225437, 76939.98546049086], "median_fps": 76939.98546049086, "q25_fps": 76843.89283225437, "q75_fps": 76983.40988065126}
Compiling batch=1024, steps=100
Compiled in 114.76s; warming up
{"batch": 1024, "steps": 100, "compile_s": 114.76152284420095, "temporary_bytes": 17088904, "samples_s": [0.384776066057384, 0.37959093507379293, 0.3794230979401618, 0.37894635694101453, 0.3843470031861216], "fps_samples": [266128.81889781693, 269764.08164250106, 269883.4113049948, 270222.94349682645, 266425.9097928035], "median_fps": 269764.08164250106, "q25_fps": 266425.9097928035, "q75_fps": 269883.4113049948}
Compiling batch=4096, steps=100
Compiled in 117.18s; warming up
{"batch": 4096, "steps": 100, "compile_s": 117.17907747090794, "temporary_bytes": 67149960, "samples_s": [0.5039164449553937, 0.4891446379479021, 0.4888393641449511, 0.48841305007226765, 0.48824710003100336], "fps_samples": [812833.1672848214, 837380.1289499687, 837903.0619116529, 838634.4303031908, 838919.4733035602], "median_fps": 837903.0619116529, "q25_fps": 837380.1289499687, "q75_fps": 838634.4303031908}
Compiling batch=16384, steps=100
Compiled in 141.75s; warming up
{"batch": 16384, "steps": 100, "compile_s": 141.750334686134, "temporary_bytes": 268095792, "samples_s": [1.0467595430091023, 0.9099691109731793, 0.9098293390125036, 0.909323439002037, 0.911006131907925], "fps_samples": [1565211.4288732621, 1800500.676608451, 1800777.2773938694, 1801779.135703473, 1798451.1219136254], "median_fps": 1800500.676608451, "q25_fps": 1798451.1219136254, "q75_fps": 1800777.2773938694}
