name, driver_version, memory.total [MiB]
NVIDIA H200, 610.43.02, 143771 MiB
Writing pretty tree to /scratch/se2161/puzzlejax-perf-20261002/round4-dispatch/data/pretty_trees/kettle
Parsed kettle successfully
Compiling batch=1, steps=5000
Compiled in 42.61s; warming up
{"batch": 1, "steps": 5000, "compile_s": 42.613307730993256, "temporary_bytes": 69864, "samples_s": [9.495176513912156, 9.476471801055595, 9.520385978976265, 9.430320230079815, 9.533857479924336], "fps_samples": [526.583154370442, 527.6225271353675, 525.1887907739697, 530.2046884952582, 524.4466901806132], "median_fps": 526.583154370442, "q25_fps": 525.1887907739697, "q75_fps": 527.6225271353675}
Compiling batch=16, steps=312
Compiled in 28.61s; warming up
{"batch": 16, "steps": 312, "compile_s": 28.6064475690946, "temporary_bytes": 649584, "samples_s": [0.9638925751205534, 0.9725519269704819, 0.964881548890844, 0.9724386560264975, 0.9722891461569816], "fps_samples": [5179.000366690919, 5132.887881421589, 5173.692051359498, 5133.485767007575, 5134.2751482222275], "median_fps": 5134.2751482222275, "q25_fps": 5133.485767007575, "q75_fps": 5173.692051359498}
Compiling batch=256, steps=100
Compiled in 54.16s; warming up
{"batch": 256, "steps": 100, "compile_s": 54.157916265074164, "temporary_bytes": 8458096, "samples_s": [0.4313601090107113, 0.4311423448380083, 0.4311777399852872, 0.42803998081944883, 0.43040120298974216], "fps_samples": [59347.166011042325, 59377.14146268468, 59372.267225282856, 59807.497306655365, 59479.387655452556], "median_fps": 59377.14146268468, "q25_fps": 59372.267225282856, "q75_fps": 59479.387655452556}
Compiling batch=1024, steps=100
Compiled in 31.85s; warming up
{"batch": 1024, "steps": 100, "compile_s": 31.848805690184236, "temporary_bytes": 33700976, "samples_s": [0.5748013819102198, 0.57117212517187, 0.573876592097804, 0.571497285971418, 0.573253472102806], "fps_samples": [178148.49306676546, 179280.45765396388, 178435.57554016472, 179178.45371031435, 178629.5329784515], "median_fps": 178629.5329784515, "q25_fps": 178435.57554016472, "q75_fps": 179178.45371031435}
Compiling batch=4096, steps=100
Compiled in 27.66s; warming up
{"batch": 4096, "steps": 100, "compile_s": 27.65845602704212, "temporary_bytes": 156078336, "samples_s": [1.1655147220008075, 1.1636195129249245, 1.1645875540561974, 1.1626097559928894, 1.1646588400471956], "fps_samples": [351432.71231859754, 352005.0974140264, 351712.49990898895, 352310.82303295686, 351690.97242536856], "median_fps": 351712.49990898895, "q25_fps": 351690.97242536856, "q75_fps": 352005.0974140264}
Compiling batch=16384, steps=100
Compiled in 29.49s; warming up
{"batch": 16384, "steps": 100, "compile_s": 29.488056499045342, "temporary_bytes": 576153864, "samples_s": [3.7711931969970465, 3.769375915173441, 3.7705962031614035, 3.768956030951813, 3.7708861760329455], "fps_samples": [434451.35648437135, 434660.8130552062, 434520.14263057563, 434709.23686690984, 434486.7289851831], "median_fps": 434520.14263057563, "q25_fps": 434486.7289851831, "q75_fps": 434660.8130552062}
