name, driver_version, memory.total [MiB]
NVIDIA H200, 610.43.02, 143771 MiB
Writing pretty tree to /scratch/se2161/puzzlejax-perf-20261002/round4-dispatch/data/pretty_trees/sokoban_basic
Parsed sokoban_basic successfully
Compiling batch=1, steps=5000
Compiled in 11.46s; warming up
{"batch": 1, "steps": 5000, "compile_s": 11.459554163971916, "temporary_bytes": 19552, "samples_s": [1.6871871720068157, 1.6856376060750335, 1.6853618749883026, 1.6970761329866946, 1.6965782609768212], "fps_samples": [2963.512337551012, 2966.2366228541728, 2966.7219095214805, 2946.243779411634, 2947.1083739580645], "median_fps": 2963.512337551012, "q25_fps": 2947.1083739580645, "q75_fps": 2966.2366228541728}
Compiling batch=16, steps=312
Compiled in 11.64s; warming up
{"batch": 16, "steps": 312, "compile_s": 11.639219166943803, "temporary_bytes": 134240, "samples_s": [0.18151135905645788, 0.17622228316031396, 0.18154180306009948, 0.18192897597327828, 0.1745816469192505], "fps_samples": [27502.411011353135, 28327.85905661345, 27497.79894136777, 27439.279385232316, 28594.0709581515], "median_fps": 27502.411011353135, "q25_fps": 27497.79894136777, "q75_fps": 28327.85905661345}
Compiling batch=256, steps=100
Compiled in 12.25s; warming up
{"batch": 256, "steps": 100, "compile_s": 12.247133509954438, "temporary_bytes": 1727584, "samples_s": [0.09133826498873532, 0.08607788290828466, 0.08425467694178224, 0.08360241702757776, 0.0837473759893328], "fps_samples": [280276.8369112029, 297405.08403623966, 303840.69975947955, 306211.24257155607, 305681.2192331944], "median_fps": 303840.69975947955, "q25_fps": 297405.08403623966, "q75_fps": 305681.2192331944}
Compiling batch=1024, steps=100
Compiled in 12.59s; warming up
{"batch": 1024, "steps": 100, "compile_s": 12.590016873087734, "temporary_bytes": 6642272, "samples_s": [0.09849868807941675, 0.09442384401336312, 0.08920266688801348, 0.08710239781066775, 0.08708079811185598], "fps_samples": [1039607.7551554568, 1084471.8415139725, 1147947.74161354, 1175627.7964079042, 1175919.4015248502], "median_fps": 1147947.74161354, "q25_fps": 1084471.8415139725, "q75_fps": 1175627.7964079042}
Compiling batch=4096, steps=100
Compiled in 12.76s; warming up
{"batch": 4096, "steps": 100, "compile_s": 12.758733128895983, "temporary_bytes": 28103520, "samples_s": [0.13540164288133383, 0.13412745809182525, 0.12770531699061394, 0.12153557199053466, 0.11963095306418836], "fps_samples": [3025074.078007857, 3053811.693945493, 3207384.0749332677, 3370206.7081389152, 3423863.051397976], "median_fps": 3207384.0749332677, "q25_fps": 3053811.693945493, "q75_fps": 3370206.7081389152}
Compiling batch=16384, steps=100
Compiled in 11.89s; warming up
{"batch": 16384, "steps": 100, "compile_s": 11.890589450020343, "temporary_bytes": 112363104, "samples_s": [0.26267485483549535, 0.2620173851028085, 0.26176047790795565, 0.2539242459461093, 0.2402376460377127], "fps_samples": [6237369.012827955, 6253020.193133889, 6259157.276508794, 6452318.067915893, 6819913.643937398], "median_fps": 6259157.276508794, "q25_fps": 6253020.193133889, "q75_fps": 6452318.067915893}
