production/baseline: limerick level=0 batch=1
Writing pretty tree to /scratch/se2161/puzzlejax-perf-20261002/round4-dispatch/data/pretty_trees/limerick
Parsed limerick successfully
production/candidate: limerick level=0 batch=1
Writing pretty tree to /scratch/se2161/puzzlejax-perf-20261002/round4-dispatch/data/pretty_trees/limerick
Parsed limerick successfully
{"candidate_name": "production", "game": "limerick", "level": 0, "batch": 1, "steps": 100, "seed": 42, "baseline": {"compile_s": 62.398524965159595, "temporary_bytes": 119000, "samples_s": [0.14086835691705346, 0.140502069843933, 0.14064607303589582, 0.1405909601598978, 0.14044042606838048, 0.14053190196864307, 0.1404891258571297], "median_s": 0.14053190196864307, "env_steps_per_s": 711.582200191904}, "candidate": {"compile_s": 42.54885719995946, "temporary_bytes": 119000, "samples_s": [0.14063471998088062, 0.1404435751028359, 0.14052750705741346, 0.1402372349984944, 0.14046789100393653, 0.14029416698031127, 0.14059763285331428], "median_s": 0.14046789100393653, "env_steps_per_s": 711.9064669177496}, "speedup": 1.0004556981972823}
{"candidate_name": "production", "game": "limerick", "level": 0, "batch": 1, "steps": 100, "seed": 1042, "baseline": {"compile_s": 62.398524965159595, "temporary_bytes": 119000, "samples_s": [0.14002915401943028, 0.1398591110482812, 0.13974989112466574, 0.14006018498912454, 0.13992446311749518, 0.13990440987981856, 0.1397540660109371], "median_s": 0.13990440987981856, "env_steps_per_s": 714.7737522062566}, "candidate": {"compile_s": 42.54885719995946, "temporary_bytes": 119000, "samples_s": [0.13993601710535586, 0.14001560187898576, 0.13996244315057993, 0.13986189384013414, 0.1401350200176239, 0.13984128087759018, 0.14001329289749265], "median_s": 0.13996244315057993, "env_steps_per_s": 714.4773822818601}, "speedup": 0.9995853654062116}
production/baseline: limerick level=0 batch=256
Writing pretty tree to /scratch/se2161/puzzlejax-perf-20261002/round4-dispatch/data/pretty_trees/limerick
Parsed limerick successfully
production/candidate: limerick level=0 batch=256
Writing pretty tree to /scratch/se2161/puzzlejax-perf-20261002/round4-dispatch/data/pretty_trees/limerick
Parsed limerick successfully
{"candidate_name": "production", "game": "limerick", "level": 0, "batch": 256, "steps": 100, "seed": 42, "baseline": {"compile_s": 41.540980933001265, "temporary_bytes": 20359128, "samples_s": [0.2370157688856125, 0.2368412830401212, 0.23701200308278203, 0.23742410214617848, 0.23724391916766763, 0.23756664409302175, 0.23742930707521737], "median_s": 0.23724391916766763, "env_steps_per_s": 107905.82152669501}, "candidate": {"compile_s": 31.208484245929867, "temporary_bytes": 20358616, "samples_s": [0.23814748413860798, 0.23802252486348152, 0.2381934397853911, 0.23807395505718887, 0.23886615596711636, 0.23871353105641901, 0.23903924296610057], "median_s": 0.2381934397853911, "env_steps_per_s": 107475.67197092093}, "speedup": 0.9960136575609346}
{"candidate_name": "production", "game": "limerick", "level": 0, "batch": 256, "steps": 100, "seed": 1042, "baseline": {"compile_s": 41.540980933001265, "temporary_bytes": 20359128, "samples_s": [0.24173290701583028, 0.24202357209287584, 0.24166574887931347, 0.24160229694098234, 0.24141317699104548, 0.24186372011899948, 0.2412093209568411], "median_s": 0.24166574887931347, "env_steps_per_s": 105931.4367828951}, "candidate": {"compile_s": 31.208484245929867, "temporary_bytes": 20358616, "samples_s": [0.242836135905236, 0.24270622991025448, 0.24461525003425777, 0.24292410002090037, 0.24302313197404146, 0.24275633203797042, 0.2429051089566201], "median_s": 0.2429051089566201, "env_steps_per_s": 105390.94920630858}, "speedup": 0.994897760353291}
production/baseline: limerick level=0 batch=4096
Writing pretty tree to /scratch/se2161/puzzlejax-perf-20261002/round4-dispatch/data/pretty_trees/limerick
Parsed limerick successfully
E1005 00:23:25.958551 3292344 slow_operation_alarm.cc:73] Constant folding an instruction is taking > 1s:

  %transpose.1192 = pred[32,4096,15,19]{0,3,2,1} transpose(%constant.17257), dimensions={0,1,2,3}, metadata={op_name="jit(rollout)/while/body/closed_call/vmap(jit(step))/jit(step_env)/jit(tick_fn)/cond/jit(rollout)/while/body/closed_call/vmap(jit(step))/jit(step_env)/jit(tick_fn)/cond/branch_1_fun/while/body/while/body/vmap(vmap())/scatter" stack_frame_id=294}

This isn't necessarily a bug; constant-folding is inherently a trade-off between compilation time and speed at runtime. XLA has some guards that attempt to keep constant folding from taking too long, but fundamentally you'll always be able to come up with an input program that takes a long time.

If you'd like to file a bug, run with envvar XLA_FLAGS=--xla_dump_to=/tmp/foo and attach the results.
E1005 00:23:26.046932 3291889 slow_operation_alarm.cc:140] The operation took 1.088481785s
Constant folding an instruction is taking > 1s:

  %transpose.1192 = pred[32,4096,15,19]{0,3,2,1} transpose(%constant.17257), dimensions={0,1,2,3}, metadata={op_name="jit(rollout)/while/body/closed_call/vmap(jit(step))/jit(step_env)/jit(tick_fn)/cond/jit(rollout)/while/body/closed_call/vmap(jit(step))/jit(step_env)/jit(tick_fn)/cond/branch_1_fun/while/body/while/body/vmap(vmap())/scatter" stack_frame_id=294}

This isn't necessarily a bug; constant-folding is inherently a trade-off between compilation time and speed at runtime. XLA has some guards that attempt to keep constant folding from taking too long, but fundamentally you'll always be able to come up with an input program that takes a long time.

If you'd like to file a bug, run with envvar XLA_FLAGS=--xla_dump_to=/tmp/foo and attach the results.
production/candidate: limerick level=0 batch=4096
Writing pretty tree to /scratch/se2161/puzzlejax-perf-20261002/round4-dispatch/data/pretty_trees/limerick
Parsed limerick successfully
{"candidate_name": "production", "game": "limerick", "level": 0, "batch": 4096, "steps": 100, "seed": 42, "baseline": {"compile_s": 46.871946391882375, "temporary_bytes": 313169624, "samples_s": [1.2959598370362073, 1.2970273129176348, 1.2959949269425124, 1.2977983229793608, 1.2962355259805918, 1.29720357991755, 1.2962941769510508], "median_s": 1.2962941769510508, "env_steps_per_s": 315977.65945643594}, "candidate": {"compile_s": 37.54721617791802, "temporary_bytes": 313169112, "samples_s": [1.3032278059981763, 1.2987279288936406, 1.3048386489972472, 1.2989236689172685, 1.299796535866335, 1.3003946801181883, 1.3000094210729003], "median_s": 1.3000094210729003, "env_steps_per_s": 315074.63973757694}, "speedup": 0.9971421406171169}
{"candidate_name": "production", "game": "limerick", "level": 0, "batch": 4096, "steps": 100, "seed": 1042, "baseline": {"compile_s": 46.871946391882375, "temporary_bytes": 313169624, "samples_s": [1.2993297909852117, 1.2988908481784165, 1.2996083330363035, 1.2992209938820451, 1.2989810172002763, 1.2990964450873435, 1.2990950872190297], "median_s": 1.2990964450873435, "env_steps_per_s": 315296.0671618657}, "candidate": {"compile_s": 37.54721617791802, "temporary_bytes": 313169112, "samples_s": [1.3003762669395655, 1.3026526011526585, 1.3010761910118163, 1.30248304316774, 1.3005334679037333, 1.3027762530837208, 1.3005964769981802], "median_s": 1.3010761910118163, "env_steps_per_s": 314816.3057856464}, "speedup": 0.9984783781778889}
