production/baseline: Take_Heart_Lass level=0 batch=1
Writing pretty tree to /scratch/se2161/puzzlejax-perf-20261002/round4-dispatch/data/pretty_trees/Take_Heart_Lass
Parsed Take_Heart_Lass successfully
Object newdespair appears multiple times in collision layers.
production/candidate: Take_Heart_Lass level=0 batch=1
Writing pretty tree to /scratch/se2161/puzzlejax-perf-20261002/round4-dispatch/data/pretty_trees/Take_Heart_Lass
Parsed Take_Heart_Lass successfully
Object newdespair appears multiple times in collision layers.
{"candidate_name": "production", "game": "Take_Heart_Lass", "level": 0, "batch": 1, "steps": 100, "seed": 42, "baseline": {"compile_s": 142.93195386510342, "temporary_bytes": 191256, "samples_s": [0.29644454806111753, 0.29606280685402453, 0.2962543049361557, 0.296380554093048, 0.2963548297993839, 0.29697367106564343, 0.30278701102361083], "median_s": 0.296380554093048, "env_steps_per_s": 337.4040523880161}, "candidate": {"compile_s": 117.39964191894978, "temporary_bytes": 191256, "samples_s": [0.2963260861579329, 0.2967497210483998, 0.29649497102946043, 0.29633980989456177, 0.297194039914757, 0.29742552107200027, 0.298702672123909], "median_s": 0.2967497210483998, "env_steps_per_s": 336.98431003306666}, "speedup": 0.9987559652826375}
{"candidate_name": "production", "game": "Take_Heart_Lass", "level": 0, "batch": 1, "steps": 100, "seed": 1042, "baseline": {"compile_s": 142.93195386510342, "temporary_bytes": 191256, "samples_s": [0.3001156921964139, 0.30045019485987723, 0.29990234412252903, 0.3021955459844321, 0.29980564792640507, 0.29933538008481264, 0.29922270006500185], "median_s": 0.29990234412252903, "env_steps_per_s": 333.44187519635955}, "candidate": {"compile_s": 117.39964191894978, "temporary_bytes": 191256, "samples_s": [0.3010244960896671, 0.3001839220523834, 0.30625518900342286, 0.30127428309060633, 0.3004527718294412, 0.30025047017261386, 0.3002667489927262], "median_s": 0.3004527718294412, "env_steps_per_s": 332.8310116465401}, "speedup": 0.9981680058947014}
production/baseline: Take_Heart_Lass level=0 batch=256
Writing pretty tree to /scratch/se2161/puzzlejax-perf-20261002/round4-dispatch/data/pretty_trees/Take_Heart_Lass
Parsed Take_Heart_Lass successfully
Object newdespair appears multiple times in collision layers.
production/candidate: Take_Heart_Lass level=0 batch=256
Writing pretty tree to /scratch/se2161/puzzlejax-perf-20261002/round4-dispatch/data/pretty_trees/Take_Heart_Lass
Parsed Take_Heart_Lass successfully
Object newdespair appears multiple times in collision layers.
{"candidate_name": "production", "game": "Take_Heart_Lass", "level": 0, "batch": 256, "steps": 100, "seed": 42, "baseline": {"compile_s": 121.76456918404438, "temporary_bytes": 3807192, "samples_s": [0.40276546007953584, 0.40392033103853464, 0.4102018259000033, 0.4047342389822006, 0.4042636768426746, 0.4038455248810351, 0.4035656738560647], "median_s": 0.40392033103853464, "env_steps_per_s": 63378.83496524893}, "candidate": {"compile_s": 104.38168186298572, "temporary_bytes": 3806680, "samples_s": [0.40553949610330164, 0.4054626680444926, 0.4076450120192021, 0.40590796689502895, 0.4070941200479865, 0.4062280720099807, 0.40630000992678106], "median_s": 0.4062280720099807, "env_steps_per_s": 63018.786154618654}, "speedup": 0.9943191002039137}
{"candidate_name": "production", "game": "Take_Heart_Lass", "level": 0, "batch": 256, "steps": 100, "seed": 1042, "baseline": {"compile_s": 121.76456918404438, "temporary_bytes": 3807192, "samples_s": [0.4016029618214816, 0.40171890100464225, 0.4061452648602426, 0.4012723888736218, 0.4005003578495234, 0.40061790216714144, 0.401124679017812], "median_s": 0.4012723888736218, "env_steps_per_s": 63797.0633161669}, "candidate": {"compile_s": 104.38168186298572, "temporary_bytes": 3806680, "samples_s": [0.40521004097536206, 0.4041068060323596, 0.40503714699298143, 0.4032311940100044, 0.4039175671059638, 0.4040418511722237, 0.4042462899815291], "median_s": 0.4041068060323596, "env_steps_per_s": 63349.58881625476}, "speedup": 0.9929859702523526}
production/baseline: Take_Heart_Lass level=0 batch=4096
Writing pretty tree to /scratch/se2161/puzzlejax-perf-20261002/round4-dispatch/data/pretty_trees/Take_Heart_Lass
Parsed Take_Heart_Lass successfully
Object newdespair appears multiple times in collision layers.
production/candidate: Take_Heart_Lass level=0 batch=4096
Writing pretty tree to /scratch/se2161/puzzlejax-perf-20261002/round4-dispatch/data/pretty_trees/Take_Heart_Lass
Parsed Take_Heart_Lass successfully
Object newdespair appears multiple times in collision layers.
{"candidate_name": "production", "game": "Take_Heart_Lass", "level": 0, "batch": 4096, "steps": 100, "seed": 42, "baseline": {"compile_s": 118.49335888889618, "temporary_bytes": 63013848, "samples_s": [0.6403703200630844, 0.6385293530765921, 0.6375302558299154, 0.6379402601160109, 0.6368803570512682, 0.6374670981895179, 0.6374994129873812], "median_s": 0.6375302558299154, "env_steps_per_s": 642479.3117728923}, "candidate": {"compile_s": 107.9232528868597, "temporary_bytes": 63013848, "samples_s": [0.6367915410082787, 0.6370710898190737, 0.6372814949136227, 0.6370639740489423, 0.6365486590657383, 0.637316512176767, 0.6373931840062141], "median_s": 0.6370710898190737, "env_steps_per_s": 642942.3757344336}, "speedup": 1.0007207453268239}
{"candidate_name": "production", "game": "Take_Heart_Lass", "level": 0, "batch": 4096, "steps": 100, "seed": 1042, "baseline": {"compile_s": 118.49335888889618, "temporary_bytes": 63013848, "samples_s": [0.644101178040728, 0.6390023389831185, 0.6378058190457523, 0.642407621955499, 0.6381014978978783, 0.6379331569187343, 0.6380480881780386], "median_s": 0.6381014978978783, "env_steps_per_s": 641904.1505925949}, "candidate": {"compile_s": 107.9232528868597, "temporary_bytes": 63013848, "samples_s": [0.6393248080275953, 0.6370355770923197, 0.6374897740315646, 0.6364328630734235, 0.639390701893717, 0.6368484618142247, 0.6374163888394833], "median_s": 0.6374163888394833, "env_steps_per_s": 642594.0831953523}, "speedup": 1.0010748218439165}
