production/baseline: Travelling_salesman level=0 batch=1
Writing pretty tree to /scratch/se2161/puzzlejax-perf-20261002/round4-dispatch/data/pretty_trees/Travelling_salesman
Parsed Travelling_salesman successfully
production/candidate: Travelling_salesman level=0 batch=1
Writing pretty tree to /scratch/se2161/puzzlejax-perf-20261002/round4-dispatch/data/pretty_trees/Travelling_salesman
Parsed Travelling_salesman successfully
{"candidate_name": "production", "game": "Travelling_salesman", "level": 0, "batch": 1, "steps": 100, "seed": 42, "baseline": {"compile_s": 35.07314863288775, "temporary_bytes": 41944, "samples_s": [0.06278901407495141, 0.06278339005075395, 0.0628432931844145, 0.0629316980484873, 0.0626022710930556, 0.06267166906036437, 0.06266883504576981], "median_s": 0.06278339005075395, "env_steps_per_s": 1592.7779611639357}, "candidate": {"compile_s": 28.268961378838867, "temporary_bytes": 41944, "samples_s": [0.06312902388162911, 0.0628207519184798, 0.062992769991979, 0.06292595691047609, 0.06292291008867323, 0.06268172501586378, 0.06277875206433237], "median_s": 0.06292291008867323, "env_steps_per_s": 1589.2462675212637}, "speedup": 0.9977826830049236}
{"candidate_name": "production", "game": "Travelling_salesman", "level": 0, "batch": 1, "steps": 100, "seed": 1042, "baseline": {"compile_s": 35.07314863288775, "temporary_bytes": 41944, "samples_s": [0.061906264163553715, 0.06183079304173589, 0.06173393689095974, 0.06184244016185403, 0.061715851072221994, 0.062029399909079075, 0.06186763499863446], "median_s": 0.06184244016185403, "env_steps_per_s": 1617.0125198533565}, "candidate": {"compile_s": 28.268961378838867, "temporary_bytes": 41944, "samples_s": [0.061946744099259377, 0.061925136018544436, 0.06205617100931704, 0.061915740137919784, 0.062036921037361026, 0.0619503129273653, 0.06200793688185513], "median_s": 0.0619503129273653, "env_steps_per_s": 1614.1968502604127}, "speedup": 0.9982587212168282}
production/baseline: Travelling_salesman level=0 batch=256
Writing pretty tree to /scratch/se2161/puzzlejax-perf-20261002/round4-dispatch/data/pretty_trees/Travelling_salesman
Parsed Travelling_salesman successfully
production/candidate: Travelling_salesman level=0 batch=256
Writing pretty tree to /scratch/se2161/puzzlejax-perf-20261002/round4-dispatch/data/pretty_trees/Travelling_salesman
Parsed Travelling_salesman successfully
{"candidate_name": "production", "game": "Travelling_salesman", "level": 0, "batch": 256, "steps": 100, "seed": 42, "baseline": {"compile_s": 26.388855677098036, "temporary_bytes": 1320920, "samples_s": [0.11654413398355246, 0.11639406206086278, 0.11633729189634323, 0.11652808403596282, 0.11653739307075739, 0.11639930889941752, 0.11647927202284336], "median_s": 0.11647927202284336, "env_steps_per_s": 219781.5933720761}, "candidate": {"compile_s": 22.51797818997875, "temporary_bytes": 1320408, "samples_s": [0.1180488399695605, 0.11760408408008516, 0.11782911606132984, 0.1176516548730433, 0.11796475597657263, 0.11770245106890798, 0.11783603788353503], "median_s": 0.11782911606132984, "env_steps_per_s": 217263.7872177132}, "speedup": 0.9885440535955147}
{"candidate_name": "production", "game": "Travelling_salesman", "level": 0, "batch": 256, "steps": 100, "seed": 1042, "baseline": {"compile_s": 26.388855677098036, "temporary_bytes": 1320920, "samples_s": [0.11611495795659721, 0.11603639693930745, 0.11609320784918964, 0.11583092203363776, 0.11600846401415765, 0.11614042799919844, 0.11577692511491477], "median_s": 0.11603639693930745, "env_steps_per_s": 220620.43182355977}, "candidate": {"compile_s": 22.51797818997875, "temporary_bytes": 1320408, "samples_s": [0.11719241691753268, 0.11703874007798731, 0.11748176719993353, 0.11700042407028377, 0.11715843109413981, 0.11696068104356527, 0.11715112393721938], "median_s": 0.11715112393721938, "env_steps_per_s": 218521.16428450908}, "speedup": 0.9904847093186293}
production/baseline: Travelling_salesman level=0 batch=4096
Writing pretty tree to /scratch/se2161/puzzlejax-perf-20261002/round4-dispatch/data/pretty_trees/Travelling_salesman
Parsed Travelling_salesman successfully
production/candidate: Travelling_salesman level=0 batch=4096
Writing pretty tree to /scratch/se2161/puzzlejax-perf-20261002/round4-dispatch/data/pretty_trees/Travelling_salesman
Parsed Travelling_salesman successfully
{"candidate_name": "production", "game": "Travelling_salesman", "level": 0, "batch": 4096, "steps": 100, "seed": 42, "baseline": {"compile_s": 25.67418919992633, "temporary_bytes": 21361880, "samples_s": [0.15972359804436564, 0.16049045301042497, 0.15932979411445558, 0.15970246796496212, 0.15939847100526094, 0.15918031497858465, 0.15924572385847569], "median_s": 0.15939847100526094, "env_steps_per_s": 2569660.7841770397}, "candidate": {"compile_s": 23.496047687949613, "temporary_bytes": 21361368, "samples_s": [0.1592680811882019, 0.16502785705961287, 0.15978439594618976, 0.15927119692787528, 0.15933224116452038, 0.15915365400724113, 0.15942204999737442], "median_s": 0.15933224116452038, "env_steps_per_s": 2570728.9184306567}, "speedup": 1.000415671305798}
{"candidate_name": "production", "game": "Travelling_salesman", "level": 0, "batch": 4096, "steps": 100, "seed": 1042, "baseline": {"compile_s": 25.67418919992633, "temporary_bytes": 21361880, "samples_s": [0.1593271349556744, 0.15905061201192439, 0.1587885890621692, 0.15915282489731908, 0.15916569903492928, 0.15900801098905504, 0.15904374094679952], "median_s": 0.15905061201192439, "env_steps_per_s": 2575280.87958122}, "candidate": {"compile_s": 23.496047687949613, "temporary_bytes": 21361368, "samples_s": [0.15913854306563735, 0.15914241992868483, 0.1594796311110258, 0.15907951211556792, 0.1590517049189657, 0.1589129609055817, 0.15897589712403715], "median_s": 0.15907951211556792, "env_steps_per_s": 2574813.026220713}, "speedup": 0.999818329191112}
