production/baseline: sokoban_basic level=0 batch=1
Writing pretty tree to /scratch/se2161/puzzlejax-perf-20261002/round4-dispatch/data/pretty_trees/sokoban_basic
Parsed sokoban_basic successfully
production/candidate: sokoban_basic level=0 batch=1
Writing pretty tree to /scratch/se2161/puzzlejax-perf-20261002/round4-dispatch/data/pretty_trees/sokoban_basic
Parsed sokoban_basic successfully
{"candidate_name": "production", "game": "sokoban_basic", "level": 0, "batch": 1, "steps": 100, "seed": 42, "baseline": {"compile_s": 10.345720673911273, "temporary_bytes": 20440, "samples_s": [0.03671375988051295, 0.03662484185770154, 0.03664909885264933, 0.03668929589912295, 0.03671893896535039, 0.036656135926023126, 0.03662173496559262], "median_s": 0.036656135926023126, "env_steps_per_s": 2728.0562305261274}, "candidate": {"compile_s": 8.526470662094653, "temporary_bytes": 20440, "samples_s": [0.037178703816607594, 0.037222068989649415, 0.03740791114978492, 0.037194748874753714, 0.03729920694604516, 0.03734805295243859, 0.03738335589878261], "median_s": 0.03729920694604516, "env_steps_per_s": 2681.0221500058733}, "speedup": 0.9827591235129406}
{"candidate_name": "production", "game": "sokoban_basic", "level": 0, "batch": 1, "steps": 100, "seed": 1042, "baseline": {"compile_s": 10.345720673911273, "temporary_bytes": 20440, "samples_s": [0.0380767488386482, 0.037944234907627106, 0.03798110503703356, 0.03797988290898502, 0.037984875962138176, 0.038168092956766486, 0.03802689793519676], "median_s": 0.037984875962138176, "env_steps_per_s": 2632.626735432177}, "candidate": {"compile_s": 8.526470662094653, "temporary_bytes": 20440, "samples_s": [0.03873880999162793, 0.038458919851109385, 0.0386358720716089, 0.03859741101041436, 0.0385112389922142, 0.038496895926073194, 0.038525654934346676], "median_s": 0.038525654934346676, "env_steps_per_s": 2595.6729397699937}, "speedup": 0.9859631465544176}
production/baseline: sokoban_basic level=0 batch=256
Writing pretty tree to /scratch/se2161/puzzlejax-perf-20261002/round4-dispatch/data/pretty_trees/sokoban_basic
Parsed sokoban_basic successfully
production/candidate: sokoban_basic level=0 batch=256
Writing pretty tree to /scratch/se2161/puzzlejax-perf-20261002/round4-dispatch/data/pretty_trees/sokoban_basic
Parsed sokoban_basic successfully
{"candidate_name": "production", "game": "sokoban_basic", "level": 0, "batch": 256, "steps": 100, "seed": 42, "baseline": {"compile_s": 11.147358868038282, "temporary_bytes": 1379544, "samples_s": [0.09643387980759144, 0.09648160799406469, 0.09642819291912019, 0.09643871081061661, 0.09661240899004042, 0.09655734314583242, 0.09648281382396817], "median_s": 0.09648160799406469, "env_steps_per_s": 265335.5445897507}, "candidate": {"compile_s": 8.23337181005627, "temporary_bytes": 1379032, "samples_s": [0.09645914612337947, 0.09639150300063193, 0.09648659802041948, 0.0965904388576746, 0.09645354002714157, 0.09636573609896004, 0.09636821900494397], "median_s": 0.09645354002714157, "env_steps_per_s": 265412.75719684607}, "speedup": 1.0002909998628897}
{"candidate_name": "production", "game": "sokoban_basic", "level": 0, "batch": 256, "steps": 100, "seed": 1042, "baseline": {"compile_s": 11.147358868038282, "temporary_bytes": 1379544, "samples_s": [0.09694836591370404, 0.0968062540050596, 0.09687948902137578, 0.0968845549505204, 0.09674841305240989, 0.09672158607281744, 0.09680787194520235], "median_s": 0.09680787194520235, "env_steps_per_s": 264441.3050881933}, "candidate": {"compile_s": 8.23337181005627, "temporary_bytes": 1379032, "samples_s": [0.09683517715893686, 0.09683577483519912, 0.09685696405358613, 0.0967527530156076, 0.09666079212911427, 0.0965629038400948, 0.09684941312298179], "median_s": 0.09683517715893686, "env_steps_per_s": 264366.7389380863}, "speedup": 0.9997180238159766}
production/baseline: sokoban_basic level=0 batch=4096
Writing pretty tree to /scratch/se2161/puzzlejax-perf-20261002/round4-dispatch/data/pretty_trees/sokoban_basic
Parsed sokoban_basic successfully
production/candidate: sokoban_basic level=0 batch=4096
Writing pretty tree to /scratch/se2161/puzzlejax-perf-20261002/round4-dispatch/data/pretty_trees/sokoban_basic
Parsed sokoban_basic successfully
{"candidate_name": "production", "game": "sokoban_basic", "level": 0, "batch": 4096, "steps": 100, "seed": 42, "baseline": {"compile_s": 11.921347935916856, "temporary_bytes": 23963352, "samples_s": [0.1400548880919814, 0.1401616029907018, 0.14003137522377074, 0.1400927728973329, 0.14007136807776988, 0.14005793794058263, 0.14020811906084418], "median_s": 0.14007136807776988, "env_steps_per_s": 2924223.598448639}, "candidate": {"compile_s": 8.938921710010618, "temporary_bytes": 24257752, "samples_s": [0.1366889060009271, 0.13686025305651128, 0.13688469305634499, 0.13683596602641046, 0.136895886156708, 0.13666735193692148, 0.1370673500932753], "median_s": 0.13686025305651128, "env_steps_per_s": 2992833.8641232173}, "speedup": 1.0234627289482847}
{"candidate_name": "production", "game": "sokoban_basic", "level": 0, "batch": 4096, "steps": 100, "seed": 1042, "baseline": {"compile_s": 11.921347935916856, "temporary_bytes": 23963352, "samples_s": [0.1399741000495851, 0.13999339193105698, 0.13998302607797086, 0.14001771993935108, 0.14002443989738822, 0.14003489119932055, 0.14004832599312067], "median_s": 0.14001771993935108, "env_steps_per_s": 2925344.0220096353}, "candidate": {"compile_s": 8.938921710010618, "temporary_bytes": 24257752, "samples_s": [0.1368515018839389, 0.1367534240707755, 0.13672016514465213, 0.13666215096600354, 0.136855955934152, 0.13665671390481293, 0.1367480531334877], "median_s": 0.1367480531334877, "env_steps_per_s": 2995289.443720019}, "speedup": 1.0239101525099714}
