Writing pretty tree to /tmp/puzzlejax-complex-20261007/data/pretty_trees/Unconventional_Guns
Parsed Unconventional_Guns successfully
Object zombieplayeru appears multiple times in collision layers.
Object zombieplayerd appears multiple times in collision layers.
Object zombieplayerl appears multiple times in collision layers.
Object zombieplayerr appears multiple times in collision layers.
ERROR:2026-10-07 02:18:07,597:jax._src.xla_bridge:491: Jax plugin configuration error: Exception when calling jax_plugins.xla_cuda12.initialize()
Traceback (most recent call last):
  File "/home/jupyter-smearle/script-doctor/.venv/lib/python3.13/site-packages/jax/_src/xla_bridge.py", line 489, in discover_pjrt_plugins
    plugin_module.initialize()
    ~~~~~~~~~~~~~~~~~~~~~~~~^^
  File "/home/jupyter-smearle/script-doctor/.venv/lib/python3.13/site-packages/jax_plugins/xla_cuda12/__init__.py", line 328, in initialize
    _check_cuda_versions(raise_on_first_error=True)
    ~~~~~~~~~~~~~~~~~~~~^^^^^^^^^^^^^^^^^^^^^^^^^^^
  File "/home/jupyter-smearle/script-doctor/.venv/lib/python3.13/site-packages/jax_plugins/xla_cuda12/__init__.py", line 285, in _check_cuda_versions
    local_device_count = cuda_versions.cuda_device_count()
RuntimeError: jaxlib/cuda/versions_helpers.cc:113: operation cuInit(0) failed: CUDA_ERROR_NO_DEVICE
Name zombieplayer, referred to in a rule, does not exist.
Name zombieplayer, referred to in a rule, does not exist.
Name zombieplayer, referred to in a rule, does not exist.
Name zombieplayer, referred to in a rule, does not exist.
Name zombieplayer, referred to in a rule, does not exist.
Name zombieplayer, referred to in a rule, does not exist.
Name zombieplayer, referred to in a rule, does not exist.
Name zombieplayer, referred to in a rule, does not exist.
Name zombieplayer, referred to in a rule, does not exist.
Name zombieplayer, referred to in a rule, does not exist.
{"game": "Unconventional_Guns", "objects": 75, "layers": 13, "level_shape": [75, 8, 7], "compiled_sha256": "84d6ed93e7851e6da726eaaee6e373613941e055fa4eadb6c8348844521ac4c9", "source_sha256": "4185bdaadd079d1248b00d903112050a75640ff03aab328b9d3f7e377da77ff2", "compiled_rules": 248, "compiled_groups": 112, "loop_points": 0, "source_rules": 112, "multirow_rules": 70, "max_pattern_rows": 3, "ellipsis_rules": 4, "max_pattern_span": 4, "board_cells": 56, "force_channels": 65, "jax_rule_functions": 201, "jax_rule_groups": 102}
